<html>
<body>
<pre>
<h1>礦ision Build Log</h1>
<h2>Tool Versions:</h2>
IDE-Version: μVision V5.13.0.0
Copyright (C) 2014 ARM Ltd and ARM Germany GmbH. All rights reserved.
License Information: Cong Haixu, GM, LIC=LJWDY-I87UV-LTX3E-5S7FD-I6FJX-3UQUM
 
Tool Versions:
Toolchain:       MDK-ARM Professional  Version: 5.13.0.0
Toolchain Path:  d:\Keil_v5\ARM\ARMCC\Bin
C Compiler:      Armcc.exe V5.05 update 1 (build 106)
Assembler:       Armasm.exe V5.05 update 1 (build 106)
Linker/Locator:  ArmLink.exe V5.05 update 1 (build 106)
Library Manager: ArmAr.exe V5.05 update 1 (build 106)
Hex Converter:   FromElf.exe V5.05 update 1 (build 106)
CPU DLL:         SARM.DLL V5.13.0.0
Dialog DLL:      DARMST.DLL V1.15
Target DLL:      H-JTAG\HJARM.dll VV3.0
Dialog DLL:      TARMST.DLL V1.14
 
<h2>Project:</h2>
F:\WORK\F300\150706 04c2_ARM 升级版 机电实验 刷新队列等\MDK_Prj\GM8804C-2_ARM.uvproj
Project File Date:  08/24/2015

<h2>Output:</h2>
Rebuild target 'GM8804C-2_ARM'
compiling main.c...
compiling Adaptation.c...
compiling ADtoWeight.c...
compiling BatchState.c...
compiling CalibState.c...
compiling DebugState.c...
compiling DisplayAndKey.c...
compiling IO.c...
compiling Kalman.c...
compiling MathLogic.c...
compiling Modbus.c...
compiling Parameter.c...
compiling PrintState.c...
compiling PROFIBUS_DP.c...
compiling Recipe.c...
compiling RunState.c...
compiling StopAndRunState.c...
compiling SetupState.c...
compiling Sum.c...
compiling ShutdownState.c...
compiling TimeAndDate.c...
compiling UART.c...
compiling AD.c...
compiling Buzzer.c...
compiling F_RAM.c...
compiling RTC.c...
compiling Timer.c...
compiling UserLib.c...
compiling VFD.c...
compiling 71x_it.c...
compiling 71x_adc12.c...
compiling 71x_apb.c...
compiling 71x_bspi.c...
compiling 71x_can.c...
compiling 71x_eic.c...
compiling 71x_emi.c...
compiling 71x_gpio.c...
compiling 71x_i2c.c...
compiling 71x_lib.c...
compiling 71x_pcu.c...
compiling 71x_rccu.c...
compiling 71x_rtc.c...
compiling 71x_tim.c...
compiling 71x_uart.c...
compiling 71x_wdg.c...
compiling 71x_xti.c...
assembling STR71x.s...
assembling DAbt.s...
assembling FIQ.s...
assembling IRQ.s...
assembling PAbt.s...
assembling SWI.s...
assembling Undef.s...
linking...
Program Size: Code=147184 RO-data=24928 RW-data=1252 ZI-data=9588  
After Build - User command #1: fromelf.exe --bin --output ./bin/GM8804C-2_ARM未合并BootLoader.bin ./output/GM8804C-2_ARM.axf
".\output\GM8804C-2_ARM.axf" - 0 Error(s), 0 Warning(s).
</pre>
</body>
</html>
