<!doctype html public "-//w3c//dtd html 4.0 transitional//en">
<html><head>
<title>Static Call Graph - [.\output\GM8804C-2_ARM.axf]</title></head>
<body><HR>
<H1>Static Call Graph for image .\output\GM8804C-2_ARM.axf</H1><HR>
<BR><P>#&#060CALLGRAPH&#062# ARM Linker, 5050106: Last Updated: Wed Sep 02 16:25:13 2015
<BR><P>
<H3>Maximum Stack Usage =        608 bytes + Unknown(Functions without stacksize, Cycles, Untraceable Function Pointers)</H3><H3>
Call chain for Maximum Stack Depth:</H3>
main &rArr; WorkStateDeal &rArr; Key_StopState &rArr; Key_DebugState &rArr; Debug_UartJudgeDeal &rArr; Com_Modbus &rArr; ModBus_Write_2Byte &rArr; ModBus_Write_2ByteDeal &rArr; Reset_IoDef &rArr; FRAM_WriteDW &rArr; FRAM_BPHALF &rArr; FRAM_Write_SR &rArr; FRAM_SendByte
<P>
<H3>
Functions with no stack information
</H3><UL>
 <LI><a href="#[30]">Vectors</a>
 <LI><a href="#[2e]">Reset_Handler</a>
 <LI><a href="#[24b]">__user_initial_stackheap</a>
 <LI><a href="#[8]">DAbtHandler</a>
 <LI><a href="#[a]">FIQHandler</a>
 <LI><a href="#[9]">IRQHandler</a>
 <LI><a href="#[b]">T0TIMIIRQHandler</a>
 <LI><a href="#[c]">FLASHIRQHandler</a>
 <LI><a href="#[d]">RCCUIRQHandler</a>
 <LI><a href="#[e]">RTCIRQHandler</a>
 <LI><a href="#[f]">WDGIRQHandler</a>
 <LI><a href="#[10]">XTIIRQHandler</a>
 <LI><a href="#[11]">USBHPIRQHandler</a>
 <LI><a href="#[12]">I2C0ITERRIRQHandler</a>
 <LI><a href="#[13]">I2C1ITERRIRQHandler</a>
 <LI><a href="#[14]">UART0IRQHandler</a>
 <LI><a href="#[15]">UART1IRQHandler</a>
 <LI><a href="#[16]">UART2IRQHandler</a>
 <LI><a href="#[17]">UART3IRQHandler</a>
 <LI><a href="#[18]">BSPI0IRQHandler</a>
 <LI><a href="#[19]">BSPI1IRQHandler</a>
 <LI><a href="#[1a]">I2C0IRQHandler</a>
 <LI><a href="#[1b]">I2C1IRQHandler</a>
 <LI><a href="#[1c]">CANIRQHandler</a>
 <LI><a href="#[1d]">ADC12IRQHandler</a>
 <LI><a href="#[1e]">T1TIMIIRQHandler</a>
 <LI><a href="#[1f]">T2TIMIIRQHandler</a>
 <LI><a href="#[20]">T3TIMIIRQHandler</a>
 <LI><a href="#[21]">HDLCIRQHandler</a>
 <LI><a href="#[22]">USBLPIRQHandler</a>
 <LI><a href="#[23]">T0TOIIRQHandler</a>
 <LI><a href="#[24]">T0OC1IRQHandler</a>
 <LI><a href="#[25]">T0OC2IRQHandler</a>
 <LI><a href="#[7]">PAbtHandler</a>
 <LI><a href="#[6]">SWIHandler</a>
 <LI><a href="#[5]">UndefHandler</a>
 <LI><a href="#[2d]">ReturnAddress</a>
</UL>
</UL>
<P>
<H3>
Mutually Recursive functions
</H3> <LI><a href="#[1be]">Save_SumData</a>&nbsp;&nbsp;&nbsp;&rArr;&nbsp;&nbsp;&nbsp;<a href="#[da]">ClrSum</a><BR>
 <LI><a href="#[118]">RunStopInit</a>&nbsp;&nbsp;&nbsp;&rArr;&nbsp;&nbsp;&nbsp;<a href="#[120]">Clr_Alarm</a><BR>
 <LI><a href="#[230]">Abort_Handler</a>&nbsp;&nbsp;&nbsp;&rArr;&nbsp;&nbsp;&nbsp;<a href="#[230]">Abort_Handler</a><BR>
 <LI><a href="#[22f]">Prefetch_Handler</a>&nbsp;&nbsp;&nbsp;&rArr;&nbsp;&nbsp;&nbsp;<a href="#[22f]">Prefetch_Handler</a><BR>
 <LI><a href="#[22e]">Undefined_Handler</a>&nbsp;&nbsp;&nbsp;&rArr;&nbsp;&nbsp;&nbsp;<a href="#[22e]">Undefined_Handler</a><BR>
</UL>
<P>
<H3>
Function Pointers
</H3><UL>
 <LI><a href="#[1d]">ADC12IRQHandler</a> from irq.o(IRQ) referenced from str71x.o(Reset)
 <LI><a href="#[18]">BSPI0IRQHandler</a> from irq.o(IRQ) referenced from str71x.o(Reset)
 <LI><a href="#[19]">BSPI1IRQHandler</a> from irq.o(IRQ) referenced from str71x.o(Reset)
 <LI><a href="#[29]">BuildCrc16</a> from modbus.o(.text) referenced from modbus.o(.text)
 <LI><a href="#[2b]">BuildLrc</a> from modbus.o(.text) referenced from modbus.o(.text)
 <LI><a href="#[1c]">CANIRQHandler</a> from irq.o(IRQ) referenced from str71x.o(Reset)
 <LI><a href="#[28]">CheckModBusCrc16</a> from modbus.o(.text) referenced from modbus.o(.text)
 <LI><a href="#[16f]">CheckModbusLrc</a> from modbus.o(.text) referenced from modbus.o(.text)
 <LI><a href="#[8]">DAbtHandler</a> from dabt.o(DAbt) referenced from str71x.o(Reset)
 <LI><a href="#[a]">FIQHandler</a> from fiq.o(FIQ) referenced from str71x.o(Reset)
 <LI><a href="#[c]">FLASHIRQHandler</a> from irq.o(IRQ) referenced from str71x.o(Reset)
 <LI><a href="#[21]">HDLCIRQHandler</a> from irq.o(IRQ) referenced from str71x.o(Reset)
 <LI><a href="#[1a]">I2C0IRQHandler</a> from irq.o(IRQ) referenced from str71x.o(Reset)
 <LI><a href="#[12]">I2C0ITERRIRQHandler</a> from irq.o(IRQ) referenced from str71x.o(Reset)
 <LI><a href="#[1b]">I2C1IRQHandler</a> from irq.o(IRQ) referenced from str71x.o(Reset)
 <LI><a href="#[13]">I2C1ITERRIRQHandler</a> from irq.o(IRQ) referenced from str71x.o(Reset)
 <LI><a href="#[9]">IRQHandler</a> from irq.o(IRQ) referenced from str71x.o(Reset)
 <LI><a href="#[2c]">Modbus_Send_ASCII</a> from modbus.o(.text) referenced from modbus.o(.text)
 <LI><a href="#[2a]">Modbus_Send_RTU</a> from modbus.o(.text) referenced from modbus.o(.text)
 <LI><a href="#[7]">PAbtHandler</a> from pabt.o(PAbt) referenced from str71x.o(Reset)
 <LI><a href="#[d]">RCCUIRQHandler</a> from irq.o(IRQ) referenced from str71x.o(Reset)
 <LI><a href="#[e]">RTCIRQHandler</a> from irq.o(IRQ) referenced from str71x.o(Reset)
 <LI><a href="#[2e]">Reset_Handler</a> from str71x.o(Reset) referenced from str71x.o(Reset)
 <LI><a href="#[2d]">ReturnAddress</a> from irq.o(IRQ) referenced from irq.o(IRQ)
 <LI><a href="#[6]">SWIHandler</a> from swi.o(SWI) referenced from str71x.o(Reset)
 <LI><a href="#[24]">T0OC1IRQHandler</a> from irq.o(IRQ) referenced from str71x.o(Reset)
 <LI><a href="#[25]">T0OC2IRQHandler</a> from irq.o(IRQ) referenced from str71x.o(Reset)
 <LI><a href="#[b]">T0TIMIIRQHandler</a> from irq.o(IRQ) referenced from str71x.o(Reset)
 <LI><a href="#[23]">T0TOIIRQHandler</a> from irq.o(IRQ) referenced from str71x.o(Reset)
 <LI><a href="#[1e]">T1TIMIIRQHandler</a> from irq.o(IRQ) referenced from str71x.o(Reset)
 <LI><a href="#[1f]">T2TIMIIRQHandler</a> from irq.o(IRQ) referenced from str71x.o(Reset)
 <LI><a href="#[20]">T3TIMIIRQHandler</a> from irq.o(IRQ) referenced from str71x.o(Reset)
 <LI><a href="#[14]">UART0IRQHandler</a> from irq.o(IRQ) referenced from str71x.o(Reset)
 <LI><a href="#[15]">UART1IRQHandler</a> from irq.o(IRQ) referenced from str71x.o(Reset)
 <LI><a href="#[16]">UART2IRQHandler</a> from irq.o(IRQ) referenced from str71x.o(Reset)
 <LI><a href="#[17]">UART3IRQHandler</a> from irq.o(IRQ) referenced from str71x.o(Reset)
 <LI><a href="#[11]">USBHPIRQHandler</a> from irq.o(IRQ) referenced from str71x.o(Reset)
 <LI><a href="#[22]">USBLPIRQHandler</a> from irq.o(IRQ) referenced from str71x.o(Reset)
 <LI><a href="#[5]">UndefHandler</a> from undef.o(Undef) referenced from str71x.o(Reset)
 <LI><a href="#[f]">WDGIRQHandler</a> from irq.o(IRQ) referenced from str71x.o(Reset)
 <LI><a href="#[10]">XTIIRQHandler</a> from irq.o(IRQ) referenced from str71x.o(Reset)
 <LI><a href="#[2f]">__main</a> from __main.o(!!!main) referenced from str71x.o(Reset)
 <LI><a href="#[27]">main</a> from main.o(.text) referenced from __rtentry2.o(.ARM.Collect$$rtentry$$0000000D)
</UL>
<P>
<H3>
Global Symbols
</H3>
<P><STRONG><a name="[30]"></a>Vectors</STRONG> (ARM, 4 bytes, Stack size unknown bytes, str71x.o(Reset), UNUSED, KEPT)

<P><STRONG><a name="[2e]"></a>Reset_Handler</STRONG> (ARM, 0 bytes, Stack size unknown bytes, str71x.o(Reset))

<P><STRONG><a name="[2f]"></a>__main</STRONG> (ARM, 8 bytes, Stack size 0 bytes, __main.o(!!!main))
<BR><BR>[Calls]<UL><LI><a href="#[31]">&gt;&gt;</a>&nbsp;&nbsp;&nbsp;__scatterload
<LI><a href="#[32]">&gt;&gt;</a>&nbsp;&nbsp;&nbsp;__rt_entry
</UL>

<P><STRONG><a name="[31]"></a>__scatterload</STRONG> (ARM, 0 bytes, Stack size unknown bytes, __scatter.o(!!!scatter))
<BR><BR>[Called By]<UL><LI><a href="#[2f]">&gt;&gt;</a>&nbsp;&nbsp;&nbsp;__main
</UL>

<P><STRONG><a name="[33]"></a>__scatterload_rt2</STRONG> (ARM, 52 bytes, Stack size unknown bytes, __scatter.o(!!!scatter), UNUSED)
<BR><BR>[Calls]<UL><LI><a href="#[32]">&gt;&gt;</a>&nbsp;&nbsp;&nbsp;__rt_entry
</UL>

<P><STRONG><a name="[28c]"></a>__scatterload_null</STRONG> (ARM, 0 bytes, Stack size unknown bytes, __scatter.o(!!!scatter), UNUSED)

<P><STRONG><a name="[28d]"></a>__decompress</STRONG> (ARM, 92 bytes, Stack size unknown bytes, __dczerorl2.o(!!dczerorl2), UNUSED)

<P><STRONG><a name="[28e]"></a>__decompress1</STRONG> (ARM, 0 bytes, Stack size unknown bytes, __dczerorl2.o(!!dczerorl2), UNUSED)

<P><STRONG><a name="[28f]"></a>__scatterload_zeroinit</STRONG> (ARM, 44 bytes, Stack size unknown bytes, __scatter_zi.o(!!handler_zi), UNUSED)

<P><STRONG><a name="[39]"></a>__rt_lib_init</STRONG> (Thumb, 0 bytes, Stack size unknown bytes, libinit.o(.ARM.Collect$$libinit$$00000000))
<BR><BR>[Called By]<UL><LI><a href="#[38]">&gt;&gt;</a>&nbsp;&nbsp;&nbsp;__rt_entry_li (via Veneer)
</UL>

<P><STRONG><a name="[290]"></a>__rt_lib_init_fp_1</STRONG> (Thumb, 0 bytes, Stack size unknown bytes, libinit2.o(.ARM.Collect$$libinit$$00000002))

<P><STRONG><a name="[291]"></a>__rt_lib_init_heap_1</STRONG> (Thumb, 0 bytes, Stack size unknown bytes, libinit2.o(.ARM.Collect$$libinit$$0000000A))

<P><STRONG><a name="[292]"></a>__rt_lib_init_preinit_1</STRONG> (Thumb, 0 bytes, Stack size unknown bytes, libinit2.o(.ARM.Collect$$libinit$$00000004))

<P><STRONG><a name="[34]"></a>__rt_lib_init_rand_2</STRONG> (Thumb, 0 bytes, Stack size unknown bytes, libinit2.o(.ARM.Collect$$libinit$$0000000D))
<BR><BR>[Stack]<UL><LI>Max Depth = 8 + Unknown Stack Size
<LI>Call Chain = __rt_lib_init_rand_2 &rArr; _rand_init &rArr; srand
</UL>
<BR>[Calls]<UL><LI><a href="#[35]">&gt;&gt;</a>&nbsp;&nbsp;&nbsp;_rand_init
</UL>

<P><STRONG><a name="[293]"></a>__rt_lib_init_user_alloc_1</STRONG> (Thumb, 0 bytes, Stack size unknown bytes, libinit2.o(.ARM.Collect$$libinit$$0000000C))

<P><STRONG><a name="[294]"></a>__rt_lib_init_alloca_1</STRONG> (Thumb, 0 bytes, Stack size unknown bytes, libinit2.o(.ARM.Collect$$libinit$$0000002E))

<P><STRONG><a name="[295]"></a>__rt_lib_init_argv_1</STRONG> (Thumb, 0 bytes, Stack size unknown bytes, libinit2.o(.ARM.Collect$$libinit$$0000002C))

<P><STRONG><a name="[296]"></a>__rt_lib_init_atexit_1</STRONG> (Thumb, 0 bytes, Stack size unknown bytes, libinit2.o(.ARM.Collect$$libinit$$0000001B))

<P><STRONG><a name="[297]"></a>__rt_lib_init_clock_1</STRONG> (Thumb, 0 bytes, Stack size unknown bytes, libinit2.o(.ARM.Collect$$libinit$$00000021))

<P><STRONG><a name="[298]"></a>__rt_lib_init_cpp_1</STRONG> (Thumb, 0 bytes, Stack size unknown bytes, libinit2.o(.ARM.Collect$$libinit$$00000032))

<P><STRONG><a name="[299]"></a>__rt_lib_init_exceptions_1</STRONG> (Thumb, 0 bytes, Stack size unknown bytes, libinit2.o(.ARM.Collect$$libinit$$00000030))

<P><STRONG><a name="[29a]"></a>__rt_lib_init_fp_trap_1</STRONG> (Thumb, 0 bytes, Stack size unknown bytes, libinit2.o(.ARM.Collect$$libinit$$0000001F))

<P><STRONG><a name="[29b]"></a>__rt_lib_init_getenv_1</STRONG> (Thumb, 0 bytes, Stack size unknown bytes, libinit2.o(.ARM.Collect$$libinit$$00000023))

<P><STRONG><a name="[29c]"></a>__rt_lib_init_lc_collate_1</STRONG> (Thumb, 0 bytes, Stack size unknown bytes, libinit2.o(.ARM.Collect$$libinit$$00000011))

<P><STRONG><a name="[29d]"></a>__rt_lib_init_lc_ctype_1</STRONG> (Thumb, 0 bytes, Stack size unknown bytes, libinit2.o(.ARM.Collect$$libinit$$00000013))

<P><STRONG><a name="[29e]"></a>__rt_lib_init_lc_monetary_1</STRONG> (Thumb, 0 bytes, Stack size unknown bytes, libinit2.o(.ARM.Collect$$libinit$$00000015))

<P><STRONG><a name="[29f]"></a>__rt_lib_init_lc_numeric_1</STRONG> (Thumb, 0 bytes, Stack size unknown bytes, libinit2.o(.ARM.Collect$$libinit$$00000017))

<P><STRONG><a name="[2a0]"></a>__rt_lib_init_lc_time_1</STRONG> (Thumb, 0 bytes, Stack size unknown bytes, libinit2.o(.ARM.Collect$$libinit$$00000019))

<P><STRONG><a name="[2a1]"></a>__rt_lib_init_rand_1</STRONG> (Thumb, 0 bytes, Stack size unknown bytes, libinit2.o(.ARM.Collect$$libinit$$0000000E))

<P><STRONG><a name="[2a2]"></a>__rt_lib_init_return</STRONG> (Thumb, 0 bytes, Stack size unknown bytes, libinit2.o(.ARM.Collect$$libinit$$00000033))

<P><STRONG><a name="[2a3]"></a>__rt_lib_init_signal_1</STRONG> (Thumb, 0 bytes, Stack size unknown bytes, libinit2.o(.ARM.Collect$$libinit$$0000001D))

<P><STRONG><a name="[2a4]"></a>__rt_lib_init_stdio_1</STRONG> (Thumb, 0 bytes, Stack size unknown bytes, libinit2.o(.ARM.Collect$$libinit$$00000025))

<P><STRONG><a name="[3d]"></a>__rt_lib_shutdown</STRONG> (Thumb, 0 bytes, Stack size unknown bytes, libshutdown.o(.ARM.Collect$$libshutdown$$00000000))
<BR><BR>[Called By]<UL><LI><a href="#[3c]">&gt;&gt;</a>&nbsp;&nbsp;&nbsp;__rt_exit_ls (via Veneer)
</UL>

<P><STRONG><a name="[2a5]"></a>__rt_lib_shutdown_fp_trap_1</STRONG> (Thumb, 0 bytes, Stack size unknown bytes, libshutdown2.o(.ARM.Collect$$libshutdown$$00000006))

<P><STRONG><a name="[2a6]"></a>__rt_lib_shutdown_heap_1</STRONG> (Thumb, 0 bytes, Stack size unknown bytes, libshutdown2.o(.ARM.Collect$$libshutdown$$0000000E))

<P><STRONG><a name="[2a7]"></a>__rt_lib_shutdown_return</STRONG> (Thumb, 0 bytes, Stack size unknown bytes, libshutdown2.o(.ARM.Collect$$libshutdown$$0000000F))

<P><STRONG><a name="[2a8]"></a>__rt_lib_shutdown_signal_1</STRONG> (Thumb, 0 bytes, Stack size unknown bytes, libshutdown2.o(.ARM.Collect$$libshutdown$$00000009))

<P><STRONG><a name="[2a9]"></a>__rt_lib_shutdown_stdio_1</STRONG> (Thumb, 0 bytes, Stack size unknown bytes, libshutdown2.o(.ARM.Collect$$libshutdown$$00000003))

<P><STRONG><a name="[2aa]"></a>__rt_lib_shutdown_user_alloc_1</STRONG> (Thumb, 0 bytes, Stack size unknown bytes, libshutdown2.o(.ARM.Collect$$libshutdown$$0000000B))

<P><STRONG><a name="[32]"></a>__rt_entry</STRONG> (ARM, 0 bytes, Stack size unknown bytes, __rtentry.o(.ARM.Collect$$rtentry$$00000000))
<BR><BR>[Called By]<UL><LI><a href="#[2f]">&gt;&gt;</a>&nbsp;&nbsp;&nbsp;__main
<LI><a href="#[33]">&gt;&gt;</a>&nbsp;&nbsp;&nbsp;__scatterload_rt2
</UL>

<P><STRONG><a name="[2ab]"></a>__rt_entry_presh_1</STRONG> (ARM, 0 bytes, Stack size unknown bytes, __rtentry2.o(.ARM.Collect$$rtentry$$00000002))

<P><STRONG><a name="[36]"></a>__rt_entry_sh</STRONG> (ARM, 0 bytes, Stack size unknown bytes, __rtentry4.o(.ARM.Collect$$rtentry$$00000004))
<BR><BR>[Stack]<UL><LI>Max Depth = 8 + Unknown Stack Size
<LI>Call Chain = __rt_entry_sh &rArr; __user_setup_stackheap
</UL>
<BR>[Calls]<UL><LI><a href="#[37]">&gt;&gt;</a>&nbsp;&nbsp;&nbsp;__user_setup_stackheap
</UL>

<P><STRONG><a name="[38]"></a>__rt_entry_li</STRONG> (ARM, 0 bytes, Stack size unknown bytes, __rtentry2.o(.ARM.Collect$$rtentry$$0000000A))
<BR><BR>[Calls]<UL><LI><a href="#[39]">&gt;&gt;</a>&nbsp;&nbsp;&nbsp;__rt_lib_init (via Veneer)
</UL>

<P><STRONG><a name="[2ac]"></a>__rt_entry_postsh_1</STRONG> (ARM, 0 bytes, Stack size unknown bytes, __rtentry2.o(.ARM.Collect$$rtentry$$00000009))

<P><STRONG><a name="[3a]"></a>__rt_entry_main</STRONG> (ARM, 0 bytes, Stack size unknown bytes, __rtentry2.o(.ARM.Collect$$rtentry$$0000000D))
<BR><BR>[Calls]<UL><LI><a href="#[3b]">&gt;&gt;</a>&nbsp;&nbsp;&nbsp;exit (via BX)
</UL>

<P><STRONG><a name="[2ad]"></a>__rt_entry_postli_1</STRONG> (ARM, 0 bytes, Stack size unknown bytes, __rtentry2.o(.ARM.Collect$$rtentry$$0000000C))

<P><STRONG><a name="[24d]"></a>__rt_exit</STRONG> (ARM, 0 bytes, Stack size unknown bytes, rtexit.o(.ARM.Collect$$rtexit$$00000000))
<BR><BR>[Called By]<UL><LI><a href="#[3b]">&gt;&gt;</a>&nbsp;&nbsp;&nbsp;exit (via Veneer)
</UL>

<P><STRONG><a name="[3c]"></a>__rt_exit_ls</STRONG> (ARM, 0 bytes, Stack size unknown bytes, rtexit2.o(.ARM.Collect$$rtexit$$00000003))
<BR><BR>[Calls]<UL><LI><a href="#[3d]">&gt;&gt;</a>&nbsp;&nbsp;&nbsp;__rt_lib_shutdown (via Veneer)
</UL>

<P><STRONG><a name="[2ae]"></a>__rt_exit_prels_1</STRONG> (ARM, 0 bytes, Stack size unknown bytes, rtexit2.o(.ARM.Collect$$rtexit$$00000002))

<P><STRONG><a name="[3e]"></a>__rt_exit_exit</STRONG> (ARM, 0 bytes, Stack size unknown bytes, rtexit2.o(.ARM.Collect$$rtexit$$00000004))
<BR><BR>[Calls]<UL><LI><a href="#[3f]">&gt;&gt;</a>&nbsp;&nbsp;&nbsp;_sys_exit (via Veneer)
</UL>

<P><STRONG><a name="[1e0]"></a>rand</STRONG> (Thumb, 52 bytes, Stack size 0 bytes, rand.o(.emb_text))
<BR><BR>[Called By]<UL><LI><a href="#[102]">&gt;&gt;</a>&nbsp;&nbsp;&nbsp;GetRandom (via Veneer)
</UL>

<P><STRONG><a name="[8f]"></a>PrintCodeFun</STRONG> (ARM, 304 bytes, Stack size 20 bytes, main.o(.text), UNUSED)
<BR><BR>[Called By]<UL><LI><a href="#[8a]">&gt;&gt;</a>&nbsp;&nbsp;&nbsp;SpecialFun
</UL>

<P><STRONG><a name="[40]"></a>RCCU_Config</STRONG> (ARM, 76 bytes, Stack size 8 bytes, main.o(.text))
<BR><BR>[Stack]<UL><LI>Max Depth = 32 + Unknown Stack Size
<LI>Call Chain = RCCU_Config &rArr; RCCU_PLL1Config &rArr; RCCU_FrequencyValue
</UL>
<BR>[Calls]<UL><LI><a href="#[47]">&gt;&gt;</a>&nbsp;&nbsp;&nbsp;RCCU_RCLKSourceConfig
<LI><a href="#[45]">&gt;&gt;</a>&nbsp;&nbsp;&nbsp;RCCU_PLL1Config
<LI><a href="#[44]">&gt;&gt;</a>&nbsp;&nbsp;&nbsp;RCCU_PCLK2Config
<LI><a href="#[43]">&gt;&gt;</a>&nbsp;&nbsp;&nbsp;RCCU_PCLK1Config
<LI><a href="#[42]">&gt;&gt;</a>&nbsp;&nbsp;&nbsp;RCCU_MCLKConfig
<LI><a href="#[46]">&gt;&gt;</a>&nbsp;&nbsp;&nbsp;RCCU_FlagStatus
<LI><a href="#[41]">&gt;&gt;</a>&nbsp;&nbsp;&nbsp;RCCU_Div2Config
</UL>
<BR>[Called By]<UL><LI><a href="#[55]">&gt;&gt;</a>&nbsp;&nbsp;&nbsp;System_Init
</UL>

<P><STRONG><a name="[48]"></a>Flash_All3t</STRONG> (ARM, 396 bytes, Stack size 40 bytes, main.o(.text))
<BR><BR>[Stack]<UL><LI>Max Depth = 512 + Unknown Stack Size
<LI>Call Chain = Flash_All3t &rArr; Reset_Parameter &rArr; Key_ResetState &rArr; Reset_All &rArr; Reset_IoDef &rArr; FRAM_WriteDW &rArr; FRAM_BPHALF &rArr; FRAM_Write_SR &rArr; FRAM_SendByte
</UL>
<BR>[Calls]<UL><LI><a href="#[52]">&gt;&gt;</a>&nbsp;&nbsp;&nbsp;delay
<LI><a href="#[4b]">&gt;&gt;</a>&nbsp;&nbsp;&nbsp;VFD_WriteDispRamArry
<LI><a href="#[4c]">&gt;&gt;</a>&nbsp;&nbsp;&nbsp;VFD_FillDispRam
<LI><a href="#[4a]">&gt;&gt;</a>&nbsp;&nbsp;&nbsp;VFD_ClrDispRam
<LI><a href="#[53]">&gt;&gt;</a>&nbsp;&nbsp;&nbsp;Reset_Parameter
<LI><a href="#[50]">&gt;&gt;</a>&nbsp;&nbsp;&nbsp;OPBuzzer
<LI><a href="#[4f]">&gt;&gt;</a>&nbsp;&nbsp;&nbsp;Key_Deal
<LI><a href="#[4d]">&gt;&gt;</a>&nbsp;&nbsp;&nbsp;FRAM_ReadDW
<LI><a href="#[49]">&gt;&gt;</a>&nbsp;&nbsp;&nbsp;CmpDay
<LI><a href="#[54]">&gt;&gt;</a>&nbsp;&nbsp;&nbsp;BorR_Parameter
<LI><a href="#[4e]">&gt;&gt;</a>&nbsp;&nbsp;&nbsp;AD_Init
<LI><a href="#[51]">&gt;&gt;</a>&nbsp;&nbsp;&nbsp;AD_GetFedVal
</UL>
<BR>[Called By]<UL><LI><a href="#[55]">&gt;&gt;</a>&nbsp;&nbsp;&nbsp;System_Init
</UL>

<P><STRONG><a name="[55]"></a>System_Init</STRONG> (ARM, 376 bytes, Stack size 8 bytes, main.o(.text))
<BR><BR>[Stack]<UL><LI>Max Depth = 520 + Unknown Stack Size
<LI>Call Chain = System_Init &rArr; Flash_All3t &rArr; Reset_Parameter &rArr; Key_ResetState &rArr; Reset_All &rArr; Reset_IoDef &rArr; FRAM_WriteDW &rArr; FRAM_BPHALF &rArr; FRAM_Write_SR &rArr; FRAM_SendByte
</UL>
<BR>[Calls]<UL><LI><a href="#[4b]">&gt;&gt;</a>&nbsp;&nbsp;&nbsp;VFD_WriteDispRamArry
<LI><a href="#[5b]">&gt;&gt;</a>&nbsp;&nbsp;&nbsp;VFD_Init
<LI><a href="#[4a]">&gt;&gt;</a>&nbsp;&nbsp;&nbsp;VFD_ClrDispRam
<LI><a href="#[61]">&gt;&gt;</a>&nbsp;&nbsp;&nbsp;UpdataGrandShutCode
<LI><a href="#[67]">&gt;&gt;</a>&nbsp;&nbsp;&nbsp;Uart1_Init
<LI><a href="#[66]">&gt;&gt;</a>&nbsp;&nbsp;&nbsp;Uart0_Init
<LI><a href="#[5e]">&gt;&gt;</a>&nbsp;&nbsp;&nbsp;Timer1_Init
<LI><a href="#[5d]">&gt;&gt;</a>&nbsp;&nbsp;&nbsp;Timer0_Init
<LI><a href="#[59]">&gt;&gt;</a>&nbsp;&nbsp;&nbsp;RTC_Init
<LI><a href="#[64]">&gt;&gt;</a>&nbsp;&nbsp;&nbsp;Pbus_CheckExt
<LI><a href="#[63]">&gt;&gt;</a>&nbsp;&nbsp;&nbsp;Init_Parameter
<LI><a href="#[57]">&gt;&gt;</a>&nbsp;&nbsp;&nbsp;IO_Init
<LI><a href="#[65]">&gt;&gt;</a>&nbsp;&nbsp;&nbsp;FRAM_WriteDW
<LI><a href="#[4d]">&gt;&gt;</a>&nbsp;&nbsp;&nbsp;FRAM_ReadDW
<LI><a href="#[5a]">&gt;&gt;</a>&nbsp;&nbsp;&nbsp;FRAM_Init
<LI><a href="#[62]">&gt;&gt;</a>&nbsp;&nbsp;&nbsp;FRAM_ContReadDW
<LI><a href="#[5c]">&gt;&gt;</a>&nbsp;&nbsp;&nbsp;EIC_Init
<LI><a href="#[60]">&gt;&gt;</a>&nbsp;&nbsp;&nbsp;EIC_IRQConfig
<LI><a href="#[5f]">&gt;&gt;</a>&nbsp;&nbsp;&nbsp;Buzzer_PowerOn
<LI><a href="#[58]">&gt;&gt;</a>&nbsp;&nbsp;&nbsp;Buzzer_Init
<LI><a href="#[56]">&gt;&gt;</a>&nbsp;&nbsp;&nbsp;APB_ClockConfig
<LI><a href="#[4e]">&gt;&gt;</a>&nbsp;&nbsp;&nbsp;AD_Init
<LI><a href="#[48]">&gt;&gt;</a>&nbsp;&nbsp;&nbsp;Flash_All3t
<LI><a href="#[40]">&gt;&gt;</a>&nbsp;&nbsp;&nbsp;RCCU_Config
</UL>
<BR>[Called By]<UL><LI><a href="#[27]">&gt;&gt;</a>&nbsp;&nbsp;&nbsp;main
</UL>

<P><STRONG><a name="[68]"></a>WorkStateDeal</STRONG> (ARM, 272 bytes, Stack size 8 bytes, main.o(.text))
<BR><BR>[Stack]<UL><LI>Max Depth = 608 + Unknown Stack Size
<LI>Call Chain = WorkStateDeal &rArr; Key_StopState &rArr; Key_DebugState &rArr; Debug_UartJudgeDeal &rArr; Com_Modbus &rArr; ModBus_Write_2Byte &rArr; ModBus_Write_2ByteDeal &rArr; Reset_IoDef &rArr; FRAM_WriteDW &rArr; FRAM_BPHALF &rArr; FRAM_Write_SR &rArr; FRAM_SendByte
</UL>
<BR>[Calls]<UL><LI><a href="#[50]">&gt;&gt;</a>&nbsp;&nbsp;&nbsp;OPBuzzer
<LI><a href="#[72]">&gt;&gt;</a>&nbsp;&nbsp;&nbsp;Key_SumState
<LI><a href="#[6c]">&gt;&gt;</a>&nbsp;&nbsp;&nbsp;Key_StopState
<LI><a href="#[75]">&gt;&gt;</a>&nbsp;&nbsp;&nbsp;Key_ShutdownState
<LI><a href="#[6d]">&gt;&gt;</a>&nbsp;&nbsp;&nbsp;Key_SetupState
<LI><a href="#[6b]">&gt;&gt;</a>&nbsp;&nbsp;&nbsp;Key_RunState
<LI><a href="#[71]">&gt;&gt;</a>&nbsp;&nbsp;&nbsp;Key_RecipeState
<LI><a href="#[77]">&gt;&gt;</a>&nbsp;&nbsp;&nbsp;Key_PrintState
<LI><a href="#[73]">&gt;&gt;</a>&nbsp;&nbsp;&nbsp;Key_IoTestState
<LI><a href="#[74]">&gt;&gt;</a>&nbsp;&nbsp;&nbsp;Key_IoDefState
<LI><a href="#[76]">&gt;&gt;</a>&nbsp;&nbsp;&nbsp;Key_DebugState
<LI><a href="#[4f]">&gt;&gt;</a>&nbsp;&nbsp;&nbsp;Key_Deal
<LI><a href="#[70]">&gt;&gt;</a>&nbsp;&nbsp;&nbsp;Key_DateTimeState
<LI><a href="#[6e]">&gt;&gt;</a>&nbsp;&nbsp;&nbsp;Key_CalibState
<LI><a href="#[6f]">&gt;&gt;</a>&nbsp;&nbsp;&nbsp;Key_BatchState
<LI><a href="#[6a]">&gt;&gt;</a>&nbsp;&nbsp;&nbsp;IO_InScan
<LI><a href="#[69]">&gt;&gt;</a>&nbsp;&nbsp;&nbsp;GPIO_BitWrite
</UL>
<BR>[Called By]<UL><LI><a href="#[27]">&gt;&gt;</a>&nbsp;&nbsp;&nbsp;main
</UL>

<P><STRONG><a name="[78]"></a>Disp_MainFun</STRONG> (ARM, 300 bytes, Stack size 8 bytes, main.o(.text))
<BR><BR>[Stack]<UL><LI>Max Depth = 120 + Unknown Stack Size
<LI>Call Chain = Disp_MainFun &rArr; Disp_StopRunState &rArr; Disp_SumState &rArr; Disp_Main_Data &rArr; BIN4toNBCD
</UL>
<BR>[Calls]<UL><LI><a href="#[4b]">&gt;&gt;</a>&nbsp;&nbsp;&nbsp;VFD_WriteDispRamArry
<LI><a href="#[5b]">&gt;&gt;</a>&nbsp;&nbsp;&nbsp;VFD_Init
<LI><a href="#[86]">&gt;&gt;</a>&nbsp;&nbsp;&nbsp;VFD_CopyMainDispArryToDispRam
<LI><a href="#[88]">&gt;&gt;</a>&nbsp;&nbsp;&nbsp;VFD_CopyFlgDispArryToDispRam
<LI><a href="#[89]">&gt;&gt;</a>&nbsp;&nbsp;&nbsp;VFD_CopyDispArryToDispRam
<LI><a href="#[87]">&gt;&gt;</a>&nbsp;&nbsp;&nbsp;VFD_CopyAuxDispArryToDispRam
<LI><a href="#[4a]">&gt;&gt;</a>&nbsp;&nbsp;&nbsp;VFD_ClrDispRam
<LI><a href="#[82]">&gt;&gt;</a>&nbsp;&nbsp;&nbsp;Disp_SumState
<LI><a href="#[79]">&gt;&gt;</a>&nbsp;&nbsp;&nbsp;Disp_StopRunState
<LI><a href="#[80]">&gt;&gt;</a>&nbsp;&nbsp;&nbsp;Disp_ShutdownState
<LI><a href="#[7b]">&gt;&gt;</a>&nbsp;&nbsp;&nbsp;Disp_SetupState
<LI><a href="#[7a]">&gt;&gt;</a>&nbsp;&nbsp;&nbsp;Disp_RecipeState
<LI><a href="#[84]">&gt;&gt;</a>&nbsp;&nbsp;&nbsp;Disp_PrintState
<LI><a href="#[7c]">&gt;&gt;</a>&nbsp;&nbsp;&nbsp;Disp_IoTestState
<LI><a href="#[7d]">&gt;&gt;</a>&nbsp;&nbsp;&nbsp;Disp_IoDefState
<LI><a href="#[85]">&gt;&gt;</a>&nbsp;&nbsp;&nbsp;Disp_Error
<LI><a href="#[83]">&gt;&gt;</a>&nbsp;&nbsp;&nbsp;Disp_DebugState
<LI><a href="#[7f]">&gt;&gt;</a>&nbsp;&nbsp;&nbsp;Disp_DateTimeState
<LI><a href="#[7e]">&gt;&gt;</a>&nbsp;&nbsp;&nbsp;Disp_CalibState
<LI><a href="#[81]">&gt;&gt;</a>&nbsp;&nbsp;&nbsp;Disp_BatchState
</UL>
<BR>[Called By]<UL><LI><a href="#[27]">&gt;&gt;</a>&nbsp;&nbsp;&nbsp;main
</UL>

<P><STRONG><a name="[8e]"></a>Lift_Push_Bag</STRONG> (ARM, 352 bytes, Stack size 24 bytes, main.o(.text), UNUSED)
<BR><BR>[Called By]<UL><LI><a href="#[8a]">&gt;&gt;</a>&nbsp;&nbsp;&nbsp;SpecialFun
</UL>

<P><STRONG><a name="[8a]"></a>SpecialFun</STRONG> (ARM, 96 bytes, Stack size 24 bytes, main.o(.text), UNUSED)
<BR><BR>[Calls]<UL><LI><a href="#[8c]">&gt;&gt;</a>&nbsp;&nbsp;&nbsp;FlapBag
<LI><a href="#[8b]">&gt;&gt;</a>&nbsp;&nbsp;&nbsp;DiscSumDeal
<LI><a href="#[8d]">&gt;&gt;</a>&nbsp;&nbsp;&nbsp;Deal_Pack
<LI><a href="#[90]">&gt;&gt;</a>&nbsp;&nbsp;&nbsp;ConveyorDeal
<LI><a href="#[8e]">&gt;&gt;</a>&nbsp;&nbsp;&nbsp;Lift_Push_Bag
<LI><a href="#[8f]">&gt;&gt;</a>&nbsp;&nbsp;&nbsp;PrintCodeFun
</UL>

<P><STRONG><a name="[27]"></a>main</STRONG> (ARM, 84 bytes, Stack size 0 bytes, main.o(.text))
<BR><BR>[Stack]<UL><LI>Max Depth = 608 + Unknown Stack Size
<LI>Call Chain = main &rArr; WorkStateDeal &rArr; Key_StopState &rArr; Key_DebugState &rArr; Debug_UartJudgeDeal &rArr; Com_Modbus &rArr; ModBus_Write_2Byte &rArr; ModBus_Write_2ByteDeal &rArr; Reset_IoDef &rArr; FRAM_WriteDW &rArr; FRAM_BPHALF &rArr; FRAM_Write_SR &rArr; FRAM_SendByte
</UL>
<BR>[Calls]<UL><LI><a href="#[92]">&gt;&gt;</a>&nbsp;&nbsp;&nbsp;Sys_Closed_Set
<LI><a href="#[96]">&gt;&gt;</a>&nbsp;&nbsp;&nbsp;IO_OutPut
<LI><a href="#[94]">&gt;&gt;</a>&nbsp;&nbsp;&nbsp;GetWt
<LI><a href="#[91]">&gt;&gt;</a>&nbsp;&nbsp;&nbsp;Disp_Version
<LI><a href="#[95]">&gt;&gt;</a>&nbsp;&nbsp;&nbsp;Commumication
<LI><a href="#[49]">&gt;&gt;</a>&nbsp;&nbsp;&nbsp;CmpDay
<LI><a href="#[93]">&gt;&gt;</a>&nbsp;&nbsp;&nbsp;AD_ConvertTimes
<LI><a href="#[78]">&gt;&gt;</a>&nbsp;&nbsp;&nbsp;Disp_MainFun
<LI><a href="#[68]">&gt;&gt;</a>&nbsp;&nbsp;&nbsp;WorkStateDeal
<LI><a href="#[55]">&gt;&gt;</a>&nbsp;&nbsp;&nbsp;System_Init
</UL>
<BR>[Address Reference Count : 1]<UL><LI> __rtentry2.o(.ARM.Collect$$rtentry$$0000000D)
</UL>
<P><STRONG><a name="[1cf]"></a>Adapt_InitData</STRONG> (ARM, 124 bytes, Stack size 0 bytes, adaptation.o(.text))
<BR><BR>[Called By]<UL><LI><a href="#[1cd]">&gt;&gt;</a>&nbsp;&nbsp;&nbsp;WaitT1
</UL>

<P><STRONG><a name="[97]"></a>SaveSP2Value</STRONG> (ARM, 52 bytes, Stack size 0 bytes, adaptation.o(.text))
<BR><BR>[Stack]<UL><LI>Max Depth = 64<LI>Call Chain = SaveSP2Value &rArr; FRAM_WriteDW &rArr; FRAM_BPHALF &rArr; FRAM_Write_SR &rArr; FRAM_SendByte
</UL>
<BR>[Calls]<UL><LI><a href="#[65]">&gt;&gt;</a>&nbsp;&nbsp;&nbsp;FRAM_WriteDW
</UL>
<BR>[Called By]<UL><LI><a href="#[b2]">&gt;&gt;</a>&nbsp;&nbsp;&nbsp;Adapt_SP12
</UL>

<P><STRONG><a name="[98]"></a>SaveSP3Value</STRONG> (ARM, 52 bytes, Stack size 0 bytes, adaptation.o(.text))
<BR><BR>[Stack]<UL><LI>Max Depth = 64<LI>Call Chain = SaveSP3Value &rArr; FRAM_WriteDW &rArr; FRAM_BPHALF &rArr; FRAM_Write_SR &rArr; FRAM_SendByte
</UL>
<BR>[Calls]<UL><LI><a href="#[65]">&gt;&gt;</a>&nbsp;&nbsp;&nbsp;FRAM_WriteDW
</UL>
<BR>[Called By]<UL><LI><a href="#[ad]">&gt;&gt;</a>&nbsp;&nbsp;&nbsp;Adapt_SP3
</UL>

<P><STRONG><a name="[1cc]"></a>Adapt_InitSP3KTemp</STRONG> (ARM, 16 bytes, Stack size 0 bytes, adaptation.o(.text))
<BR><BR>[Called By]<UL><LI><a href="#[1cb]">&gt;&gt;</a>&nbsp;&nbsp;&nbsp;AutoStudy_SP2Start
</UL>

<P><STRONG><a name="[9a]"></a>Adapt_InitSP2Temp</STRONG> (ARM, 28 bytes, Stack size 0 bytes, adaptation.o(.text))
<BR><BR>[Called By]<UL><LI><a href="#[b2]">&gt;&gt;</a>&nbsp;&nbsp;&nbsp;Adapt_SP12
<LI><a href="#[99]">&gt;&gt;</a>&nbsp;&nbsp;&nbsp;Adapt_InitDataFirstRun
</UL>

<P><STRONG><a name="[9b]"></a>Adapt_InitSP3Temp</STRONG> (ARM, 24 bytes, Stack size 0 bytes, adaptation.o(.text))
<BR><BR>[Called By]<UL><LI><a href="#[ad]">&gt;&gt;</a>&nbsp;&nbsp;&nbsp;Adapt_SP3
<LI><a href="#[99]">&gt;&gt;</a>&nbsp;&nbsp;&nbsp;Adapt_InitDataFirstRun
</UL>

<P><STRONG><a name="[99]"></a>Adapt_InitDataFirstRun</STRONG> (ARM, 36 bytes, Stack size 4 bytes, adaptation.o(.text))
<BR><BR>[Stack]<UL><LI>Max Depth = 4<LI>Call Chain = Adapt_InitDataFirstRun
</UL>
<BR>[Calls]<UL><LI><a href="#[9b]">&gt;&gt;</a>&nbsp;&nbsp;&nbsp;Adapt_InitSP3Temp
<LI><a href="#[9a]">&gt;&gt;</a>&nbsp;&nbsp;&nbsp;Adapt_InitSP2Temp
</UL>
<BR>[Called By]<UL><LI><a href="#[118]">&gt;&gt;</a>&nbsp;&nbsp;&nbsp;RunStopInit
</UL>

<P><STRONG><a name="[a1]"></a>BubbleSort</STRONG> (ARM, 80 bytes, Stack size 8 bytes, adaptation.o(.text))
<BR><BR>[Stack]<UL><LI>Max Depth = 8<LI>Call Chain = BubbleSort
</UL>
<BR>[Called By]<UL><LI><a href="#[af]">&gt;&gt;</a>&nbsp;&nbsp;&nbsp;RushWtProbabilityStatistics
<LI><a href="#[ae]">&gt;&gt;</a>&nbsp;&nbsp;&nbsp;RushStdError
<LI><a href="#[ab]">&gt;&gt;</a>&nbsp;&nbsp;&nbsp;FallWtProbabilityStatistics
<LI><a href="#[aa]">&gt;&gt;</a>&nbsp;&nbsp;&nbsp;SP3LinearKProbabilityStatistics
<LI><a href="#[a0]">&gt;&gt;</a>&nbsp;&nbsp;&nbsp;SP2LinearKProbabilityStatistics
</UL>

<P><STRONG><a name="[9c]"></a>BubbleSortFloat</STRONG> (ARM, 104 bytes, Stack size 24 bytes, adaptation.o(.text))
<BR><BR>[Stack]<UL><LI>Max Depth = 40<LI>Call Chain = BubbleSortFloat &rArr; __aeabi_f2iz
</UL>
<BR>[Calls]<UL><LI><a href="#[9e]">&gt;&gt;</a>&nbsp;&nbsp;&nbsp;__aeabi_f2iz
<LI><a href="#[9d]">&gt;&gt;</a>&nbsp;&nbsp;&nbsp;__aeabi_cfrcmple
<LI><a href="#[9f]">&gt;&gt;</a>&nbsp;&nbsp;&nbsp;__aeabi_i2f
</UL>
<BR>[Called By]<UL><LI><a href="#[a4]">&gt;&gt;</a>&nbsp;&nbsp;&nbsp;SP2FluxProbabilityStatistics
</UL>

<P><STRONG><a name="[a0]"></a>SP2LinearKProbabilityStatistics</STRONG> (ARM, 332 bytes, Stack size 16 bytes, adaptation.o(.text))
<BR><BR>[Stack]<UL><LI>Max Depth = 24 + Unknown Stack Size
<LI>Call Chain = SP2LinearKProbabilityStatistics &rArr; BubbleSort
</UL>
<BR>[Calls]<UL><LI><a href="#[a1]">&gt;&gt;</a>&nbsp;&nbsp;&nbsp;BubbleSort
<LI><a href="#[a3]">&gt;&gt;</a>&nbsp;&nbsp;&nbsp;__aeabi_uidivmod
<LI><a href="#[a2]">&gt;&gt;</a>&nbsp;&nbsp;&nbsp;__aeabi_idivmod
</UL>
<BR>[Called By]<UL><LI><a href="#[b2]">&gt;&gt;</a>&nbsp;&nbsp;&nbsp;Adapt_SP12
</UL>

<P><STRONG><a name="[a4]"></a>SP2FluxProbabilityStatistics</STRONG> (ARM, 392 bytes, Stack size 24 bytes, adaptation.o(.text))
<BR><BR>[Stack]<UL><LI>Max Depth = 64<LI>Call Chain = SP2FluxProbabilityStatistics &rArr; BubbleSortFloat &rArr; __aeabi_f2iz
</UL>
<BR>[Calls]<UL><LI><a href="#[9c]">&gt;&gt;</a>&nbsp;&nbsp;&nbsp;BubbleSortFloat
<LI><a href="#[a9]">&gt;&gt;</a>&nbsp;&nbsp;&nbsp;__aeabi_fdiv
<LI><a href="#[a6]">&gt;&gt;</a>&nbsp;&nbsp;&nbsp;__aeabi_fadd
<LI><a href="#[a7]">&gt;&gt;</a>&nbsp;&nbsp;&nbsp;__ARM_scalbnf
<LI><a href="#[a5]">&gt;&gt;</a>&nbsp;&nbsp;&nbsp;__aeabi_fmul
<LI><a href="#[a8]">&gt;&gt;</a>&nbsp;&nbsp;&nbsp;__aeabi_ui2f
</UL>
<BR>[Called By]<UL><LI><a href="#[b2]">&gt;&gt;</a>&nbsp;&nbsp;&nbsp;Adapt_SP12
</UL>

<P><STRONG><a name="[aa]"></a>SP3LinearKProbabilityStatistics</STRONG> (ARM, 380 bytes, Stack size 16 bytes, adaptation.o(.text))
<BR><BR>[Stack]<UL><LI>Max Depth = 24 + Unknown Stack Size
<LI>Call Chain = SP3LinearKProbabilityStatistics &rArr; BubbleSort
</UL>
<BR>[Calls]<UL><LI><a href="#[a1]">&gt;&gt;</a>&nbsp;&nbsp;&nbsp;BubbleSort
<LI><a href="#[a3]">&gt;&gt;</a>&nbsp;&nbsp;&nbsp;__aeabi_uidivmod
<LI><a href="#[a2]">&gt;&gt;</a>&nbsp;&nbsp;&nbsp;__aeabi_idivmod
</UL>
<BR>[Called By]<UL><LI><a href="#[b2]">&gt;&gt;</a>&nbsp;&nbsp;&nbsp;Adapt_SP12
<LI><a href="#[1d2]">&gt;&gt;</a>&nbsp;&nbsp;&nbsp;AutoStudy_SP3ing
</UL>

<P><STRONG><a name="[ab]"></a>FallWtProbabilityStatistics</STRONG> (ARM, 348 bytes, Stack size 16 bytes, adaptation.o(.text))
<BR><BR>[Stack]<UL><LI>Max Depth = 24 + Unknown Stack Size
<LI>Call Chain = FallWtProbabilityStatistics &rArr; BubbleSort
</UL>
<BR>[Calls]<UL><LI><a href="#[a1]">&gt;&gt;</a>&nbsp;&nbsp;&nbsp;BubbleSort
<LI><a href="#[a3]">&gt;&gt;</a>&nbsp;&nbsp;&nbsp;__aeabi_uidivmod
<LI><a href="#[a2]">&gt;&gt;</a>&nbsp;&nbsp;&nbsp;__aeabi_idivmod
</UL>
<BR>[Called By]<UL><LI><a href="#[ad]">&gt;&gt;</a>&nbsp;&nbsp;&nbsp;Adapt_SP3
</UL>

<P><STRONG><a name="[ac]"></a>ModifyFallWeight</STRONG> (ARM, 80 bytes, Stack size 16 bytes, adaptation.o(.text))
<BR><BR>[Stack]<UL><LI>Max Depth = 24<LI>Call Chain = ModifyFallWeight &rArr; __aeabi_idivmod
</UL>
<BR>[Calls]<UL><LI><a href="#[a2]">&gt;&gt;</a>&nbsp;&nbsp;&nbsp;__aeabi_idivmod
</UL>
<BR>[Called By]<UL><LI><a href="#[ad]">&gt;&gt;</a>&nbsp;&nbsp;&nbsp;Adapt_SP3
</UL>

<P><STRONG><a name="[ad]"></a>Adapt_SP3</STRONG> (ARM, 192 bytes, Stack size 8 bytes, adaptation.o(.text))
<BR><BR>[Stack]<UL><LI>Max Depth = 72 + Unknown Stack Size
<LI>Call Chain = Adapt_SP3 &rArr; SaveSP3Value &rArr; FRAM_WriteDW &rArr; FRAM_BPHALF &rArr; FRAM_Write_SR &rArr; FRAM_SendByte
</UL>
<BR>[Calls]<UL><LI><a href="#[ac]">&gt;&gt;</a>&nbsp;&nbsp;&nbsp;ModifyFallWeight
<LI><a href="#[ab]">&gt;&gt;</a>&nbsp;&nbsp;&nbsp;FallWtProbabilityStatistics
<LI><a href="#[9b]">&gt;&gt;</a>&nbsp;&nbsp;&nbsp;Adapt_InitSP3Temp
<LI><a href="#[98]">&gt;&gt;</a>&nbsp;&nbsp;&nbsp;SaveSP3Value
</UL>
<BR>[Called By]<UL><LI><a href="#[b3]">&gt;&gt;</a>&nbsp;&nbsp;&nbsp;Adapt_Process
</UL>

<P><STRONG><a name="[1c4]"></a>SampleRushWt</STRONG> (ARM, 168 bytes, Stack size 8 bytes, adaptation.o(.text))
<BR><BR>[Stack]<UL><LI>Max Depth = 8<LI>Call Chain = SampleRushWt
</UL>
<BR>[Called By]<UL><LI><a href="#[1c3]">&gt;&gt;</a>&nbsp;&nbsp;&nbsp;SmallFeed
</UL>

<P><STRONG><a name="[ae]"></a>RushStdError</STRONG> (ARM, 364 bytes, Stack size 24 bytes, adaptation.o(.text), UNUSED)
<BR><BR>[Calls]<UL><LI><a href="#[a1]">&gt;&gt;</a>&nbsp;&nbsp;&nbsp;BubbleSort
<LI><a href="#[a2]">&gt;&gt;</a>&nbsp;&nbsp;&nbsp;__aeabi_idivmod
</UL>

<P><STRONG><a name="[af]"></a>RushWtProbabilityStatistics</STRONG> (ARM, 444 bytes, Stack size 32 bytes, adaptation.o(.text))
<BR><BR>[Stack]<UL><LI>Max Depth = 40 + Unknown Stack Size
<LI>Call Chain = RushWtProbabilityStatistics &rArr; BubbleSort
</UL>
<BR>[Calls]<UL><LI><a href="#[a1]">&gt;&gt;</a>&nbsp;&nbsp;&nbsp;BubbleSort
<LI><a href="#[a3]">&gt;&gt;</a>&nbsp;&nbsp;&nbsp;__aeabi_uidivmod
</UL>
<BR>[Called By]<UL><LI><a href="#[b2]">&gt;&gt;</a>&nbsp;&nbsp;&nbsp;Adapt_SP12
</UL>

<P><STRONG><a name="[b0]"></a>ModifyRushWeight</STRONG> (ARM, 80 bytes, Stack size 16 bytes, adaptation.o(.text))
<BR><BR>[Stack]<UL><LI>Max Depth = 24<LI>Call Chain = ModifyRushWeight &rArr; __aeabi_idivmod
</UL>
<BR>[Calls]<UL><LI><a href="#[a2]">&gt;&gt;</a>&nbsp;&nbsp;&nbsp;__aeabi_idivmod
</UL>
<BR>[Called By]<UL><LI><a href="#[b2]">&gt;&gt;</a>&nbsp;&nbsp;&nbsp;Adapt_SP12
</UL>

<P><STRONG><a name="[b1]"></a>RushWtCompensate</STRONG> (ARM, 224 bytes, Stack size 32 bytes, adaptation.o(.text))
<BR><BR>[Stack]<UL><LI>Max Depth = 32 + Unknown Stack Size
<LI>Call Chain = RushWtCompensate
</UL>
<BR>[Calls]<UL><LI><a href="#[a3]">&gt;&gt;</a>&nbsp;&nbsp;&nbsp;__aeabi_uidivmod
</UL>
<BR>[Called By]<UL><LI><a href="#[b2]">&gt;&gt;</a>&nbsp;&nbsp;&nbsp;Adapt_SP12
</UL>

<P><STRONG><a name="[b2]"></a>Adapt_SP12</STRONG> (ARM, 788 bytes, Stack size 32 bytes, adaptation.o(.text))
<BR><BR>[Stack]<UL><LI>Max Depth = 96 + Unknown Stack Size
<LI>Call Chain = Adapt_SP12 &rArr; SP2FluxProbabilityStatistics &rArr; BubbleSortFloat &rArr; __aeabi_f2iz
</UL>
<BR>[Calls]<UL><LI><a href="#[b1]">&gt;&gt;</a>&nbsp;&nbsp;&nbsp;RushWtCompensate
<LI><a href="#[b0]">&gt;&gt;</a>&nbsp;&nbsp;&nbsp;ModifyRushWeight
<LI><a href="#[af]">&gt;&gt;</a>&nbsp;&nbsp;&nbsp;RushWtProbabilityStatistics
<LI><a href="#[aa]">&gt;&gt;</a>&nbsp;&nbsp;&nbsp;SP3LinearKProbabilityStatistics
<LI><a href="#[a4]">&gt;&gt;</a>&nbsp;&nbsp;&nbsp;SP2FluxProbabilityStatistics
<LI><a href="#[a0]">&gt;&gt;</a>&nbsp;&nbsp;&nbsp;SP2LinearKProbabilityStatistics
<LI><a href="#[9a]">&gt;&gt;</a>&nbsp;&nbsp;&nbsp;Adapt_InitSP2Temp
<LI><a href="#[97]">&gt;&gt;</a>&nbsp;&nbsp;&nbsp;SaveSP2Value
<LI><a href="#[9e]">&gt;&gt;</a>&nbsp;&nbsp;&nbsp;__aeabi_f2iz
<LI><a href="#[a9]">&gt;&gt;</a>&nbsp;&nbsp;&nbsp;__aeabi_fdiv
<LI><a href="#[a3]">&gt;&gt;</a>&nbsp;&nbsp;&nbsp;__aeabi_uidivmod
<LI><a href="#[a5]">&gt;&gt;</a>&nbsp;&nbsp;&nbsp;__aeabi_fmul
<LI><a href="#[a8]">&gt;&gt;</a>&nbsp;&nbsp;&nbsp;__aeabi_ui2f
<LI><a href="#[9f]">&gt;&gt;</a>&nbsp;&nbsp;&nbsp;__aeabi_i2f
</UL>
<BR>[Called By]<UL><LI><a href="#[b3]">&gt;&gt;</a>&nbsp;&nbsp;&nbsp;Adapt_Process
</UL>

<P><STRONG><a name="[b4]"></a>ClrPrintMessage</STRONG> (ARM, 20 bytes, Stack size 0 bytes, adaptation.o(.text))
<BR><BR>[Called By]<UL><LI><a href="#[b3]">&gt;&gt;</a>&nbsp;&nbsp;&nbsp;Adapt_Process
</UL>

<P><STRONG><a name="[b3]"></a>Adapt_Process</STRONG> (ARM, 80 bytes, Stack size 8 bytes, adaptation.o(.text))
<BR><BR>[Stack]<UL><LI>Max Depth = 104 + Unknown Stack Size
<LI>Call Chain = Adapt_Process &rArr; Adapt_SP12 &rArr; SP2FluxProbabilityStatistics &rArr; BubbleSortFloat &rArr; __aeabi_f2iz
</UL>
<BR>[Calls]<UL><LI><a href="#[b4]">&gt;&gt;</a>&nbsp;&nbsp;&nbsp;ClrPrintMessage
<LI><a href="#[b2]">&gt;&gt;</a>&nbsp;&nbsp;&nbsp;Adapt_SP12
<LI><a href="#[ad]">&gt;&gt;</a>&nbsp;&nbsp;&nbsp;Adapt_SP3
</UL>
<BR>[Called By]<UL><LI><a href="#[1bb]">&gt;&gt;</a>&nbsp;&nbsp;&nbsp;WaitT4
</UL>

<P><STRONG><a name="[c5]"></a>AD_SCal0</STRONG> (ARM, 48 bytes, Stack size 0 bytes, adtoweight.o(.text))
<BR><BR>[Called By]<UL><LI><a href="#[94]">&gt;&gt;</a>&nbsp;&nbsp;&nbsp;GetWt
</UL>

<P><STRONG><a name="[c7]"></a>TareAndWeight</STRONG> (ARM, 212 bytes, Stack size 8 bytes, adtoweight.o(.text))
<BR><BR>[Stack]<UL><LI>Max Depth = 8<LI>Call Chain = TareAndWeight
</UL>
<BR>[Called By]<UL><LI><a href="#[94]">&gt;&gt;</a>&nbsp;&nbsp;&nbsp;GetWt
</UL>

<P><STRONG><a name="[b5]"></a>AD_ADK</STRONG> (ARM, 52 bytes, Stack size 8 bytes, adtoweight.o(.text))
<BR><BR>[Stack]<UL><LI>Max Depth = 24<LI>Call Chain = AD_ADK &rArr; __aeabi_fdiv
</UL>
<BR>[Calls]<UL><LI><a href="#[a9]">&gt;&gt;</a>&nbsp;&nbsp;&nbsp;__aeabi_fdiv
<LI><a href="#[a8]">&gt;&gt;</a>&nbsp;&nbsp;&nbsp;__aeabi_ui2f
<LI><a href="#[b6]">&gt;&gt;</a>&nbsp;&nbsp;&nbsp;__aeabi_f2uiz
</UL>
<BR>[Called By]<UL><LI><a href="#[94]">&gt;&gt;</a>&nbsp;&nbsp;&nbsp;GetWt
</UL>

<P><STRONG><a name="[b7]"></a>Clr0</STRONG> (ARM, 268 bytes, Stack size 24 bytes, adtoweight.o(.text))
<BR><BR>[Stack]<UL><LI>Max Depth = 32<LI>Call Chain = Clr0 &rArr; ErrorDeal &rArr; BuzzerStart
</UL>
<BR>[Calls]<UL><LI><a href="#[b8]">&gt;&gt;</a>&nbsp;&nbsp;&nbsp;ErrorDeal
<LI><a href="#[b9]">&gt;&gt;</a>&nbsp;&nbsp;&nbsp;BuzzerStart
</UL>
<BR>[Called By]<UL><LI><a href="#[94]">&gt;&gt;</a>&nbsp;&nbsp;&nbsp;GetWt
</UL>

<P><STRONG><a name="[c6]"></a>Trace0</STRONG> (ARM, 152 bytes, Stack size 8 bytes, adtoweight.o(.text))
<BR><BR>[Stack]<UL><LI>Max Depth = 8<LI>Call Chain = Trace0
</UL>
<BR>[Called By]<UL><LI><a href="#[94]">&gt;&gt;</a>&nbsp;&nbsp;&nbsp;GetWt
</UL>

<P><STRONG><a name="[ba]"></a>JudgeStable</STRONG> (ARM, 244 bytes, Stack size 24 bytes, adtoweight.o(.text))
<BR><BR>[Stack]<UL><LI>Max Depth = 40 + Unknown Stack Size
<LI>Call Chain = JudgeStable &rArr; __aeabi_fdiv
</UL>
<BR>[Calls]<UL><LI><a href="#[bb]">&gt;&gt;</a>&nbsp;&nbsp;&nbsp;AdToMv
<LI><a href="#[a9]">&gt;&gt;</a>&nbsp;&nbsp;&nbsp;__aeabi_fdiv
<LI><a href="#[a3]">&gt;&gt;</a>&nbsp;&nbsp;&nbsp;__aeabi_uidivmod
<LI><a href="#[a8]">&gt;&gt;</a>&nbsp;&nbsp;&nbsp;__aeabi_ui2f
<LI><a href="#[b6]">&gt;&gt;</a>&nbsp;&nbsp;&nbsp;__aeabi_f2uiz
</UL>
<BR>[Called By]<UL><LI><a href="#[94]">&gt;&gt;</a>&nbsp;&nbsp;&nbsp;GetWt
</UL>

<P><STRONG><a name="[bc]"></a>AdToWeight</STRONG> (ARM, 216 bytes, Stack size 24 bytes, adtoweight.o(.text))
<BR><BR>[Stack]<UL><LI>Max Depth = 40<LI>Call Chain = AdToWeight &rArr; __aeabi_fdiv
</UL>
<BR>[Calls]<UL><LI><a href="#[a9]">&gt;&gt;</a>&nbsp;&nbsp;&nbsp;__aeabi_fdiv
<LI><a href="#[a8]">&gt;&gt;</a>&nbsp;&nbsp;&nbsp;__aeabi_ui2f
<LI><a href="#[b6]">&gt;&gt;</a>&nbsp;&nbsp;&nbsp;__aeabi_f2uiz
</UL>
<BR>[Called By]<UL><LI><a href="#[94]">&gt;&gt;</a>&nbsp;&nbsp;&nbsp;GetWt
</UL>

<P><STRONG><a name="[ce]"></a>SmartT2b_SampleWt</STRONG> (ARM, 312 bytes, Stack size 32 bytes, adtoweight.o(.text))
<BR><BR>[Stack]<UL><LI>Max Depth = 32<LI>Call Chain = SmartT2b_SampleWt
</UL>
<BR>[Called By]<UL><LI><a href="#[94]">&gt;&gt;</a>&nbsp;&nbsp;&nbsp;GetWt
</UL>

<P><STRONG><a name="[bd]"></a>LinearFitting_SP2K</STRONG> (ARM, 196 bytes, Stack size 16 bytes, adtoweight.o(.text))
<BR><BR>[Stack]<UL><LI>Max Depth = 104<LI>Call Chain = LinearFitting_SP2K &rArr; LeastLinear &rArr; __aeabi_ldivmod
</UL>
<BR>[Calls]<UL><LI><a href="#[be]">&gt;&gt;</a>&nbsp;&nbsp;&nbsp;LeastLinear
</UL>
<BR>[Called By]<UL><LI><a href="#[94]">&gt;&gt;</a>&nbsp;&nbsp;&nbsp;GetWt
</UL>

<P><STRONG><a name="[c2]"></a>JudgeWtOK</STRONG> (ARM, 56 bytes, Stack size 0 bytes, adtoweight.o(.text))
<BR><BR>[Called By]<UL><LI><a href="#[c1]">&gt;&gt;</a>&nbsp;&nbsp;&nbsp;PredictSp2Stop
</UL>

<P><STRONG><a name="[bf]"></a>Sp2WillStop</STRONG> (ARM, 220 bytes, Stack size 48 bytes, adtoweight.o(.text))
<BR><BR>[Stack]<UL><LI>Max Depth = 136 + Unknown Stack Size
<LI>Call Chain = Sp2WillStop &rArr; LeastLinear &rArr; __aeabi_ldivmod
</UL>
<BR>[Calls]<UL><LI><a href="#[c0]">&gt;&gt;</a>&nbsp;&nbsp;&nbsp;RoundOff
<LI><a href="#[be]">&gt;&gt;</a>&nbsp;&nbsp;&nbsp;LeastLinear
<LI><a href="#[a9]">&gt;&gt;</a>&nbsp;&nbsp;&nbsp;__aeabi_fdiv
<LI><a href="#[a5]">&gt;&gt;</a>&nbsp;&nbsp;&nbsp;__aeabi_fmul
<LI><a href="#[a8]">&gt;&gt;</a>&nbsp;&nbsp;&nbsp;__aeabi_ui2f
<LI><a href="#[9f]">&gt;&gt;</a>&nbsp;&nbsp;&nbsp;__aeabi_i2f
<LI><a href="#[b6]">&gt;&gt;</a>&nbsp;&nbsp;&nbsp;__aeabi_f2uiz
</UL>
<BR>[Called By]<UL><LI><a href="#[c1]">&gt;&gt;</a>&nbsp;&nbsp;&nbsp;PredictSp2Stop
</UL>

<P><STRONG><a name="[c1]"></a>PredictSp2Stop</STRONG> (ARM, 204 bytes, Stack size 32 bytes, adtoweight.o(.text))
<BR><BR>[Stack]<UL><LI>Max Depth = 168 + Unknown Stack Size
<LI>Call Chain = PredictSp2Stop &rArr; Sp2WillStop &rArr; LeastLinear &rArr; __aeabi_ldivmod
</UL>
<BR>[Calls]<UL><LI><a href="#[c3]">&gt;&gt;</a>&nbsp;&nbsp;&nbsp;Sp2StopTimeStart
<LI><a href="#[bf]">&gt;&gt;</a>&nbsp;&nbsp;&nbsp;Sp2WillStop
<LI><a href="#[c2]">&gt;&gt;</a>&nbsp;&nbsp;&nbsp;JudgeWtOK
<LI><a href="#[c4]">&gt;&gt;</a>&nbsp;&nbsp;&nbsp;__aeabi_memclr4
</UL>
<BR>[Called By]<UL><LI><a href="#[94]">&gt;&gt;</a>&nbsp;&nbsp;&nbsp;GetWt
</UL>

<P><STRONG><a name="[94]"></a>GetWt</STRONG> (ARM, 508 bytes, Stack size 32 bytes, adtoweight.o(.text))
<BR><BR>[Stack]<UL><LI>Max Depth = 200 + Unknown Stack Size
<LI>Call Chain = GetWt &rArr; PredictSp2Stop &rArr; Sp2WillStop &rArr; LeastLinear &rArr; __aeabi_ldivmod
</UL>
<BR>[Calls]<UL><LI><a href="#[c8]">&gt;&gt;</a>&nbsp;&nbsp;&nbsp;kalman1_filter
<LI><a href="#[cd]">&gt;&gt;</a>&nbsp;&nbsp;&nbsp;SaveLinearArray
<LI><a href="#[c1]">&gt;&gt;</a>&nbsp;&nbsp;&nbsp;PredictSp2Stop
<LI><a href="#[bd]">&gt;&gt;</a>&nbsp;&nbsp;&nbsp;LinearFitting_SP2K
<LI><a href="#[ce]">&gt;&gt;</a>&nbsp;&nbsp;&nbsp;SmartT2b_SampleWt
<LI><a href="#[bc]">&gt;&gt;</a>&nbsp;&nbsp;&nbsp;AdToWeight
<LI><a href="#[ba]">&gt;&gt;</a>&nbsp;&nbsp;&nbsp;JudgeStable
<LI><a href="#[c6]">&gt;&gt;</a>&nbsp;&nbsp;&nbsp;Trace0
<LI><a href="#[b7]">&gt;&gt;</a>&nbsp;&nbsp;&nbsp;Clr0
<LI><a href="#[b5]">&gt;&gt;</a>&nbsp;&nbsp;&nbsp;AD_ADK
<LI><a href="#[c7]">&gt;&gt;</a>&nbsp;&nbsp;&nbsp;TareAndWeight
<LI><a href="#[c5]">&gt;&gt;</a>&nbsp;&nbsp;&nbsp;AD_SCal0
<LI><a href="#[51]">&gt;&gt;</a>&nbsp;&nbsp;&nbsp;AD_GetFedVal
<LI><a href="#[c9]">&gt;&gt;</a>&nbsp;&nbsp;&nbsp;__aeabi_f2d
<LI><a href="#[cc]">&gt;&gt;</a>&nbsp;&nbsp;&nbsp;__aeabi_d2iz
<LI><a href="#[cb]">&gt;&gt;</a>&nbsp;&nbsp;&nbsp;__aeabi_dsub
<LI><a href="#[ca]">&gt;&gt;</a>&nbsp;&nbsp;&nbsp;__aeabi_dadd
<LI><a href="#[9f]">&gt;&gt;</a>&nbsp;&nbsp;&nbsp;__aeabi_i2f
</UL>
<BR>[Called By]<UL><LI><a href="#[27]">&gt;&gt;</a>&nbsp;&nbsp;&nbsp;main
</UL>

<P><STRONG><a name="[cf]"></a>GetMaxLinearK</STRONG> (ARM, 264 bytes, Stack size 24 bytes, adtoweight.o(.text), UNUSED)
<BR><BR>[Calls]<UL><LI><a href="#[be]">&gt;&gt;</a>&nbsp;&nbsp;&nbsp;LeastLinear
</UL>

<P><STRONG><a name="[6f]"></a>Key_BatchState</STRONG> (ARM, 196 bytes, Stack size 24 bytes, batchstate.o(.text))
<BR><BR>[Stack]<UL><LI>Max Depth = 88 + Unknown Stack Size
<LI>Call Chain = Key_BatchState &rArr; FRAM_WriteDW &rArr; FRAM_BPHALF &rArr; FRAM_Write_SR &rArr; FRAM_SendByte
</UL>
<BR>[Calls]<UL><LI><a href="#[d0]">&gt;&gt;</a>&nbsp;&nbsp;&nbsp;Key_NumInput
<LI><a href="#[65]">&gt;&gt;</a>&nbsp;&nbsp;&nbsp;FRAM_WriteDW
</UL>
<BR>[Called By]<UL><LI><a href="#[6c]">&gt;&gt;</a>&nbsp;&nbsp;&nbsp;Key_StopState
<LI><a href="#[68]">&gt;&gt;</a>&nbsp;&nbsp;&nbsp;WorkStateDeal
</UL>

<P><STRONG><a name="[81]"></a>Disp_BatchState</STRONG> (ARM, 64 bytes, Stack size 8 bytes, batchstate.o(.text))
<BR><BR>[Stack]<UL><LI>Max Depth = 48 + Unknown Stack Size
<LI>Call Chain = Disp_BatchState &rArr; Disp_Main_Data &rArr; BIN4toNBCD
</UL>
<BR>[Calls]<UL><LI><a href="#[d4]">&gt;&gt;</a>&nbsp;&nbsp;&nbsp;VFD_UnitDisp
<LI><a href="#[d1]">&gt;&gt;</a>&nbsp;&nbsp;&nbsp;VFD_AuxDisp_Str
<LI><a href="#[d3]">&gt;&gt;</a>&nbsp;&nbsp;&nbsp;Flash_MainDisp
<LI><a href="#[d2]">&gt;&gt;</a>&nbsp;&nbsp;&nbsp;Disp_Main_Data
</UL>
<BR>[Called By]<UL><LI><a href="#[78]">&gt;&gt;</a>&nbsp;&nbsp;&nbsp;Disp_MainFun
</UL>

<P><STRONG><a name="[bb]"></a>AdToMv</STRONG> (ARM, 84 bytes, Stack size 0 bytes, calibstate.o(.text))
<BR><BR>[Called By]<UL><LI><a href="#[d7]">&gt;&gt;</a>&nbsp;&nbsp;&nbsp;CalDataInputCheck
<LI><a href="#[ba]">&gt;&gt;</a>&nbsp;&nbsp;&nbsp;JudgeStable
<LI><a href="#[6c]">&gt;&gt;</a>&nbsp;&nbsp;&nbsp;Key_StopState
<LI><a href="#[7e]">&gt;&gt;</a>&nbsp;&nbsp;&nbsp;Disp_CalibState
<LI><a href="#[166]">&gt;&gt;</a>&nbsp;&nbsp;&nbsp;ModBus_Write_4ByteDeal
<LI><a href="#[14f]">&gt;&gt;</a>&nbsp;&nbsp;&nbsp;Modbus_WtOrMvData
</UL>

<P><STRONG><a name="[d5]"></a>MvToAd</STRONG> (ARM, 108 bytes, Stack size 8 bytes, calibstate.o(.text))
<BR><BR>[Stack]<UL><LI>Max Depth = 32<LI>Call Chain = MvToAd &rArr; __aeabi_uldivmod
</UL>
<BR>[Calls]<UL><LI><a href="#[d6]">&gt;&gt;</a>&nbsp;&nbsp;&nbsp;__aeabi_uldivmod
</UL>
<BR>[Called By]<UL><LI><a href="#[6e]">&gt;&gt;</a>&nbsp;&nbsp;&nbsp;Key_CalibState
<LI><a href="#[166]">&gt;&gt;</a>&nbsp;&nbsp;&nbsp;ModBus_Write_4ByteDeal
</UL>

<P><STRONG><a name="[d7]"></a>CalDataInputCheck</STRONG> (ARM, 264 bytes, Stack size 4 bytes, calibstate.o(.text))
<BR><BR>[Stack]<UL><LI>Max Depth = 4<LI>Call Chain = CalDataInputCheck
</UL>
<BR>[Calls]<UL><LI><a href="#[bb]">&gt;&gt;</a>&nbsp;&nbsp;&nbsp;AdToMv
</UL>
<BR>[Called By]<UL><LI><a href="#[6e]">&gt;&gt;</a>&nbsp;&nbsp;&nbsp;Key_CalibState
</UL>

<P><STRONG><a name="[d8]"></a>GetCalibItemValue</STRONG> (ARM, 168 bytes, Stack size 0 bytes, calibstate.o(.text))
<BR><BR>[Called By]<UL><LI><a href="#[6e]">&gt;&gt;</a>&nbsp;&nbsp;&nbsp;Key_CalibState
</UL>

<P><STRONG><a name="[6e]"></a>Key_CalibState</STRONG> (ARM, 2088 bytes, Stack size 48 bytes, calibstate.o(.text))
<BR><BR>[Stack]<UL><LI>Max Depth = 184 + Unknown Stack Size
<LI>Call Chain = Key_CalibState &rArr; ClrSum &rArr; Save_SumData &rArr;  ClrSum (Cycle)
</UL>
<BR>[Calls]<UL><LI><a href="#[d9]">&gt;&gt;</a>&nbsp;&nbsp;&nbsp;Key_IncInput
<LI><a href="#[dc]">&gt;&gt;</a>&nbsp;&nbsp;&nbsp;FRAM_WriteFloat
<LI><a href="#[db]">&gt;&gt;</a>&nbsp;&nbsp;&nbsp;FRAM_ReadFloat
<LI><a href="#[da]">&gt;&gt;</a>&nbsp;&nbsp;&nbsp;ClrSum
<LI><a href="#[d8]">&gt;&gt;</a>&nbsp;&nbsp;&nbsp;GetCalibItemValue
<LI><a href="#[d7]">&gt;&gt;</a>&nbsp;&nbsp;&nbsp;CalDataInputCheck
<LI><a href="#[d5]">&gt;&gt;</a>&nbsp;&nbsp;&nbsp;MvToAd
<LI><a href="#[d0]">&gt;&gt;</a>&nbsp;&nbsp;&nbsp;Key_NumInput
<LI><a href="#[c0]">&gt;&gt;</a>&nbsp;&nbsp;&nbsp;RoundOff
<LI><a href="#[b8]">&gt;&gt;</a>&nbsp;&nbsp;&nbsp;ErrorDeal
<LI><a href="#[4b]">&gt;&gt;</a>&nbsp;&nbsp;&nbsp;VFD_WriteDispRamArry
<LI><a href="#[89]">&gt;&gt;</a>&nbsp;&nbsp;&nbsp;VFD_CopyDispArryToDispRam
<LI><a href="#[65]">&gt;&gt;</a>&nbsp;&nbsp;&nbsp;FRAM_WriteDW
<LI><a href="#[85]">&gt;&gt;</a>&nbsp;&nbsp;&nbsp;Disp_Error
<LI><a href="#[a9]">&gt;&gt;</a>&nbsp;&nbsp;&nbsp;__aeabi_fdiv
<LI><a href="#[a3]">&gt;&gt;</a>&nbsp;&nbsp;&nbsp;__aeabi_uidivmod
<LI><a href="#[a7]">&gt;&gt;</a>&nbsp;&nbsp;&nbsp;__ARM_scalbnf
<LI><a href="#[a5]">&gt;&gt;</a>&nbsp;&nbsp;&nbsp;__aeabi_fmul
<LI><a href="#[a8]">&gt;&gt;</a>&nbsp;&nbsp;&nbsp;__aeabi_ui2f
</UL>
<BR>[Called By]<UL><LI><a href="#[6c]">&gt;&gt;</a>&nbsp;&nbsp;&nbsp;Key_StopState
<LI><a href="#[68]">&gt;&gt;</a>&nbsp;&nbsp;&nbsp;WorkStateDeal
</UL>

<P><STRONG><a name="[7e]"></a>Disp_CalibState</STRONG> (ARM, 952 bytes, Stack size 40 bytes, calibstate.o(.text))
<BR><BR>[Stack]<UL><LI>Max Depth = 80 + Unknown Stack Size
<LI>Call Chain = Disp_CalibState &rArr; Disp_Main_Data &rArr; BIN4toNBCD
</UL>
<BR>[Calls]<UL><LI><a href="#[e1]">&gt;&gt;</a>&nbsp;&nbsp;&nbsp;VFD_MainSigDisp
<LI><a href="#[e0]">&gt;&gt;</a>&nbsp;&nbsp;&nbsp;VFD_MainDisp_Str
<LI><a href="#[df]">&gt;&gt;</a>&nbsp;&nbsp;&nbsp;VFD_FlgDisp_ZERO
<LI><a href="#[de]">&gt;&gt;</a>&nbsp;&nbsp;&nbsp;VFD_FlgDisp_STAB
<LI><a href="#[dd]">&gt;&gt;</a>&nbsp;&nbsp;&nbsp;Disp_InputCode
<LI><a href="#[d4]">&gt;&gt;</a>&nbsp;&nbsp;&nbsp;VFD_UnitDisp
<LI><a href="#[d1]">&gt;&gt;</a>&nbsp;&nbsp;&nbsp;VFD_AuxDisp_Str
<LI><a href="#[d3]">&gt;&gt;</a>&nbsp;&nbsp;&nbsp;Flash_MainDisp
<LI><a href="#[d2]">&gt;&gt;</a>&nbsp;&nbsp;&nbsp;Disp_Main_Data
<LI><a href="#[bb]">&gt;&gt;</a>&nbsp;&nbsp;&nbsp;AdToMv
</UL>
<BR>[Called By]<UL><LI><a href="#[78]">&gt;&gt;</a>&nbsp;&nbsp;&nbsp;Disp_MainFun
</UL>

<P><STRONG><a name="[e2]"></a>Debug_UartInit</STRONG> (ARM, 512 bytes, Stack size 40 bytes, debugstate.o(.text))
<BR><BR>[Stack]<UL><LI>Max Depth = 120 + Unknown Stack Size
<LI>Call Chain = Debug_UartInit &rArr; Uart1_Init &rArr; UartGMInit_UART1 &rArr; UART_Config &rArr; UART_BaudRateConfig &rArr; RCCU_FrequencyValue
</UL>
<BR>[Calls]<UL><LI><a href="#[67]">&gt;&gt;</a>&nbsp;&nbsp;&nbsp;Uart1_Init
<LI><a href="#[66]">&gt;&gt;</a>&nbsp;&nbsp;&nbsp;Uart0_Init
<LI><a href="#[e3]">&gt;&gt;</a>&nbsp;&nbsp;&nbsp;__aeabi_memclr
</UL>
<BR>[Called By]<UL><LI><a href="#[76]">&gt;&gt;</a>&nbsp;&nbsp;&nbsp;Key_DebugState
</UL>

<P><STRONG><a name="[e4]"></a>Debug_UartJudgeDeal</STRONG> (ARM, 656 bytes, Stack size 40 bytes, debugstate.o(.text))
<BR><BR>[Stack]<UL><LI>Max Depth = 520 + Unknown Stack Size
<LI>Call Chain = Debug_UartJudgeDeal &rArr; Com_Modbus &rArr; ModBus_Write_2Byte &rArr; ModBus_Write_2ByteDeal &rArr; Reset_IoDef &rArr; FRAM_WriteDW &rArr; FRAM_BPHALF &rArr; FRAM_Write_SR &rArr; FRAM_SendByte
</UL>
<BR>[Calls]<UL><LI><a href="#[e6]">&gt;&gt;</a>&nbsp;&nbsp;&nbsp;RxdArry_To_TxdArry
<LI><a href="#[e7]">&gt;&gt;</a>&nbsp;&nbsp;&nbsp;RxData_Check
<LI><a href="#[e5]">&gt;&gt;</a>&nbsp;&nbsp;&nbsp;Com_Modbus
<LI><a href="#[e3]">&gt;&gt;</a>&nbsp;&nbsp;&nbsp;__aeabi_memclr
</UL>
<BR>[Called By]<UL><LI><a href="#[76]">&gt;&gt;</a>&nbsp;&nbsp;&nbsp;Key_DebugState
</UL>

<P><STRONG><a name="[76]"></a>Key_DebugState</STRONG> (ARM, 1196 bytes, Stack size 40 bytes, debugstate.o(.text))
<BR><BR>[Stack]<UL><LI>Max Depth = 560 + Unknown Stack Size
<LI>Call Chain = Key_DebugState &rArr; Debug_UartJudgeDeal &rArr; Com_Modbus &rArr; ModBus_Write_2Byte &rArr; ModBus_Write_2ByteDeal &rArr; Reset_IoDef &rArr; FRAM_WriteDW &rArr; FRAM_BPHALF &rArr; FRAM_Write_SR &rArr; FRAM_SendByte
</UL>
<BR>[Calls]<UL><LI><a href="#[e8]">&gt;&gt;</a>&nbsp;&nbsp;&nbsp;Read_SetupData
<LI><a href="#[e4]">&gt;&gt;</a>&nbsp;&nbsp;&nbsp;Debug_UartJudgeDeal
<LI><a href="#[e2]">&gt;&gt;</a>&nbsp;&nbsp;&nbsp;Debug_UartInit
<LI><a href="#[b9]">&gt;&gt;</a>&nbsp;&nbsp;&nbsp;BuzzerStart
<LI><a href="#[67]">&gt;&gt;</a>&nbsp;&nbsp;&nbsp;Uart1_Init
<LI><a href="#[66]">&gt;&gt;</a>&nbsp;&nbsp;&nbsp;Uart0_Init
<LI><a href="#[65]">&gt;&gt;</a>&nbsp;&nbsp;&nbsp;FRAM_WriteDW
</UL>
<BR>[Called By]<UL><LI><a href="#[6c]">&gt;&gt;</a>&nbsp;&nbsp;&nbsp;Key_StopState
<LI><a href="#[68]">&gt;&gt;</a>&nbsp;&nbsp;&nbsp;WorkStateDeal
</UL>

<P><STRONG><a name="[83]"></a>Disp_DebugState</STRONG> (ARM, 304 bytes, Stack size 32 bytes, debugstate.o(.text))
<BR><BR>[Stack]<UL><LI>Max Depth = 48<LI>Call Chain = Disp_DebugState &rArr; Flash_MainDisp
</UL>
<BR>[Calls]<UL><LI><a href="#[e0]">&gt;&gt;</a>&nbsp;&nbsp;&nbsp;VFD_MainDisp_Str
<LI><a href="#[d1]">&gt;&gt;</a>&nbsp;&nbsp;&nbsp;VFD_AuxDisp_Str
<LI><a href="#[d3]">&gt;&gt;</a>&nbsp;&nbsp;&nbsp;Flash_MainDisp
</UL>
<BR>[Called By]<UL><LI><a href="#[78]">&gt;&gt;</a>&nbsp;&nbsp;&nbsp;Disp_MainFun
</UL>

<P><STRONG><a name="[ea]"></a>Flash_Flg</STRONG> (ARM, 72 bytes, Stack size 0 bytes, displayandkey.o(.text))
<BR><BR>[Called By]<UL><LI><a href="#[e9]">&gt;&gt;</a>&nbsp;&nbsp;&nbsp;Disp_FlgLight
<LI><a href="#[82]">&gt;&gt;</a>&nbsp;&nbsp;&nbsp;Disp_SumState
<LI><a href="#[79]">&gt;&gt;</a>&nbsp;&nbsp;&nbsp;Disp_StopRunState
</UL>

<P><STRONG><a name="[e9]"></a>Disp_FlgLight</STRONG> (ARM, 568 bytes, Stack size 24 bytes, displayandkey.o(.text))
<BR><BR>[Stack]<UL><LI>Max Depth = 32<LI>Call Chain = Disp_FlgLight &rArr; Feed_SP
</UL>
<BR>[Calls]<UL><LI><a href="#[ee]">&gt;&gt;</a>&nbsp;&nbsp;&nbsp;VFD_FlgDisp_UNDER
<LI><a href="#[ec]">&gt;&gt;</a>&nbsp;&nbsp;&nbsp;VFD_FlgDisp_SUM
<LI><a href="#[f2]">&gt;&gt;</a>&nbsp;&nbsp;&nbsp;VFD_FlgDisp_SP3
<LI><a href="#[f1]">&gt;&gt;</a>&nbsp;&nbsp;&nbsp;VFD_FlgDisp_SP2
<LI><a href="#[f0]">&gt;&gt;</a>&nbsp;&nbsp;&nbsp;VFD_FlgDisp_SP1
<LI><a href="#[eb]">&gt;&gt;</a>&nbsp;&nbsp;&nbsp;VFD_FlgDisp_RUN
<LI><a href="#[ed]">&gt;&gt;</a>&nbsp;&nbsp;&nbsp;VFD_FlgDisp_OVER
<LI><a href="#[f4]">&gt;&gt;</a>&nbsp;&nbsp;&nbsp;VFD_FlgDisp_NZ
<LI><a href="#[fb]">&gt;&gt;</a>&nbsp;&nbsp;&nbsp;VFD_FlgDisp_LOLIM
<LI><a href="#[fa]">&gt;&gt;</a>&nbsp;&nbsp;&nbsp;VFD_FlgDisp_LO
<LI><a href="#[fc]">&gt;&gt;</a>&nbsp;&nbsp;&nbsp;VFD_FlgDisp_HOLD
<LI><a href="#[f7]">&gt;&gt;</a>&nbsp;&nbsp;&nbsp;VFD_FlgDisp_HILIM
<LI><a href="#[f8]">&gt;&gt;</a>&nbsp;&nbsp;&nbsp;VFD_FlgDisp_HI
<LI><a href="#[f9]">&gt;&gt;</a>&nbsp;&nbsp;&nbsp;VFD_FlgDisp_GO
<LI><a href="#[f5]">&gt;&gt;</a>&nbsp;&nbsp;&nbsp;VFD_FlgDisp_FILL
<LI><a href="#[f3]">&gt;&gt;</a>&nbsp;&nbsp;&nbsp;VFD_FlgDisp_DISC
<LI><a href="#[f6]">&gt;&gt;</a>&nbsp;&nbsp;&nbsp;GPIO_BitRead
<LI><a href="#[ef]">&gt;&gt;</a>&nbsp;&nbsp;&nbsp;Feed_SP
<LI><a href="#[ea]">&gt;&gt;</a>&nbsp;&nbsp;&nbsp;Flash_Flg
<LI><a href="#[df]">&gt;&gt;</a>&nbsp;&nbsp;&nbsp;VFD_FlgDisp_ZERO
<LI><a href="#[de]">&gt;&gt;</a>&nbsp;&nbsp;&nbsp;VFD_FlgDisp_STAB
</UL>
<BR>[Called By]<UL><LI><a href="#[82]">&gt;&gt;</a>&nbsp;&nbsp;&nbsp;Disp_SumState
<LI><a href="#[79]">&gt;&gt;</a>&nbsp;&nbsp;&nbsp;Disp_StopRunState
</UL>

<P><STRONG><a name="[fd]"></a>monthfromname</STRONG> (ARM, 120 bytes, Stack size 56 bytes, displayandkey.o(.text))
<BR><BR>[Stack]<UL><LI>Max Depth = 64<LI>Call Chain = monthfromname &rArr; __aeabi_memcpy4
</UL>
<BR>[Calls]<UL><LI><a href="#[fe]">&gt;&gt;</a>&nbsp;&nbsp;&nbsp;__aeabi_memcpy4
</UL>
<BR>[Called By]<UL><LI><a href="#[101]">&gt;&gt;</a>&nbsp;&nbsp;&nbsp;Disp_VersionType
</UL>

<P><STRONG><a name="[100]"></a>Disp_Echo0</STRONG> (ARM, 52 bytes, Stack size 0 bytes, displayandkey.o(.text))
<BR><BR>[Called By]<UL><LI><a href="#[d2]">&gt;&gt;</a>&nbsp;&nbsp;&nbsp;Disp_Main_Data
<LI><a href="#[82]">&gt;&gt;</a>&nbsp;&nbsp;&nbsp;Disp_SumState
</UL>

<P><STRONG><a name="[d2]"></a>Disp_Main_Data</STRONG> (ARM, 220 bytes, Stack size 24 bytes, displayandkey.o(.text))
<BR><BR>[Stack]<UL><LI>Max Depth = 40 + Unknown Stack Size
<LI>Call Chain = Disp_Main_Data &rArr; BIN4toNBCD
</UL>
<BR>[Calls]<UL><LI><a href="#[ff]">&gt;&gt;</a>&nbsp;&nbsp;&nbsp;BIN4toNBCD
<LI><a href="#[100]">&gt;&gt;</a>&nbsp;&nbsp;&nbsp;Disp_Echo0
<LI><a href="#[e0]">&gt;&gt;</a>&nbsp;&nbsp;&nbsp;VFD_MainDisp_Str
<LI><a href="#[89]">&gt;&gt;</a>&nbsp;&nbsp;&nbsp;VFD_CopyDispArryToDispRam
<LI><a href="#[a3]">&gt;&gt;</a>&nbsp;&nbsp;&nbsp;__aeabi_uidivmod
</UL>
<BR>[Called By]<UL><LI><a href="#[101]">&gt;&gt;</a>&nbsp;&nbsp;&nbsp;Disp_VersionType
<LI><a href="#[82]">&gt;&gt;</a>&nbsp;&nbsp;&nbsp;Disp_SumState
<LI><a href="#[79]">&gt;&gt;</a>&nbsp;&nbsp;&nbsp;Disp_StopRunState
<LI><a href="#[80]">&gt;&gt;</a>&nbsp;&nbsp;&nbsp;Disp_ShutdownState
<LI><a href="#[7b]">&gt;&gt;</a>&nbsp;&nbsp;&nbsp;Disp_SetupState
<LI><a href="#[7a]">&gt;&gt;</a>&nbsp;&nbsp;&nbsp;Disp_RecipeState
<LI><a href="#[7e]">&gt;&gt;</a>&nbsp;&nbsp;&nbsp;Disp_CalibState
<LI><a href="#[81]">&gt;&gt;</a>&nbsp;&nbsp;&nbsp;Disp_BatchState
</UL>

<P><STRONG><a name="[101]"></a>Disp_VersionType</STRONG> (ARM, 824 bytes, Stack size 56 bytes, displayandkey.o(.text))
<BR><BR>[Stack]<UL><LI>Max Depth = 120 + Unknown Stack Size
<LI>Call Chain = Disp_VersionType &rArr; monthfromname &rArr; __aeabi_memcpy4
</UL>
<BR>[Calls]<UL><LI><a href="#[104]">&gt;&gt;</a>&nbsp;&nbsp;&nbsp;VFD_MainDisp_u32
<LI><a href="#[103]">&gt;&gt;</a>&nbsp;&nbsp;&nbsp;GradeShutCodeEQ
<LI><a href="#[102]">&gt;&gt;</a>&nbsp;&nbsp;&nbsp;GetRandom
<LI><a href="#[fd]">&gt;&gt;</a>&nbsp;&nbsp;&nbsp;monthfromname
<LI><a href="#[e0]">&gt;&gt;</a>&nbsp;&nbsp;&nbsp;VFD_MainDisp_Str
<LI><a href="#[d1]">&gt;&gt;</a>&nbsp;&nbsp;&nbsp;VFD_AuxDisp_Str
<LI><a href="#[d2]">&gt;&gt;</a>&nbsp;&nbsp;&nbsp;Disp_Main_Data
<LI><a href="#[4b]">&gt;&gt;</a>&nbsp;&nbsp;&nbsp;VFD_WriteDispRamArry
<LI><a href="#[89]">&gt;&gt;</a>&nbsp;&nbsp;&nbsp;VFD_CopyDispArryToDispRam
<LI><a href="#[4a]">&gt;&gt;</a>&nbsp;&nbsp;&nbsp;VFD_ClrDispRam
<LI><a href="#[61]">&gt;&gt;</a>&nbsp;&nbsp;&nbsp;UpdataGrandShutCode
<LI><a href="#[65]">&gt;&gt;</a>&nbsp;&nbsp;&nbsp;FRAM_WriteDW
<LI><a href="#[a3]">&gt;&gt;</a>&nbsp;&nbsp;&nbsp;__aeabi_uidivmod
</UL>
<BR>[Called By]<UL><LI><a href="#[91]">&gt;&gt;</a>&nbsp;&nbsp;&nbsp;Disp_Version
</UL>

<P><STRONG><a name="[4f]"></a>Key_Deal</STRONG> (ARM, 256 bytes, Stack size 16 bytes, displayandkey.o(.text))
<BR><BR>[Stack]<UL><LI>Max Depth = 48<LI>Call Chain = Key_Deal &rArr; VFD_ReadKey &rArr; VFD_ReceiveByte
</UL>
<BR>[Calls]<UL><LI><a href="#[105]">&gt;&gt;</a>&nbsp;&nbsp;&nbsp;VFD_ReadKey
<LI><a href="#[b9]">&gt;&gt;</a>&nbsp;&nbsp;&nbsp;BuzzerStart
</UL>
<BR>[Called By]<UL><LI><a href="#[106]">&gt;&gt;</a>&nbsp;&nbsp;&nbsp;ModelSet
<LI><a href="#[92]">&gt;&gt;</a>&nbsp;&nbsp;&nbsp;Sys_Closed_Set
<LI><a href="#[53]">&gt;&gt;</a>&nbsp;&nbsp;&nbsp;Reset_Parameter
<LI><a href="#[91]">&gt;&gt;</a>&nbsp;&nbsp;&nbsp;Disp_Version
<LI><a href="#[54]">&gt;&gt;</a>&nbsp;&nbsp;&nbsp;BorR_Parameter
<LI><a href="#[68]">&gt;&gt;</a>&nbsp;&nbsp;&nbsp;WorkStateDeal
<LI><a href="#[48]">&gt;&gt;</a>&nbsp;&nbsp;&nbsp;Flash_All3t
</UL>

<P><STRONG><a name="[91]"></a>Disp_Version</STRONG> (ARM, 248 bytes, Stack size 24 bytes, displayandkey.o(.text))
<BR><BR>[Stack]<UL><LI>Max Depth = 264 + Unknown Stack Size
<LI>Call Chain = Disp_Version &rArr; ModelSet &rArr; Key_ModelSetState &rArr; Key_T9Input &rArr; __aeabi_memcpy4
</UL>
<BR>[Calls]<UL><LI><a href="#[106]">&gt;&gt;</a>&nbsp;&nbsp;&nbsp;ModelSet
<LI><a href="#[101]">&gt;&gt;</a>&nbsp;&nbsp;&nbsp;Disp_VersionType
<LI><a href="#[50]">&gt;&gt;</a>&nbsp;&nbsp;&nbsp;OPBuzzer
<LI><a href="#[4f]">&gt;&gt;</a>&nbsp;&nbsp;&nbsp;Key_Deal
</UL>
<BR>[Called By]<UL><LI><a href="#[27]">&gt;&gt;</a>&nbsp;&nbsp;&nbsp;main
</UL>

<P><STRONG><a name="[107]"></a>Disp_Aux_Rec</STRONG> (ARM, 84 bytes, Stack size 16 bytes, displayandkey.o(.text))
<BR><BR>[Stack]<UL><LI>Max Depth = 16 + Unknown Stack Size
<LI>Call Chain = Disp_Aux_Rec
</UL>
<BR>[Calls]<UL><LI><a href="#[a3]">&gt;&gt;</a>&nbsp;&nbsp;&nbsp;__aeabi_uidivmod
</UL>
<BR>[Called By]<UL><LI><a href="#[82]">&gt;&gt;</a>&nbsp;&nbsp;&nbsp;Disp_SumState
<LI><a href="#[84]">&gt;&gt;</a>&nbsp;&nbsp;&nbsp;Disp_PrintState
</UL>

<P><STRONG><a name="[108]"></a>Key_T9Input</STRONG> (ARM, 428 bytes, Stack size 168 bytes, displayandkey.o(.text))
<BR><BR>[Stack]<UL><LI>Max Depth = 176<LI>Call Chain = Key_T9Input &rArr; __aeabi_memcpy4
</UL>
<BR>[Calls]<UL><LI><a href="#[fe]">&gt;&gt;</a>&nbsp;&nbsp;&nbsp;__aeabi_memcpy4
</UL>
<BR>[Called By]<UL><LI><a href="#[186]">&gt;&gt;</a>&nbsp;&nbsp;&nbsp;Key_ModelSetState
</UL>

<P><STRONG><a name="[d0]"></a>Key_NumInput</STRONG> (ARM, 488 bytes, Stack size 8 bytes, displayandkey.o(.text))
<BR><BR>[Stack]<UL><LI>Max Depth = 8 + Unknown Stack Size
<LI>Call Chain = Key_NumInput
</UL>
<BR>[Calls]<UL><LI><a href="#[a3]">&gt;&gt;</a>&nbsp;&nbsp;&nbsp;__aeabi_uidivmod
</UL>
<BR>[Called By]<UL><LI><a href="#[72]">&gt;&gt;</a>&nbsp;&nbsp;&nbsp;Key_SumState
<LI><a href="#[75]">&gt;&gt;</a>&nbsp;&nbsp;&nbsp;Key_ShutdownState
<LI><a href="#[6d]">&gt;&gt;</a>&nbsp;&nbsp;&nbsp;Key_SetupState
<LI><a href="#[71]">&gt;&gt;</a>&nbsp;&nbsp;&nbsp;Key_RecipeState
<LI><a href="#[77]">&gt;&gt;</a>&nbsp;&nbsp;&nbsp;Key_PrintState
<LI><a href="#[73]">&gt;&gt;</a>&nbsp;&nbsp;&nbsp;Key_IoTestState
<LI><a href="#[74]">&gt;&gt;</a>&nbsp;&nbsp;&nbsp;Key_IoDefState
<LI><a href="#[6e]">&gt;&gt;</a>&nbsp;&nbsp;&nbsp;Key_CalibState
<LI><a href="#[6f]">&gt;&gt;</a>&nbsp;&nbsp;&nbsp;Key_BatchState
<LI><a href="#[1d8]">&gt;&gt;</a>&nbsp;&nbsp;&nbsp;Key_FastSetState
<LI><a href="#[186]">&gt;&gt;</a>&nbsp;&nbsp;&nbsp;Key_ModelSetState
<LI><a href="#[182]">&gt;&gt;</a>&nbsp;&nbsp;&nbsp;Key_BorRState
<LI><a href="#[17f]">&gt;&gt;</a>&nbsp;&nbsp;&nbsp;Key_ResetState
</UL>

<P><STRONG><a name="[d9]"></a>Key_IncInput</STRONG> (ARM, 32 bytes, Stack size 0 bytes, displayandkey.o(.text))
<BR><BR>[Called By]<UL><LI><a href="#[75]">&gt;&gt;</a>&nbsp;&nbsp;&nbsp;Key_ShutdownState
<LI><a href="#[6d]">&gt;&gt;</a>&nbsp;&nbsp;&nbsp;Key_SetupState
<LI><a href="#[71]">&gt;&gt;</a>&nbsp;&nbsp;&nbsp;Key_RecipeState
<LI><a href="#[73]">&gt;&gt;</a>&nbsp;&nbsp;&nbsp;Key_IoTestState
<LI><a href="#[74]">&gt;&gt;</a>&nbsp;&nbsp;&nbsp;Key_IoDefState
<LI><a href="#[6e]">&gt;&gt;</a>&nbsp;&nbsp;&nbsp;Key_CalibState
<LI><a href="#[186]">&gt;&gt;</a>&nbsp;&nbsp;&nbsp;Key_ModelSetState
</UL>

<P><STRONG><a name="[b8]"></a>ErrorDeal</STRONG> (ARM, 60 bytes, Stack size 0 bytes, displayandkey.o(.text))
<BR><BR>[Stack]<UL><LI>Max Depth = 8<LI>Call Chain = ErrorDeal &rArr; BuzzerStart
</UL>
<BR>[Calls]<UL><LI><a href="#[b9]">&gt;&gt;</a>&nbsp;&nbsp;&nbsp;BuzzerStart
</UL>
<BR>[Called By]<UL><LI><a href="#[118]">&gt;&gt;</a>&nbsp;&nbsp;&nbsp;RunStopInit
<LI><a href="#[b7]">&gt;&gt;</a>&nbsp;&nbsp;&nbsp;Clr0
<LI><a href="#[72]">&gt;&gt;</a>&nbsp;&nbsp;&nbsp;Key_SumState
<LI><a href="#[6c]">&gt;&gt;</a>&nbsp;&nbsp;&nbsp;Key_StopState
<LI><a href="#[75]">&gt;&gt;</a>&nbsp;&nbsp;&nbsp;Key_ShutdownState
<LI><a href="#[6d]">&gt;&gt;</a>&nbsp;&nbsp;&nbsp;Key_SetupState
<LI><a href="#[71]">&gt;&gt;</a>&nbsp;&nbsp;&nbsp;Key_RecipeState
<LI><a href="#[77]">&gt;&gt;</a>&nbsp;&nbsp;&nbsp;Key_PrintState
<LI><a href="#[73]">&gt;&gt;</a>&nbsp;&nbsp;&nbsp;Key_IoTestState
<LI><a href="#[74]">&gt;&gt;</a>&nbsp;&nbsp;&nbsp;Key_IoDefState
<LI><a href="#[70]">&gt;&gt;</a>&nbsp;&nbsp;&nbsp;Key_DateTimeState
<LI><a href="#[6e]">&gt;&gt;</a>&nbsp;&nbsp;&nbsp;Key_CalibState
<LI><a href="#[1d8]">&gt;&gt;</a>&nbsp;&nbsp;&nbsp;Key_FastSetState
<LI><a href="#[1ba]">&gt;&gt;</a>&nbsp;&nbsp;&nbsp;Disc
<LI><a href="#[1b4]">&gt;&gt;</a>&nbsp;&nbsp;&nbsp;OneTareOver
<LI><a href="#[1ae]">&gt;&gt;</a>&nbsp;&nbsp;&nbsp;Over_Under
<LI><a href="#[186]">&gt;&gt;</a>&nbsp;&nbsp;&nbsp;Key_ModelSetState
<LI><a href="#[182]">&gt;&gt;</a>&nbsp;&nbsp;&nbsp;Key_BorRState
<LI><a href="#[17f]">&gt;&gt;</a>&nbsp;&nbsp;&nbsp;Key_ResetState
</UL>

<P><STRONG><a name="[85]"></a>Disp_Error</STRONG> (ARM, 200 bytes, Stack size 16 bytes, displayandkey.o(.text))
<BR><BR>[Stack]<UL><LI>Max Depth = 16 + Unknown Stack Size
<LI>Call Chain = Disp_Error
</UL>
<BR>[Calls]<UL><LI><a href="#[a3]">&gt;&gt;</a>&nbsp;&nbsp;&nbsp;__aeabi_uidivmod
</UL>
<BR>[Called By]<UL><LI><a href="#[106]">&gt;&gt;</a>&nbsp;&nbsp;&nbsp;ModelSet
<LI><a href="#[53]">&gt;&gt;</a>&nbsp;&nbsp;&nbsp;Reset_Parameter
<LI><a href="#[72]">&gt;&gt;</a>&nbsp;&nbsp;&nbsp;Key_SumState
<LI><a href="#[75]">&gt;&gt;</a>&nbsp;&nbsp;&nbsp;Key_ShutdownState
<LI><a href="#[6d]">&gt;&gt;</a>&nbsp;&nbsp;&nbsp;Key_SetupState
<LI><a href="#[71]">&gt;&gt;</a>&nbsp;&nbsp;&nbsp;Key_RecipeState
<LI><a href="#[73]">&gt;&gt;</a>&nbsp;&nbsp;&nbsp;Key_IoTestState
<LI><a href="#[74]">&gt;&gt;</a>&nbsp;&nbsp;&nbsp;Key_IoDefState
<LI><a href="#[6e]">&gt;&gt;</a>&nbsp;&nbsp;&nbsp;Key_CalibState
<LI><a href="#[54]">&gt;&gt;</a>&nbsp;&nbsp;&nbsp;BorR_Parameter
<LI><a href="#[78]">&gt;&gt;</a>&nbsp;&nbsp;&nbsp;Disp_MainFun
<LI><a href="#[186]">&gt;&gt;</a>&nbsp;&nbsp;&nbsp;Key_ModelSetState
<LI><a href="#[182]">&gt;&gt;</a>&nbsp;&nbsp;&nbsp;Key_BorRState
<LI><a href="#[17f]">&gt;&gt;</a>&nbsp;&nbsp;&nbsp;Key_ResetState
</UL>

<P><STRONG><a name="[d3]"></a>Flash_MainDisp</STRONG> (ARM, 116 bytes, Stack size 16 bytes, displayandkey.o(.text))
<BR><BR>[Stack]<UL><LI>Max Depth = 16<LI>Call Chain = Flash_MainDisp
</UL>
<BR>[Called By]<UL><LI><a href="#[82]">&gt;&gt;</a>&nbsp;&nbsp;&nbsp;Disp_SumState
<LI><a href="#[79]">&gt;&gt;</a>&nbsp;&nbsp;&nbsp;Disp_StopRunState
<LI><a href="#[80]">&gt;&gt;</a>&nbsp;&nbsp;&nbsp;Disp_ShutdownState
<LI><a href="#[7b]">&gt;&gt;</a>&nbsp;&nbsp;&nbsp;Disp_SetupState
<LI><a href="#[7a]">&gt;&gt;</a>&nbsp;&nbsp;&nbsp;Disp_RecipeState
<LI><a href="#[7c]">&gt;&gt;</a>&nbsp;&nbsp;&nbsp;Disp_IoTestState
<LI><a href="#[7d]">&gt;&gt;</a>&nbsp;&nbsp;&nbsp;Disp_IoDefState
<LI><a href="#[83]">&gt;&gt;</a>&nbsp;&nbsp;&nbsp;Disp_DebugState
<LI><a href="#[7f]">&gt;&gt;</a>&nbsp;&nbsp;&nbsp;Disp_DateTimeState
<LI><a href="#[7e]">&gt;&gt;</a>&nbsp;&nbsp;&nbsp;Disp_CalibState
<LI><a href="#[81]">&gt;&gt;</a>&nbsp;&nbsp;&nbsp;Disp_BatchState
<LI><a href="#[183]">&gt;&gt;</a>&nbsp;&nbsp;&nbsp;Disp_BorRState
<LI><a href="#[180]">&gt;&gt;</a>&nbsp;&nbsp;&nbsp;Disp_ResetState
</UL>

<P><STRONG><a name="[129]"></a>Flash_AuxDisp</STRONG> (ARM, 116 bytes, Stack size 16 bytes, displayandkey.o(.text))
<BR><BR>[Stack]<UL><LI>Max Depth = 16<LI>Call Chain = Flash_AuxDisp
</UL>
<BR>[Called By]<UL><LI><a href="#[82]">&gt;&gt;</a>&nbsp;&nbsp;&nbsp;Disp_SumState
<LI><a href="#[84]">&gt;&gt;</a>&nbsp;&nbsp;&nbsp;Disp_PrintState
<LI><a href="#[7d]">&gt;&gt;</a>&nbsp;&nbsp;&nbsp;Disp_IoDefState
</UL>

<P><STRONG><a name="[dd]"></a>Disp_InputCode</STRONG> (ARM, 280 bytes, Stack size 8 bytes, displayandkey.o(.text))
<BR><BR>[Stack]<UL><LI>Max Depth = 8<LI>Call Chain = Disp_InputCode
</UL>
<BR>[Calls]<UL><LI><a href="#[e0]">&gt;&gt;</a>&nbsp;&nbsp;&nbsp;VFD_MainDisp_Str
<LI><a href="#[d1]">&gt;&gt;</a>&nbsp;&nbsp;&nbsp;VFD_AuxDisp_Str
</UL>
<BR>[Called By]<UL><LI><a href="#[82]">&gt;&gt;</a>&nbsp;&nbsp;&nbsp;Disp_SumState
<LI><a href="#[80]">&gt;&gt;</a>&nbsp;&nbsp;&nbsp;Disp_ShutdownState
<LI><a href="#[7b]">&gt;&gt;</a>&nbsp;&nbsp;&nbsp;Disp_SetupState
<LI><a href="#[7a]">&gt;&gt;</a>&nbsp;&nbsp;&nbsp;Disp_RecipeState
<LI><a href="#[7c]">&gt;&gt;</a>&nbsp;&nbsp;&nbsp;Disp_IoTestState
<LI><a href="#[7d]">&gt;&gt;</a>&nbsp;&nbsp;&nbsp;Disp_IoDefState
<LI><a href="#[7e]">&gt;&gt;</a>&nbsp;&nbsp;&nbsp;Disp_CalibState
<LI><a href="#[187]">&gt;&gt;</a>&nbsp;&nbsp;&nbsp;Disp_ModelSetState
<LI><a href="#[183]">&gt;&gt;</a>&nbsp;&nbsp;&nbsp;Disp_BorRState
<LI><a href="#[180]">&gt;&gt;</a>&nbsp;&nbsp;&nbsp;Disp_ResetState
</UL>

<P><STRONG><a name="[109]"></a>Disp_OnOff</STRONG> (ARM, 16 bytes, Stack size 0 bytes, displayandkey.o(.text))
<BR><BR>[Calls]<UL><LI><a href="#[e0]">&gt;&gt;</a>&nbsp;&nbsp;&nbsp;VFD_MainDisp_Str
</UL>
<BR>[Called By]<UL><LI><a href="#[80]">&gt;&gt;</a>&nbsp;&nbsp;&nbsp;Disp_ShutdownState
<LI><a href="#[7b]">&gt;&gt;</a>&nbsp;&nbsp;&nbsp;Disp_SetupState
<LI><a href="#[7a]">&gt;&gt;</a>&nbsp;&nbsp;&nbsp;Disp_RecipeState
<LI><a href="#[7c]">&gt;&gt;</a>&nbsp;&nbsp;&nbsp;Disp_IoTestState
<LI><a href="#[7d]">&gt;&gt;</a>&nbsp;&nbsp;&nbsp;Disp_IoDefState
<LI><a href="#[187]">&gt;&gt;</a>&nbsp;&nbsp;&nbsp;Disp_ModelSetState
</UL>

<P><STRONG><a name="[10a]"></a>Disp_FlapOnOff</STRONG> (ARM, 40 bytes, Stack size 0 bytes, displayandkey.o(.text))
<BR><BR>[Calls]<UL><LI><a href="#[e0]">&gt;&gt;</a>&nbsp;&nbsp;&nbsp;VFD_MainDisp_Str
</UL>
<BR>[Called By]<UL><LI><a href="#[7a]">&gt;&gt;</a>&nbsp;&nbsp;&nbsp;Disp_RecipeState
</UL>

<P><STRONG><a name="[10b]"></a>Disp_TareMode</STRONG> (ARM, 84 bytes, Stack size 0 bytes, displayandkey.o(.text))
<BR><BR>[Calls]<UL><LI><a href="#[e0]">&gt;&gt;</a>&nbsp;&nbsp;&nbsp;VFD_MainDisp_Str
</UL>
<BR>[Called By]<UL><LI><a href="#[7b]">&gt;&gt;</a>&nbsp;&nbsp;&nbsp;Disp_SetupState
</UL>

<P><STRONG><a name="[10c]"></a>Disp_GorNMode</STRONG> (ARM, 16 bytes, Stack size 0 bytes, displayandkey.o(.text))
<BR><BR>[Calls]<UL><LI><a href="#[e0]">&gt;&gt;</a>&nbsp;&nbsp;&nbsp;VFD_MainDisp_Str
</UL>
<BR>[Called By]<UL><LI><a href="#[7b]">&gt;&gt;</a>&nbsp;&nbsp;&nbsp;Disp_SetupState
</UL>

<P><STRONG><a name="[10d]"></a>Disp_BaudRate</STRONG> (ARM, 404 bytes, Stack size 0 bytes, displayandkey.o(.text))
<BR><BR>[Calls]<UL><LI><a href="#[e0]">&gt;&gt;</a>&nbsp;&nbsp;&nbsp;VFD_MainDisp_Str
</UL>
<BR>[Called By]<UL><LI><a href="#[7b]">&gt;&gt;</a>&nbsp;&nbsp;&nbsp;Disp_SetupState
</UL>

<P><STRONG><a name="[10e]"></a>Disp_GSDType</STRONG> (ARM, 16 bytes, Stack size 0 bytes, displayandkey.o(.text))
<BR><BR>[Calls]<UL><LI><a href="#[e0]">&gt;&gt;</a>&nbsp;&nbsp;&nbsp;VFD_MainDisp_Str
</UL>
<BR>[Called By]<UL><LI><a href="#[7b]">&gt;&gt;</a>&nbsp;&nbsp;&nbsp;Disp_SetupState
</UL>

<P><STRONG><a name="[10f]"></a>Disp_ComMode</STRONG> (ARM, 96 bytes, Stack size 0 bytes, displayandkey.o(.text))
<BR><BR>[Calls]<UL><LI><a href="#[e0]">&gt;&gt;</a>&nbsp;&nbsp;&nbsp;VFD_MainDisp_Str
</UL>
<BR>[Called By]<UL><LI><a href="#[7b]">&gt;&gt;</a>&nbsp;&nbsp;&nbsp;Disp_SetupState
</UL>

<P><STRONG><a name="[110]"></a>Disp_FeedMode</STRONG> (ARM, 16 bytes, Stack size 0 bytes, displayandkey.o(.text))
<BR><BR>[Calls]<UL><LI><a href="#[e0]">&gt;&gt;</a>&nbsp;&nbsp;&nbsp;VFD_MainDisp_Str
</UL>
<BR>[Called By]<UL><LI><a href="#[7b]">&gt;&gt;</a>&nbsp;&nbsp;&nbsp;Disp_SetupState
</UL>

<P><STRONG><a name="[111]"></a>Disp_ParityMode</STRONG> (ARM, 96 bytes, Stack size 0 bytes, displayandkey.o(.text))
<BR><BR>[Calls]<UL><LI><a href="#[e0]">&gt;&gt;</a>&nbsp;&nbsp;&nbsp;VFD_MainDisp_Str
</UL>
<BR>[Called By]<UL><LI><a href="#[7b]">&gt;&gt;</a>&nbsp;&nbsp;&nbsp;Disp_SetupState
</UL>

<P><STRONG><a name="[112]"></a>Disp_HiLo</STRONG> (ARM, 16 bytes, Stack size 0 bytes, displayandkey.o(.text))
<BR><BR>[Calls]<UL><LI><a href="#[e0]">&gt;&gt;</a>&nbsp;&nbsp;&nbsp;VFD_MainDisp_Str
</UL>
<BR>[Called By]<UL><LI><a href="#[7b]">&gt;&gt;</a>&nbsp;&nbsp;&nbsp;Disp_SetupState
</UL>

<P><STRONG><a name="[113]"></a>Disp_PrintType</STRONG> (ARM, 28 bytes, Stack size 0 bytes, displayandkey.o(.text))
<BR><BR>[Calls]<UL><LI><a href="#[e0]">&gt;&gt;</a>&nbsp;&nbsp;&nbsp;VFD_MainDisp_Str
</UL>
<BR>[Called By]<UL><LI><a href="#[7b]">&gt;&gt;</a>&nbsp;&nbsp;&nbsp;Disp_SetupState
</UL>

<P><STRONG><a name="[114]"></a>Disp_No2PackOffTwoSwitch</STRONG> (ARM, 28 bytes, Stack size 0 bytes, displayandkey.o(.text))
<BR><BR>[Calls]<UL><LI><a href="#[e0]">&gt;&gt;</a>&nbsp;&nbsp;&nbsp;VFD_MainDisp_Str
</UL>
<BR>[Called By]<UL><LI><a href="#[7b]">&gt;&gt;</a>&nbsp;&nbsp;&nbsp;Disp_SetupState
</UL>

<P><STRONG><a name="[115]"></a>Disp_PrintLanguage</STRONG> (ARM, 16 bytes, Stack size 0 bytes, displayandkey.o(.text))
<BR><BR>[Calls]<UL><LI><a href="#[e0]">&gt;&gt;</a>&nbsp;&nbsp;&nbsp;VFD_MainDisp_Str
</UL>
<BR>[Called By]<UL><LI><a href="#[7b]">&gt;&gt;</a>&nbsp;&nbsp;&nbsp;Disp_SetupState
</UL>

<P><STRONG><a name="[116]"></a>Disp_AdSamplingRate</STRONG> (ARM, 312 bytes, Stack size 0 bytes, displayandkey.o(.text))
<BR><BR>[Calls]<UL><LI><a href="#[e0]">&gt;&gt;</a>&nbsp;&nbsp;&nbsp;VFD_MainDisp_Str
</UL>
<BR>[Called By]<UL><LI><a href="#[7b]">&gt;&gt;</a>&nbsp;&nbsp;&nbsp;Disp_SetupState
</UL>

<P><STRONG><a name="[117]"></a>Disp_ExtType</STRONG> (ARM, 40 bytes, Stack size 0 bytes, displayandkey.o(.text))
<BR><BR>[Calls]<UL><LI><a href="#[e0]">&gt;&gt;</a>&nbsp;&nbsp;&nbsp;VFD_MainDisp_Str
</UL>
<BR>[Called By]<UL><LI><a href="#[7b]">&gt;&gt;</a>&nbsp;&nbsp;&nbsp;Disp_SetupState
</UL>

<P><STRONG><a name="[17a]"></a>IoDefPointerRefresh</STRONG> (ARM, 316 bytes, Stack size 0 bytes, io.o(.text))
<BR><BR>[Called By]<UL><LI><a href="#[179]">&gt;&gt;</a>&nbsp;&nbsp;&nbsp;Read_IoDefData
<LI><a href="#[15d]">&gt;&gt;</a>&nbsp;&nbsp;&nbsp;TareModeChange
</UL>

<P><STRONG><a name="[128]"></a>GetIoAddr</STRONG> (ARM, 108 bytes, Stack size 0 bytes, io.o(.text))
<BR><BR>[Called By]<UL><LI><a href="#[74]">&gt;&gt;</a>&nbsp;&nbsp;&nbsp;Key_IoDefState
<LI><a href="#[15c]">&gt;&gt;</a>&nbsp;&nbsp;&nbsp;ModBus_Write_2ByteDeal
</UL>

<P><STRONG><a name="[119]"></a>JSD_Init</STRONG> (ARM, 40 bytes, Stack size 0 bytes, io.o(.text))
<BR><BR>[Called By]<UL><LI><a href="#[118]">&gt;&gt;</a>&nbsp;&nbsp;&nbsp;RunStopInit
</UL>

<P><STRONG><a name="[118]"></a>RunStopInit</STRONG> (ARM, 700 bytes, Stack size 40 bytes, io.o(.text))
<BR><BR>[Stack]<UL><LI>Max Depth = 128 + In Cycle
<LI>Call Chain = RunStopInit &rArr;  Clr_Alarm (Cycle)
</UL>
<BR>[Calls]<UL><LI><a href="#[11d]">&gt;&gt;</a>&nbsp;&nbsp;&nbsp;UpdateFastSetRec
<LI><a href="#[11c]">&gt;&gt;</a>&nbsp;&nbsp;&nbsp;StatisticSaveStartTime
<LI><a href="#[11b]">&gt;&gt;</a>&nbsp;&nbsp;&nbsp;StatisticClrStruct
<LI><a href="#[11f]">&gt;&gt;</a>&nbsp;&nbsp;&nbsp;StabOver
<LI><a href="#[11e]">&gt;&gt;</a>&nbsp;&nbsp;&nbsp;PrintStart
<LI><a href="#[11a]">&gt;&gt;</a>&nbsp;&nbsp;&nbsp;PredictSp3_Init
<LI><a href="#[120]">&gt;&gt;</a>&nbsp;&nbsp;&nbsp;Clr_Alarm
<LI><a href="#[119]">&gt;&gt;</a>&nbsp;&nbsp;&nbsp;JSD_Init
<LI><a href="#[b8]">&gt;&gt;</a>&nbsp;&nbsp;&nbsp;ErrorDeal
<LI><a href="#[99]">&gt;&gt;</a>&nbsp;&nbsp;&nbsp;Adapt_InitDataFirstRun
<LI><a href="#[65]">&gt;&gt;</a>&nbsp;&nbsp;&nbsp;FRAM_WriteDW
</UL>
<BR>[Called By]<UL><LI><a href="#[12b]">&gt;&gt;</a>&nbsp;&nbsp;&nbsp;IO_InDeal
<LI><a href="#[120]">&gt;&gt;</a>&nbsp;&nbsp;&nbsp;Clr_Alarm
<LI><a href="#[6c]">&gt;&gt;</a>&nbsp;&nbsp;&nbsp;Key_StopState
<LI><a href="#[6b]">&gt;&gt;</a>&nbsp;&nbsp;&nbsp;Key_RunState
<LI><a href="#[1bb]">&gt;&gt;</a>&nbsp;&nbsp;&nbsp;WaitT4
<LI><a href="#[1b4]">&gt;&gt;</a>&nbsp;&nbsp;&nbsp;OneTareOver
<LI><a href="#[1a6]">&gt;&gt;</a>&nbsp;&nbsp;&nbsp;Pbus_ReciveDataDeal
<LI><a href="#[16d]">&gt;&gt;</a>&nbsp;&nbsp;&nbsp;Modbus_Write_CoilDeal
</UL>

<P><STRONG><a name="[120]"></a>Clr_Alarm</STRONG> (ARM, 212 bytes, Stack size 16 bytes, io.o(.text))
<BR><BR>[Stack]<UL><LI>Max Depth = 144<LI>Call Chain = Clr_Alarm &rArr; RunStopInit &rArr;  Clr_Alarm (Cycle)
</UL>
<BR>[Calls]<UL><LI><a href="#[118]">&gt;&gt;</a>&nbsp;&nbsp;&nbsp;RunStopInit
</UL>
<BR>[Called By]<UL><LI><a href="#[12b]">&gt;&gt;</a>&nbsp;&nbsp;&nbsp;IO_InDeal
<LI><a href="#[118]">&gt;&gt;</a>&nbsp;&nbsp;&nbsp;RunStopInit
<LI><a href="#[6c]">&gt;&gt;</a>&nbsp;&nbsp;&nbsp;Key_StopState
<LI><a href="#[6b]">&gt;&gt;</a>&nbsp;&nbsp;&nbsp;Key_RunState
<LI><a href="#[1a6]">&gt;&gt;</a>&nbsp;&nbsp;&nbsp;Pbus_ReciveDataDeal
<LI><a href="#[16d]">&gt;&gt;</a>&nbsp;&nbsp;&nbsp;Modbus_Write_CoilDeal
</UL>

<P><STRONG><a name="[8d]"></a>Deal_Pack</STRONG> (ARM, 324 bytes, Stack size 20 bytes, io.o(.text), UNUSED)
<BR><BR>[Called By]<UL><LI><a href="#[8a]">&gt;&gt;</a>&nbsp;&nbsp;&nbsp;SpecialFun
</UL>

<P><STRONG><a name="[57]"></a>IO_Init</STRONG> (ARM, 528 bytes, Stack size 16 bytes, io.o(.text))
<BR><BR>[Stack]<UL><LI>Max Depth = 16<LI>Call Chain = IO_Init
</UL>
<BR>[Calls]<UL><LI><a href="#[121]">&gt;&gt;</a>&nbsp;&nbsp;&nbsp;GPIO_Config
<LI><a href="#[69]">&gt;&gt;</a>&nbsp;&nbsp;&nbsp;GPIO_BitWrite
</UL>
<BR>[Called By]<UL><LI><a href="#[55]">&gt;&gt;</a>&nbsp;&nbsp;&nbsp;System_Init
</UL>

<P><STRONG><a name="[122]"></a>IO_Outport</STRONG> (ARM, 488 bytes, Stack size 8 bytes, io.o(.text))
<BR><BR>[Stack]<UL><LI>Max Depth = 8<LI>Call Chain = IO_Outport
</UL>
<BR>[Calls]<UL><LI><a href="#[69]">&gt;&gt;</a>&nbsp;&nbsp;&nbsp;GPIO_BitWrite
</UL>
<BR>[Called By]<UL><LI><a href="#[126]">&gt;&gt;</a>&nbsp;&nbsp;&nbsp;IO_CloseOut
<LI><a href="#[73]">&gt;&gt;</a>&nbsp;&nbsp;&nbsp;Key_IoTestState
<LI><a href="#[96]">&gt;&gt;</a>&nbsp;&nbsp;&nbsp;IO_OutPut
</UL>

<P><STRONG><a name="[90]"></a>ConveyorDeal</STRONG> (ARM, 252 bytes, Stack size 8 bytes, io.o(.text), UNUSED)
<BR><BR>[Called By]<UL><LI><a href="#[8a]">&gt;&gt;</a>&nbsp;&nbsp;&nbsp;SpecialFun
</UL>

<P><STRONG><a name="[124]"></a>SmallDropOut</STRONG> (ARM, 168 bytes, Stack size 8 bytes, io.o(.text))
<BR><BR>[Stack]<UL><LI>Max Depth = 8<LI>Call Chain = SmallDropOut
</UL>
<BR>[Called By]<UL><LI><a href="#[123]">&gt;&gt;</a>&nbsp;&nbsp;&nbsp;Sp_Disc_State
</UL>

<P><STRONG><a name="[ef]"></a>Feed_SP</STRONG> (ARM, 108 bytes, Stack size 8 bytes, io.o(.text))
<BR><BR>[Stack]<UL><LI>Max Depth = 8<LI>Call Chain = Feed_SP
</UL>
<BR>[Called By]<UL><LI><a href="#[123]">&gt;&gt;</a>&nbsp;&nbsp;&nbsp;Sp_Disc_State
<LI><a href="#[e9]">&gt;&gt;</a>&nbsp;&nbsp;&nbsp;Disp_FlgLight
</UL>

<P><STRONG><a name="[123]"></a>Sp_Disc_State</STRONG> (ARM, 552 bytes, Stack size 24 bytes, io.o(.text))
<BR><BR>[Stack]<UL><LI>Max Depth = 32<LI>Call Chain = Sp_Disc_State &rArr; SmallDropOut
</UL>
<BR>[Calls]<UL><LI><a href="#[124]">&gt;&gt;</a>&nbsp;&nbsp;&nbsp;SmallDropOut
<LI><a href="#[ef]">&gt;&gt;</a>&nbsp;&nbsp;&nbsp;Feed_SP
</UL>
<BR>[Called By]<UL><LI><a href="#[96]">&gt;&gt;</a>&nbsp;&nbsp;&nbsp;IO_OutPut
<LI><a href="#[1ba]">&gt;&gt;</a>&nbsp;&nbsp;&nbsp;Disc
<LI><a href="#[1a3]">&gt;&gt;</a>&nbsp;&nbsp;&nbsp;Pbus_SendDataDeal
<LI><a href="#[16a]">&gt;&gt;</a>&nbsp;&nbsp;&nbsp;Modbus_Read_CoilDeal
<LI><a href="#[14e]">&gt;&gt;</a>&nbsp;&nbsp;&nbsp;Modbus_ReadStateflg
</UL>

<P><STRONG><a name="[96]"></a>IO_OutPut</STRONG> (ARM, 552 bytes, Stack size 40 bytes, io.o(.text))
<BR><BR>[Stack]<UL><LI>Max Depth = 72<LI>Call Chain = IO_OutPut &rArr; Sp_Disc_State &rArr; SmallDropOut
</UL>
<BR>[Calls]<UL><LI><a href="#[123]">&gt;&gt;</a>&nbsp;&nbsp;&nbsp;Sp_Disc_State
<LI><a href="#[122]">&gt;&gt;</a>&nbsp;&nbsp;&nbsp;IO_Outport
</UL>
<BR>[Called By]<UL><LI><a href="#[27]">&gt;&gt;</a>&nbsp;&nbsp;&nbsp;main
</UL>

<P><STRONG><a name="[125]"></a>IO_Inport</STRONG> (ARM, 152 bytes, Stack size 8 bytes, io.o(.text))
<BR><BR>[Stack]<UL><LI>Max Depth = 8<LI>Call Chain = IO_Inport
</UL>
<BR>[Calls]<UL><LI><a href="#[f6]">&gt;&gt;</a>&nbsp;&nbsp;&nbsp;GPIO_BitRead
</UL>
<BR>[Called By]<UL><LI><a href="#[6a]">&gt;&gt;</a>&nbsp;&nbsp;&nbsp;IO_InScan
<LI><a href="#[7c]">&gt;&gt;</a>&nbsp;&nbsp;&nbsp;Disp_IoTestState
</UL>

<P><STRONG><a name="[126]"></a>IO_CloseOut</STRONG> (ARM, 44 bytes, Stack size 8 bytes, io.o(.text))
<BR><BR>[Stack]<UL><LI>Max Depth = 16<LI>Call Chain = IO_CloseOut &rArr; IO_Outport
</UL>
<BR>[Calls]<UL><LI><a href="#[122]">&gt;&gt;</a>&nbsp;&nbsp;&nbsp;IO_Outport
</UL>
<BR>[Called By]<UL><LI><a href="#[6c]">&gt;&gt;</a>&nbsp;&nbsp;&nbsp;Key_StopState
<LI><a href="#[1e6]">&gt;&gt;</a>&nbsp;&nbsp;&nbsp;Auto_ShutDown
</UL>

<P><STRONG><a name="[73]"></a>Key_IoTestState</STRONG> (ARM, 1372 bytes, Stack size 40 bytes, io.o(.text))
<BR><BR>[Stack]<UL><LI>Max Depth = 104 + Unknown Stack Size
<LI>Call Chain = Key_IoTestState &rArr; FRAM_WriteDW &rArr; FRAM_BPHALF &rArr; FRAM_Write_SR &rArr; FRAM_SendByte
</UL>
<BR>[Calls]<UL><LI><a href="#[122]">&gt;&gt;</a>&nbsp;&nbsp;&nbsp;IO_Outport
<LI><a href="#[d9]">&gt;&gt;</a>&nbsp;&nbsp;&nbsp;Key_IncInput
<LI><a href="#[d0]">&gt;&gt;</a>&nbsp;&nbsp;&nbsp;Key_NumInput
<LI><a href="#[b8]">&gt;&gt;</a>&nbsp;&nbsp;&nbsp;ErrorDeal
<LI><a href="#[4b]">&gt;&gt;</a>&nbsp;&nbsp;&nbsp;VFD_WriteDispRamArry
<LI><a href="#[89]">&gt;&gt;</a>&nbsp;&nbsp;&nbsp;VFD_CopyDispArryToDispRam
<LI><a href="#[65]">&gt;&gt;</a>&nbsp;&nbsp;&nbsp;FRAM_WriteDW
<LI><a href="#[85]">&gt;&gt;</a>&nbsp;&nbsp;&nbsp;Disp_Error
</UL>
<BR>[Called By]<UL><LI><a href="#[6c]">&gt;&gt;</a>&nbsp;&nbsp;&nbsp;Key_StopState
<LI><a href="#[68]">&gt;&gt;</a>&nbsp;&nbsp;&nbsp;WorkStateDeal
</UL>

<P><STRONG><a name="[7c]"></a>Disp_IoTestState</STRONG> (ARM, 320 bytes, Stack size 24 bytes, io.o(.text))
<BR><BR>[Stack]<UL><LI>Max Depth = 40 + Unknown Stack Size
<LI>Call Chain = Disp_IoTestState &rArr; Flash_MainDisp
</UL>
<BR>[Calls]<UL><LI><a href="#[127]">&gt;&gt;</a>&nbsp;&nbsp;&nbsp;VFD_FlgDisp
<LI><a href="#[125]">&gt;&gt;</a>&nbsp;&nbsp;&nbsp;IO_Inport
<LI><a href="#[109]">&gt;&gt;</a>&nbsp;&nbsp;&nbsp;Disp_OnOff
<LI><a href="#[e0]">&gt;&gt;</a>&nbsp;&nbsp;&nbsp;VFD_MainDisp_Str
<LI><a href="#[dd]">&gt;&gt;</a>&nbsp;&nbsp;&nbsp;Disp_InputCode
<LI><a href="#[d1]">&gt;&gt;</a>&nbsp;&nbsp;&nbsp;VFD_AuxDisp_Str
<LI><a href="#[d3]">&gt;&gt;</a>&nbsp;&nbsp;&nbsp;Flash_MainDisp
<LI><a href="#[4c]">&gt;&gt;</a>&nbsp;&nbsp;&nbsp;VFD_FillDispRam
<LI><a href="#[4a]">&gt;&gt;</a>&nbsp;&nbsp;&nbsp;VFD_ClrDispRam
</UL>
<BR>[Called By]<UL><LI><a href="#[78]">&gt;&gt;</a>&nbsp;&nbsp;&nbsp;Disp_MainFun
</UL>

<P><STRONG><a name="[74]"></a>Key_IoDefState</STRONG> (ARM, 1292 bytes, Stack size 40 bytes, io.o(.text))
<BR><BR>[Stack]<UL><LI>Max Depth = 104 + Unknown Stack Size
<LI>Call Chain = Key_IoDefState &rArr; FRAM_WriteDW &rArr; FRAM_BPHALF &rArr; FRAM_Write_SR &rArr; FRAM_SendByte
</UL>
[...]
</UL>
<BR>[Called By]<UL><LI><a href="#[1af]">&gt;&gt;</a>&nbsp;&nbsp;&nbsp;StatisticDeal
</UL>

<P><STRONG><a name="[26f]"></a>_ddiv</STRONG> (ARM, 600 bytes, Stack size 32 bytes, ddiv.o(x$fpl$ddiv), UNUSED)
<BR><BR>[Calls]<UL><LI><a href="#[26d]">&gt;&gt;</a>&nbsp;&nbsp;&nbsp;__fpl_dretinf
<LI><a href="#[26e]">&gt;&gt;</a>&nbsp;&nbsp;&nbsp;__fpl_dnaninf
</UL>

<P><STRONG><a name="[cc]"></a>__aeabi_d2iz</STRONG> (ARM, 0 bytes, Stack size 32 bytes, dfix.o(x$fpl$dfix))
<BR><BR>[Stack]<UL><LI>Max Depth = 32<LI>Call Chain = __aeabi_d2iz
</UL>
<BR>[Called By]<UL><LI><a href="#[94]">&gt;&gt;</a>&nbsp;&nbsp;&nbsp;GetWt
</UL>

<P><STRONG><a name="[270]"></a>_dfix</STRONG> (ARM, 112 bytes, Stack size 32 bytes, dfix.o(x$fpl$dfix), UNUSED)
<BR><BR>[Calls]<UL><LI><a href="#[26e]">&gt;&gt;</a>&nbsp;&nbsp;&nbsp;__fpl_dnaninf
</UL>

<P><STRONG><a name="[1b3]"></a>__aeabi_d2uiz</STRONG> (ARM, 0 bytes, Stack size 32 bytes, dfixu.o(x$fpl$dfixu))
<BR><BR>[Stack]<UL><LI>Max Depth = 32<LI>Call Chain = __aeabi_d2uiz
</UL>
<BR>[Called By]<UL><LI><a href="#[1f6]">&gt;&gt;</a>&nbsp;&nbsp;&nbsp;Debug_Com_Cont_Wt_Kalman
<LI><a href="#[1d4]">&gt;&gt;</a>&nbsp;&nbsp;&nbsp;AutoStudy_SP3Fill
<LI><a href="#[1af]">&gt;&gt;</a>&nbsp;&nbsp;&nbsp;StatisticDeal
</UL>

<P><STRONG><a name="[271]"></a>_dfixu</STRONG> (ARM, 112 bytes, Stack size 32 bytes, dfixu.o(x$fpl$dfixu), UNUSED)
<BR><BR>[Calls]<UL><LI><a href="#[26e]">&gt;&gt;</a>&nbsp;&nbsp;&nbsp;__fpl_dnaninf
</UL>

<P><STRONG><a name="[2e9]"></a>__aeabi_i2d</STRONG> (ARM, 0 bytes, Stack size 0 bytes, dflt_noclz.o(x$fpl$dflt), UNUSED)

<P><STRONG><a name="[2ea]"></a>_dflt</STRONG> (ARM, 88 bytes, Stack size 0 bytes, dflt_noclz.o(x$fpl$dflt), UNUSED)

<P><STRONG><a name="[273]"></a>__dflt_normalise</STRONG> (ARM, 0 bytes, Stack size unknown bytes, dflt_noclz.o(x$fpl$dflt), UNUSED)
<BR><BR>[Called By]<UL><LI><a href="#[272]">&gt;&gt;</a>&nbsp;&nbsp;&nbsp;_dfltu
</UL>

<P><STRONG><a name="[1b0]"></a>__aeabi_ui2d</STRONG> (ARM, 0 bytes, Stack size 0 bytes, dflt_noclz.o(x$fpl$dfltu))
<BR><BR>[Called By]<UL><LI><a href="#[1af]">&gt;&gt;</a>&nbsp;&nbsp;&nbsp;StatisticDeal
</UL>

<P><STRONG><a name="[272]"></a>_dfltu</STRONG> (ARM, 12 bytes, Stack size 0 bytes, dflt_noclz.o(x$fpl$dfltu), UNUSED)
<BR><BR>[Calls]<UL><LI><a href="#[273]">&gt;&gt;</a>&nbsp;&nbsp;&nbsp;__dflt_normalise
</UL>

<P><STRONG><a name="[1b2]"></a>__aeabi_dmul</STRONG> (ARM, 0 bytes, Stack size 32 bytes, dmul.o(x$fpl$dmul))
<BR><BR>[Stack]<UL><LI>Max Depth = 32<LI>Call Chain = __aeabi_dmul
</UL>
<BR>[Called By]<UL><LI><a href="#[1d4]">&gt;&gt;</a>&nbsp;&nbsp;&nbsp;AutoStudy_SP3Fill
<LI><a href="#[1af]">&gt;&gt;</a>&nbsp;&nbsp;&nbsp;StatisticDeal
</UL>

<P><STRONG><a name="[274]"></a>_dmul</STRONG> (ARM, 372 bytes, Stack size 32 bytes, dmul.o(x$fpl$dmul), UNUSED)
<BR><BR>[Calls]<UL><LI><a href="#[26d]">&gt;&gt;</a>&nbsp;&nbsp;&nbsp;__fpl_dretinf
<LI><a href="#[26e]">&gt;&gt;</a>&nbsp;&nbsp;&nbsp;__fpl_dnaninf
</UL>

<P><STRONG><a name="[26e]"></a>__fpl_dnaninf</STRONG> (ARM, 192 bytes, Stack size 16 bytes, dnaninf.o(x$fpl$dnaninf), UNUSED)
<BR><BR>[Called By]<UL><LI><a href="#[274]">&gt;&gt;</a>&nbsp;&nbsp;&nbsp;_dmul
<LI><a href="#[271]">&gt;&gt;</a>&nbsp;&nbsp;&nbsp;_dfixu
<LI><a href="#[270]">&gt;&gt;</a>&nbsp;&nbsp;&nbsp;_dfix
<LI><a href="#[26f]">&gt;&gt;</a>&nbsp;&nbsp;&nbsp;_ddiv
<LI><a href="#[275]">&gt;&gt;</a>&nbsp;&nbsp;&nbsp;_dsub
<LI><a href="#[26b]">&gt;&gt;</a>&nbsp;&nbsp;&nbsp;_dadd
</UL>

<P><STRONG><a name="[26d]"></a>__fpl_dretinf</STRONG> (ARM, 16 bytes, Stack size 0 bytes, dretinf.o(x$fpl$dretinf), UNUSED)
<BR><BR>[Called By]<UL><LI><a href="#[277]">&gt;&gt;</a>&nbsp;&nbsp;&nbsp;_f2d
<LI><a href="#[274]">&gt;&gt;</a>&nbsp;&nbsp;&nbsp;_dmul
<LI><a href="#[26f]">&gt;&gt;</a>&nbsp;&nbsp;&nbsp;_ddiv
<LI><a href="#[26b]">&gt;&gt;</a>&nbsp;&nbsp;&nbsp;_dadd
</UL>

<P><STRONG><a name="[cb]"></a>__aeabi_dsub</STRONG> (ARM, 0 bytes, Stack size 32 bytes, daddsub_noclz.o(x$fpl$dsub))
<BR><BR>[Stack]<UL><LI>Max Depth = 32<LI>Call Chain = __aeabi_dsub
</UL>
<BR>[Called By]<UL><LI><a href="#[94]">&gt;&gt;</a>&nbsp;&nbsp;&nbsp;GetWt
</UL>

<P><STRONG><a name="[275]"></a>_dsub</STRONG> (ARM, 576 bytes, Stack size 32 bytes, daddsub_noclz.o(x$fpl$dsub), UNUSED)
<BR><BR>[Calls]<UL><LI><a href="#[276]">&gt;&gt;</a>&nbsp;&nbsp;&nbsp;_dadd1
<LI><a href="#[26e]">&gt;&gt;</a>&nbsp;&nbsp;&nbsp;__fpl_dnaninf
</UL>

<P><STRONG><a name="[c9]"></a>__aeabi_f2d</STRONG> (ARM, 0 bytes, Stack size 16 bytes, f2d.o(x$fpl$f2d))
<BR><BR>[Stack]<UL><LI>Max Depth = 16<LI>Call Chain = __aeabi_f2d
</UL>
<BR>[Called By]<UL><LI><a href="#[94]">&gt;&gt;</a>&nbsp;&nbsp;&nbsp;GetWt
<LI><a href="#[1f6]">&gt;&gt;</a>&nbsp;&nbsp;&nbsp;Debug_Com_Cont_Wt_Kalman
<LI><a href="#[1d4]">&gt;&gt;</a>&nbsp;&nbsp;&nbsp;AutoStudy_SP3Fill
<LI><a href="#[1af]">&gt;&gt;</a>&nbsp;&nbsp;&nbsp;StatisticDeal
</UL>

<P><STRONG><a name="[277]"></a>_f2d</STRONG> (ARM, 100 bytes, Stack size 16 bytes, f2d.o(x$fpl$f2d), UNUSED)
<BR><BR>[Calls]<UL><LI><a href="#[278]">&gt;&gt;</a>&nbsp;&nbsp;&nbsp;__fpl_fnaninf
<LI><a href="#[26d]">&gt;&gt;</a>&nbsp;&nbsp;&nbsp;__fpl_dretinf
</UL>

<P><STRONG><a name="[a6]"></a>__aeabi_fadd</STRONG> (ARM, 0 bytes, Stack size 16 bytes, faddsub_noclz.o(x$fpl$fadd))
<BR><BR>[Stack]<UL><LI>Max Depth = 16<LI>Call Chain = __aeabi_fadd
</UL>
<BR>[Called By]<UL><LI><a href="#[c8]">&gt;&gt;</a>&nbsp;&nbsp;&nbsp;kalman1_filter
<LI><a href="#[a4]">&gt;&gt;</a>&nbsp;&nbsp;&nbsp;SP2FluxProbabilityStatistics
<LI><a href="#[79]">&gt;&gt;</a>&nbsp;&nbsp;&nbsp;Disp_StopRunState
<LI><a href="#[1bb]">&gt;&gt;</a>&nbsp;&nbsp;&nbsp;WaitT4
<LI><a href="#[133]">&gt;&gt;</a>&nbsp;&nbsp;&nbsp;kalman2_filter
</UL>

<P><STRONG><a name="[279]"></a>_fadd</STRONG> (ARM, 196 bytes, Stack size 16 bytes, faddsub_noclz.o(x$fpl$fadd), UNUSED)
<BR><BR>[Calls]<UL><LI><a href="#[27a]">&gt;&gt;</a>&nbsp;&nbsp;&nbsp;_fsub1
<LI><a href="#[27b]">&gt;&gt;</a>&nbsp;&nbsp;&nbsp;__fpl_fretinf
<LI><a href="#[278]">&gt;&gt;</a>&nbsp;&nbsp;&nbsp;__fpl_fnaninf
</UL>

<P><STRONG><a name="[27c]"></a>__fpl_fcheck_NaN1</STRONG> (ARM, 8 bytes, Stack size 0 bytes, fcheck1.o(x$fpl$fcheck1))
<BR><BR>[Calls]<UL><LI><a href="#[27d]">&gt;&gt;</a>&nbsp;&nbsp;&nbsp;__fpl_return_NaN
</UL>
<BR>[Called By]<UL><LI><a href="#[a7]">&gt;&gt;</a>&nbsp;&nbsp;&nbsp;__ARM_scalbnf
</UL>

<P><STRONG><a name="[284]"></a>__fpl_fcmp_Inf</STRONG> (ARM, 28 bytes, Stack size 0 bytes, fcmpi.o(x$fpl$fcmpinf), UNUSED)
<BR><BR>[Called By]<UL><LI><a href="#[283]">&gt;&gt;</a>&nbsp;&nbsp;&nbsp;_fcmple
</UL>

<P><STRONG><a name="[a9]"></a>__aeabi_fdiv</STRONG> (ARM, 0 bytes, Stack size 16 bytes, fdiv.o(x$fpl$fdiv))
<BR><BR>[Stack]<UL><LI>Max Depth = 16<LI>Call Chain = __aeabi_fdiv
</UL>
<BR>[Called By]<UL><LI><a href="#[c8]">&gt;&gt;</a>&nbsp;&nbsp;&nbsp;kalman1_filter
<LI><a href="#[bf]">&gt;&gt;</a>&nbsp;&nbsp;&nbsp;Sp2WillStop
<LI><a href="#[bc]">&gt;&gt;</a>&nbsp;&nbsp;&nbsp;AdToWeight
<LI><a href="#[ba]">&gt;&gt;</a>&nbsp;&nbsp;&nbsp;JudgeStable
<LI><a href="#[b5]">&gt;&gt;</a>&nbsp;&nbsp;&nbsp;AD_ADK
<LI><a href="#[b2]">&gt;&gt;</a>&nbsp;&nbsp;&nbsp;Adapt_SP12
<LI><a href="#[a4]">&gt;&gt;</a>&nbsp;&nbsp;&nbsp;SP2FluxProbabilityStatistics
<LI><a href="#[6e]">&gt;&gt;</a>&nbsp;&nbsp;&nbsp;Key_CalibState
<LI><a href="#[1d4]">&gt;&gt;</a>&nbsp;&nbsp;&nbsp;AutoStudy_SP3Fill
<LI><a href="#[1d1]">&gt;&gt;</a>&nbsp;&nbsp;&nbsp;AutoStudy_SP2Stop
<LI><a href="#[1af]">&gt;&gt;</a>&nbsp;&nbsp;&nbsp;StatisticDeal
<LI><a href="#[1a6]">&gt;&gt;</a>&nbsp;&nbsp;&nbsp;Pbus_ReciveDataDeal
<LI><a href="#[166]">&gt;&gt;</a>&nbsp;&nbsp;&nbsp;ModBus_Write_4ByteDeal
<LI><a href="#[15c]">&gt;&gt;</a>&nbsp;&nbsp;&nbsp;ModBus_Write_2ByteDeal
<LI><a href="#[133]">&gt;&gt;</a>&nbsp;&nbsp;&nbsp;kalman2_filter
</UL>

<P><STRONG><a name="[27e]"></a>_fdiv</STRONG> (ARM, 396 bytes, Stack size 16 bytes, fdiv.o(x$fpl$fdiv), UNUSED)
<BR><BR>[Calls]<UL><LI><a href="#[27b]">&gt;&gt;</a>&nbsp;&nbsp;&nbsp;__fpl_fretinf
<LI><a href="#[278]">&gt;&gt;</a>&nbsp;&nbsp;&nbsp;__fpl_fnaninf
</UL>

<P><STRONG><a name="[9e]"></a>__aeabi_f2iz</STRONG> (ARM, 0 bytes, Stack size 16 bytes, ffix.o(x$fpl$ffix))
<BR><BR>[Stack]<UL><LI>Max Depth = 16<LI>Call Chain = __aeabi_f2iz
</UL>
<BR>[Called By]<UL><LI><a href="#[b2]">&gt;&gt;</a>&nbsp;&nbsp;&nbsp;Adapt_SP12
<LI><a href="#[9c]">&gt;&gt;</a>&nbsp;&nbsp;&nbsp;BubbleSortFloat
</UL>

<P><STRONG><a name="[27f]"></a>_ffix</STRONG> (ARM, 68 bytes, Stack size 16 bytes, ffix.o(x$fpl$ffix), UNUSED)
<BR><BR>[Calls]<UL><LI><a href="#[278]">&gt;&gt;</a>&nbsp;&nbsp;&nbsp;__fpl_fnaninf
</UL>

<P><STRONG><a name="[b6]"></a>__aeabi_f2uiz</STRONG> (ARM, 0 bytes, Stack size 16 bytes, ffixu.o(x$fpl$ffixu))
<BR><BR>[Stack]<UL><LI>Max Depth = 16<LI>Call Chain = __aeabi_f2uiz
</UL>
<BR>[Called By]<UL><LI><a href="#[bf]">&gt;&gt;</a>&nbsp;&nbsp;&nbsp;Sp2WillStop
<LI><a href="#[bc]">&gt;&gt;</a>&nbsp;&nbsp;&nbsp;AdToWeight
<LI><a href="#[ba]">&gt;&gt;</a>&nbsp;&nbsp;&nbsp;JudgeStable
<LI><a href="#[b5]">&gt;&gt;</a>&nbsp;&nbsp;&nbsp;AD_ADK
<LI><a href="#[79]">&gt;&gt;</a>&nbsp;&nbsp;&nbsp;Disp_StopRunState
<LI><a href="#[1d4]">&gt;&gt;</a>&nbsp;&nbsp;&nbsp;AutoStudy_SP3Fill
<LI><a href="#[1bb]">&gt;&gt;</a>&nbsp;&nbsp;&nbsp;WaitT4
<LI><a href="#[18d]">&gt;&gt;</a>&nbsp;&nbsp;&nbsp;PrtAuto_Contents
</UL>

<P><STRONG><a name="[280]"></a>_ffixu</STRONG> (ARM, 84 bytes, Stack size 16 bytes, ffixu.o(x$fpl$ffixu), UNUSED)
<BR><BR>[Calls]<UL><LI><a href="#[278]">&gt;&gt;</a>&nbsp;&nbsp;&nbsp;__fpl_fnaninf
</UL>

<P><STRONG><a name="[9f]"></a>__aeabi_i2f</STRONG> (ARM, 0 bytes, Stack size 0 bytes, fflt_noclz.o(x$fpl$fflt))
<BR><BR>[Called By]<UL><LI><a href="#[bf]">&gt;&gt;</a>&nbsp;&nbsp;&nbsp;Sp2WillStop
<LI><a href="#[b2]">&gt;&gt;</a>&nbsp;&nbsp;&nbsp;Adapt_SP12
<LI><a href="#[9c]">&gt;&gt;</a>&nbsp;&nbsp;&nbsp;BubbleSortFloat
<LI><a href="#[94]">&gt;&gt;</a>&nbsp;&nbsp;&nbsp;GetWt
<LI><a href="#[1d1]">&gt;&gt;</a>&nbsp;&nbsp;&nbsp;AutoStudy_SP2Stop
</UL>

<P><STRONG><a name="[2eb]"></a>_fflt</STRONG> (ARM, 92 bytes, Stack size 0 bytes, fflt_noclz.o(x$fpl$fflt), UNUSED)

<P><STRONG><a name="[282]"></a>__fflt_normalise</STRONG> (ARM, 0 bytes, Stack size unknown bytes, fflt_noclz.o(x$fpl$fflt), UNUSED)
<BR><BR>[Called By]<UL><LI><a href="#[281]">&gt;&gt;</a>&nbsp;&nbsp;&nbsp;_ffltu
</UL>

<P><STRONG><a name="[a8]"></a>__aeabi_ui2f</STRONG> (ARM, 0 bytes, Stack size 0 bytes, fflt_noclz.o(x$fpl$ffltu))
<BR><BR>[Called By]<UL><LI><a href="#[bf]">&gt;&gt;</a>&nbsp;&nbsp;&nbsp;Sp2WillStop
<LI><a href="#[bc]">&gt;&gt;</a>&nbsp;&nbsp;&nbsp;AdToWeight
<LI><a href="#[ba]">&gt;&gt;</a>&nbsp;&nbsp;&nbsp;JudgeStable
<LI><a href="#[b5]">&gt;&gt;</a>&nbsp;&nbsp;&nbsp;AD_ADK
<LI><a href="#[b2]">&gt;&gt;</a>&nbsp;&nbsp;&nbsp;Adapt_SP12
<LI><a href="#[a4]">&gt;&gt;</a>&nbsp;&nbsp;&nbsp;SP2FluxProbabilityStatistics
<LI><a href="#[6e]">&gt;&gt;</a>&nbsp;&nbsp;&nbsp;Key_CalibState
<LI><a href="#[79]">&gt;&gt;</a>&nbsp;&nbsp;&nbsp;Disp_StopRunState
<LI><a href="#[1d4]">&gt;&gt;</a>&nbsp;&nbsp;&nbsp;AutoStudy_SP3Fill
<LI><a href="#[1d1]">&gt;&gt;</a>&nbsp;&nbsp;&nbsp;AutoStudy_SP2Stop
<LI><a href="#[1ca]">&gt;&gt;</a>&nbsp;&nbsp;&nbsp;LargeFeed
<LI><a href="#[1c7]">&gt;&gt;</a>&nbsp;&nbsp;&nbsp;MiddleFeed
<LI><a href="#[1c3]">&gt;&gt;</a>&nbsp;&nbsp;&nbsp;SmallFeed
<LI><a href="#[1bb]">&gt;&gt;</a>&nbsp;&nbsp;&nbsp;WaitT4
<LI><a href="#[1af]">&gt;&gt;</a>&nbsp;&nbsp;&nbsp;StatisticDeal
<LI><a href="#[1a6]">&gt;&gt;</a>&nbsp;&nbsp;&nbsp;Pbus_ReciveDataDeal
<LI><a href="#[166]">&gt;&gt;</a>&nbsp;&nbsp;&nbsp;ModBus_Write_4ByteDeal
<LI><a href="#[15c]">&gt;&gt;</a>&nbsp;&nbsp;&nbsp;ModBus_Write_2ByteDeal
</UL>

<P><STRONG><a name="[281]"></a>_ffltu</STRONG> (ARM, 8 bytes, Stack size 0 bytes, fflt_noclz.o(x$fpl$ffltu), UNUSED)
<BR><BR>[Calls]<UL><LI><a href="#[282]">&gt;&gt;</a>&nbsp;&nbsp;&nbsp;__fflt_normalise
</UL>

<P><STRONG><a name="[1c5]"></a>__aeabi_cfcmple</STRONG> (ARM, 0 bytes, Stack size 16 bytes, fleqf.o(x$fpl$fleqf))
<BR><BR>[Stack]<UL><LI>Max Depth = 16<LI>Call Chain = __aeabi_cfcmple
</UL>
<BR>[Called By]<UL><LI><a href="#[1d4]">&gt;&gt;</a>&nbsp;&nbsp;&nbsp;AutoStudy_SP3Fill
<LI><a href="#[1ca]">&gt;&gt;</a>&nbsp;&nbsp;&nbsp;LargeFeed
<LI><a href="#[1c7]">&gt;&gt;</a>&nbsp;&nbsp;&nbsp;MiddleFeed
<LI><a href="#[1c3]">&gt;&gt;</a>&nbsp;&nbsp;&nbsp;SmallFeed
</UL>

<P><STRONG><a name="[283]"></a>_fcmple</STRONG> (ARM, 132 bytes, Stack size 16 bytes, fleqf.o(x$fpl$fleqf), UNUSED)
<BR><BR>[Calls]<UL><LI><a href="#[278]">&gt;&gt;</a>&nbsp;&nbsp;&nbsp;__fpl_fnaninf
<LI><a href="#[284]">&gt;&gt;</a>&nbsp;&nbsp;&nbsp;__fpl_fcmp_Inf
</UL>

<P><STRONG><a name="[287]"></a>__fpl_fcmple_InfNaN</STRONG> (ARM, 0 bytes, Stack size unknown bytes, fleqf.o(x$fpl$fleqf), UNUSED)
<BR><BR>[Called By]<UL><LI><a href="#[286]">&gt;&gt;</a>&nbsp;&nbsp;&nbsp;_frcmple
</UL>

<P><STRONG><a name="[a5]"></a>__aeabi_fmul</STRONG> (ARM, 0 bytes, Stack size 16 bytes, fmul.o(x$fpl$fmul))
<BR><BR>[Stack]<UL><LI>Max Depth = 16<LI>Call Chain = __aeabi_fmul
</UL>
<BR>[Called By]<UL><LI><a href="#[c8]">&gt;&gt;</a>&nbsp;&nbsp;&nbsp;kalman1_filter
<LI><a href="#[bf]">&gt;&gt;</a>&nbsp;&nbsp;&nbsp;Sp2WillStop
<LI><a href="#[b2]">&gt;&gt;</a>&nbsp;&nbsp;&nbsp;Adapt_SP12
<LI><a href="#[a4]">&gt;&gt;</a>&nbsp;&nbsp;&nbsp;SP2FluxProbabilityStatistics
<LI><a href="#[6e]">&gt;&gt;</a>&nbsp;&nbsp;&nbsp;Key_CalibState
<LI><a href="#[1f6]">&gt;&gt;</a>&nbsp;&nbsp;&nbsp;Debug_Com_Cont_Wt_Kalman
<LI><a href="#[1af]">&gt;&gt;</a>&nbsp;&nbsp;&nbsp;StatisticDeal
<LI><a href="#[1a6]">&gt;&gt;</a>&nbsp;&nbsp;&nbsp;Pbus_ReciveDataDeal
<LI><a href="#[18d]">&gt;&gt;</a>&nbsp;&nbsp;&nbsp;PrtAuto_Contents
<LI><a href="#[166]">&gt;&gt;</a>&nbsp;&nbsp;&nbsp;ModBus_Write_4ByteDeal
<LI><a href="#[15c]">&gt;&gt;</a>&nbsp;&nbsp;&nbsp;ModBus_Write_2ByteDeal
<LI><a href="#[133]">&gt;&gt;</a>&nbsp;&nbsp;&nbsp;kalman2_filter
</UL>

<P><STRONG><a name="[285]"></a>_fmul</STRONG> (ARM, 256 bytes, Stack size 16 bytes, fmul.o(x$fpl$fmul), UNUSED)
<BR><BR>[Calls]<UL><LI><a href="#[27b]">&gt;&gt;</a>&nbsp;&nbsp;&nbsp;__fpl_fretinf
<LI><a href="#[278]">&gt;&gt;</a>&nbsp;&nbsp;&nbsp;__fpl_fnaninf
</UL>

<P><STRONG><a name="[278]"></a>__fpl_fnaninf</STRONG> (ARM, 168 bytes, Stack size 8 bytes, fnaninf.o(x$fpl$fnaninf), UNUSED)
<BR><BR>[Called By]<UL><LI><a href="#[27e]">&gt;&gt;</a>&nbsp;&nbsp;&nbsp;_fdiv
<LI><a href="#[28a]">&gt;&gt;</a>&nbsp;&nbsp;&nbsp;_fsub
<LI><a href="#[279]">&gt;&gt;</a>&nbsp;&nbsp;&nbsp;_fadd
<LI><a href="#[277]">&gt;&gt;</a>&nbsp;&nbsp;&nbsp;_f2d
<LI><a href="#[285]">&gt;&gt;</a>&nbsp;&nbsp;&nbsp;_fmul
<LI><a href="#[283]">&gt;&gt;</a>&nbsp;&nbsp;&nbsp;_fcmple
<LI><a href="#[280]">&gt;&gt;</a>&nbsp;&nbsp;&nbsp;_ffixu
<LI><a href="#[27f]">&gt;&gt;</a>&nbsp;&nbsp;&nbsp;_ffix
</UL>

<P><STRONG><a name="[27b]"></a>__fpl_fretinf</STRONG> (ARM, 16 bytes, Stack size 0 bytes, fretinf.o(x$fpl$fretinf), UNUSED)
<BR><BR>[Called By]<UL><LI><a href="#[27e]">&gt;&gt;</a>&nbsp;&nbsp;&nbsp;_fdiv
<LI><a href="#[279]">&gt;&gt;</a>&nbsp;&nbsp;&nbsp;_fadd
<LI><a href="#[285]">&gt;&gt;</a>&nbsp;&nbsp;&nbsp;_fmul
</UL>

<P><STRONG><a name="[9d]"></a>__aeabi_cfrcmple</STRONG> (ARM, 0 bytes, Stack size 0 bytes, frleqf.o(x$fpl$frleqf))
<BR><BR>[Called By]<UL><LI><a href="#[9c]">&gt;&gt;</a>&nbsp;&nbsp;&nbsp;BubbleSortFloat
</UL>

<P><STRONG><a name="[286]"></a>_frcmple</STRONG> (ARM, 124 bytes, Stack size 0 bytes, frleqf.o(x$fpl$frleqf), UNUSED)
<BR><BR>[Calls]<UL><LI><a href="#[287]">&gt;&gt;</a>&nbsp;&nbsp;&nbsp;__fpl_fcmple_InfNaN
</UL>

<P><STRONG><a name="[132]"></a>__aeabi_frsub</STRONG> (ARM, 0 bytes, Stack size 0 bytes, faddsub_noclz.o(x$fpl$frsb))
<BR><BR>[Called By]<UL><LI><a href="#[c8]">&gt;&gt;</a>&nbsp;&nbsp;&nbsp;kalman1_filter
<LI><a href="#[133]">&gt;&gt;</a>&nbsp;&nbsp;&nbsp;kalman2_filter
</UL>

<P><STRONG><a name="[288]"></a>_frsb</STRONG> (ARM, 20 bytes, Stack size 0 bytes, faddsub_noclz.o(x$fpl$frsb), UNUSED)
<BR><BR>[Calls]<UL><LI><a href="#[27a]">&gt;&gt;</a>&nbsp;&nbsp;&nbsp;_fsub1
<LI><a href="#[289]">&gt;&gt;</a>&nbsp;&nbsp;&nbsp;_fadd1
</UL>

<P><STRONG><a name="[134]"></a>__aeabi_fsub</STRONG> (ARM, 0 bytes, Stack size 16 bytes, faddsub_noclz.o(x$fpl$fsub))
<BR><BR>[Stack]<UL><LI>Max Depth = 16<LI>Call Chain = __aeabi_fsub
</UL>
<BR>[Called By]<UL><LI><a href="#[79]">&gt;&gt;</a>&nbsp;&nbsp;&nbsp;Disp_StopRunState
<LI><a href="#[1bb]">&gt;&gt;</a>&nbsp;&nbsp;&nbsp;WaitT4
<LI><a href="#[133]">&gt;&gt;</a>&nbsp;&nbsp;&nbsp;kalman2_filter
</UL>

<P><STRONG><a name="[28a]"></a>_fsub</STRONG> (ARM, 304 bytes, Stack size 16 bytes, faddsub_noclz.o(x$fpl$fsub), UNUSED)
<BR><BR>[Calls]<UL><LI><a href="#[289]">&gt;&gt;</a>&nbsp;&nbsp;&nbsp;_fadd1
<LI><a href="#[278]">&gt;&gt;</a>&nbsp;&nbsp;&nbsp;__fpl_fnaninf
</UL>

<P><STRONG><a name="[27d]"></a>__fpl_return_NaN</STRONG> (ARM, 116 bytes, Stack size 0 bytes, retnan.o(x$fpl$retnan))
<BR><BR>[Calls]<UL><LI><a href="#[28b]">&gt;&gt;</a>&nbsp;&nbsp;&nbsp;__fpl_cmpreturn
</UL>
<BR>[Called By]<UL><LI><a href="#[27c]">&gt;&gt;</a>&nbsp;&nbsp;&nbsp;__fpl_fcheck_NaN1
</UL>

<P><STRONG><a name="[a7]"></a>__ARM_scalbnf</STRONG> (ARM, 92 bytes, Stack size 0 bytes, scalbnf.o(x$fpl$scalbnf))
<BR><BR>[Calls]<UL><LI><a href="#[27c]">&gt;&gt;</a>&nbsp;&nbsp;&nbsp;__fpl_fcheck_NaN1
</UL>
<BR>[Called By]<UL><LI><a href="#[a4]">&gt;&gt;</a>&nbsp;&nbsp;&nbsp;SP2FluxProbabilityStatistics
<LI><a href="#[6e]">&gt;&gt;</a>&nbsp;&nbsp;&nbsp;Key_CalibState
<LI><a href="#[79]">&gt;&gt;</a>&nbsp;&nbsp;&nbsp;Disp_StopRunState
<LI><a href="#[1bb]">&gt;&gt;</a>&nbsp;&nbsp;&nbsp;WaitT4
<LI><a href="#[166]">&gt;&gt;</a>&nbsp;&nbsp;&nbsp;ModBus_Write_4ByteDeal
</UL>

<P><STRONG><a name="[28b]"></a>__fpl_cmpreturn</STRONG> (ARM, 60 bytes, Stack size 0 bytes, trapv.o(x$fpl$trapveneer))
<BR><BR>[Called By]<UL><LI><a href="#[27d]">&gt;&gt;</a>&nbsp;&nbsp;&nbsp;__fpl_return_NaN
</UL>
<P>
<H3>
Local Symbols
</H3>
<P><STRONG><a name="[2d]"></a>ReturnAddress</STRONG> (ARM, 0 bytes, Stack size unknown bytes, irq.o(IRQ))
<BR>[Address Reference Count : 1]<UL><LI> irq.o(IRQ)
</UL>
<P><STRONG><a name="[250]"></a>__arm_div8</STRONG> (ARM, 0 bytes, Stack size unknown bytes, aeabi_sdiv.o(.text))
<BR><BR>[Called By]<UL><LI><a href="#[a3]">&gt;&gt;</a>&nbsp;&nbsp;&nbsp;__aeabi_uidivmod
</UL>

<P><STRONG><a name="[24f]"></a>__arm_div5</STRONG> (ARM, 0 bytes, Stack size unknown bytes, aeabi_sdiv.o(.text))
<BR><BR>[Called By]<UL><LI><a href="#[a3]">&gt;&gt;</a>&nbsp;&nbsp;&nbsp;__aeabi_uidivmod
</UL>

<P><STRONG><a name="[24e]"></a>__arm_div2</STRONG> (ARM, 0 bytes, Stack size unknown bytes, aeabi_sdiv.o(.text))
<BR><BR>[Called By]<UL><LI><a href="#[a3]">&gt;&gt;</a>&nbsp;&nbsp;&nbsp;__aeabi_uidivmod
</UL>

<P><STRONG><a name="[251]"></a>__arm_div_large</STRONG> (ARM, 0 bytes, Stack size unknown bytes, aeabi_sdiv.o(.text))
<BR><BR>[Called By]<UL><LI><a href="#[a3]">&gt;&gt;</a>&nbsp;&nbsp;&nbsp;__aeabi_uidivmod
</UL>

<P><STRONG><a name="[276]"></a>_dadd1</STRONG> (ARM, 0 bytes, Stack size unknown bytes, daddsub_noclz.o(x$fpl$dadd), UNUSED)
<BR><BR>[Called By]<UL><LI><a href="#[275]">&gt;&gt;</a>&nbsp;&nbsp;&nbsp;_dsub
</UL>

<P><STRONG><a name="[26c]"></a>_dsub1</STRONG> (ARM, 0 bytes, Stack size unknown bytes, daddsub_noclz.o(x$fpl$dsub), UNUSED)
<BR><BR>[Called By]<UL><LI><a href="#[26b]">&gt;&gt;</a>&nbsp;&nbsp;&nbsp;_dadd
</UL>

<P><STRONG><a name="[289]"></a>_fadd1</STRONG> (ARM, 0 bytes, Stack size unknown bytes, faddsub_noclz.o(x$fpl$fadd), UNUSED)
<BR><BR>[Called By]<UL><LI><a href="#[28a]">&gt;&gt;</a>&nbsp;&nbsp;&nbsp;_fsub
<LI><a href="#[288]">&gt;&gt;</a>&nbsp;&nbsp;&nbsp;_frsb
</UL>

<P><STRONG><a name="[27a]"></a>_fsub1</STRONG> (ARM, 0 bytes, Stack size unknown bytes, faddsub_noclz.o(x$fpl$fsub), UNUSED)
<BR><BR>[Called By]<UL><LI><a href="#[288]">&gt;&gt;</a>&nbsp;&nbsp;&nbsp;_frsb
<LI><a href="#[279]">&gt;&gt;</a>&nbsp;&nbsp;&nbsp;_fadd
</UL>
<P>
<H3>
Undefined Global Symbols
</H3>
<P><STRONG><a name="[24c]"></a>_call_atexit_fns</STRONG> (ARM, 0 bytes, Stack size 0 bytes, UNDEFINED)
<BR><BR>[Called By]<UL><LI><a href="#[3b]">&gt;&gt;</a>&nbsp;&nbsp;&nbsp;exit
</UL>
<HR></body></html>
