Component: ARM Compiler 5.05 update 1 (build 106) Tool: armlink [4d0efa]

==============================================================================

Section Cross References

    main.o(.text) refers to 71x_rccu.o(.text) for RCCU_Div2Config
    main.o(.text) refers to shutdownstate.o(.text) for CmpDay
    main.o(.text) refers to vfd.o(.text) for VFD_ClrDispRam
    main.o(.text) refers to f_ram.o(.text) for FRAM_ReadDW
    main.o(.text) refers to ad.o(.text) for AD_Init
    main.o(.text) refers to displayandkey.o(.text) for Key_Deal
    main.o(.text) refers to buzzer.o(.text) for OPBuzzer
    main.o(.text) refers to userlib.o(.text) for delay
    main.o(.text) refers to parameter.o(.text) for Reset_Parameter
    main.o(.text) refers to 71x_apb.o(.text) for APB_ClockConfig
    main.o(.text) refers to io.o(.text) for IO_Init
    main.o(.text) refers to rtc.o(.text) for RTC_Init
    main.o(.text) refers to 71x_eic.o(.text) for EIC_Init
    main.o(.text) refers to timer.o(.text) for Timer0_Init
    main.o(.text) refers to profibus_dp.o(.text) for Pbus_CheckExt
    main.o(.text) refers to uart.o(.text) for Uart0_Init
    main.o(.text) refers to 71x_gpio.o(.text) for GPIO_BitWrite
    main.o(.text) refers to runstate.o(.text) for Key_RunState
    main.o(.text) refers to stopandrunstate.o(.text) for Key_StopState
    main.o(.text) refers to setupstate.o(.text) for Key_SetupState
    main.o(.text) refers to calibstate.o(.text) for Key_CalibState
    main.o(.text) refers to batchstate.o(.text) for Key_BatchState
    main.o(.text) refers to timeanddate.o(.text) for Key_DateTimeState
    main.o(.text) refers to recipe.o(.text) for Key_RecipeState
    main.o(.text) refers to sum.o(.text) for Key_SumState
    main.o(.text) refers to debugstate.o(.text) for Key_DebugState
    main.o(.text) refers to printstate.o(.text) for Key_PrintState
    main.o(.text) refers to adtoweight.o(.text) for GetWt
    main.o(.text) refers to main.o(.data) for .data
    main.o(.text) refers to timer.o(.data) for gu32_Sys10ms
    main.o(.text) refers to parameter.o(.bss) for gu32_ModelArry
    main.o(.text) refers to ad.o(.data) for gb_AdOKFlg
    main.o(.text) refers to io.o(.constdata) for cu8_MultiAd
    main.o(.text) refers to parameter.o(.data) for gu32_ModelSetSwitch
    main.o(.text) refers to setupstate.o(.bss) for gs_Setup
    main.o(.text) refers to shutdownstate.o(.data) for gb_SysClosedFlg
    main.o(.text) refers to io.o(.data) for gb_KeyLockFlg
    main.o(.text) refers to profibus_dp.o(.data) for gu8_ExtType
    main.o(.text) refers to displayandkey.o(.data) for gu32_KeyCode
    main.o(.text) refers to modbus.o(.data) for gb_S485Recieve
    main.o(.text) refers to recipe.o(.bss) for gs_Rec
    main.o(.text) refers to runstate.o(.data) for gb_PushBagStartFlg
    adaptation.o(.text) refers to f_ram.o(.text) for FRAM_WriteDW
    adaptation.o(.text) refers to frleqf.o(x$fpl$frleqf) for __aeabi_cfrcmple
    adaptation.o(.text) refers to ffix.o(x$fpl$ffix) for __aeabi_f2iz
    adaptation.o(.text) refers to fflt_noclz.o(x$fpl$fflt) for __aeabi_i2f
    adaptation.o(.text) refers to aeabi_sdiv.o(.text) for __aeabi_idivmod
    adaptation.o(.text) refers to aeabi_sdiv.o(.text_udiv) for __aeabi_uidivmod
    adaptation.o(.text) refers to fmul.o(x$fpl$fmul) for __aeabi_fmul
    adaptation.o(.text) refers to faddsub_noclz.o(x$fpl$fadd) for __aeabi_fadd
    adaptation.o(.text) refers to scalbnf.o(x$fpl$scalbnf) for __ARM_scalbnf
    adaptation.o(.text) refers to fflt_noclz.o(x$fpl$ffltu) for __aeabi_ui2f
    adaptation.o(.text) refers to fdiv.o(x$fpl$fdiv) for __aeabi_fdiv
    adaptation.o(.text) refers to setupstate.o(.bss) for gs_Setup
    adaptation.o(.text) refers to recipe.o(.bss) for gs_Rec
    adaptation.o(.text) refers to recipe.o(.data) for gu32_RecNum
    adaptation.o(.text) refers to adaptation.o(.bss) for .bss
    adaptation.o(.text) refers to adaptation.o(.data) for .data
    adaptation.o(.data) refers to adtoweight.o(.data) for gs32_WtKalmanFed
    adaptation.o(.data) refers to recipe.o(.bss) for gs_Rec
    adaptation.o(.data) refers to runstate.o(.bss) for gs_DebugRunTime
    adaptation.o(.data) refers to mathlogic.o(.data) for gs32_SP2KFed
    adtoweight.o(.text) refers to fflt_noclz.o(x$fpl$ffltu) for __aeabi_ui2f
    adtoweight.o(.text) refers to fdiv.o(x$fpl$fdiv) for __aeabi_fdiv
    adtoweight.o(.text) refers to ffixu.o(x$fpl$ffixu) for __aeabi_f2uiz
    adtoweight.o(.text) refers to displayandkey.o(.text) for ErrorDeal
    adtoweight.o(.text) refers to buzzer.o(.text) for BuzzerStart
    adtoweight.o(.text) refers to aeabi_sdiv.o(.text_udiv) for __aeabi_uidivmod
    adtoweight.o(.text) refers to calibstate.o(.text) for AdToMv
    adtoweight.o(.text) refers to mathlogic.o(.text) for LeastLinear
    adtoweight.o(.text) refers to calibstate.o(.bss) for gs_Cal
    adtoweight.o(.text) refers to adtoweight.o(.data) for .data
    adtoweight.o(.text) refers to ad.o(.data) for gb_SigWtFlg
[...]
    IO_OutPut                                0x4000a844   ARM Code     552  io.o(.text)
    IO_Inport                                0x4000aa6c   ARM Code     152  io.o(.text)
    IO_CloseOut                              0x4000ab04   ARM Code      44  io.o(.text)
    Key_IoTestState                          0x4000ab30   ARM Code    1372  io.o(.text)
    Disp_IoTestState                         0x4000b08c   ARM Code     320  io.o(.text)
    Key_IoDefState                           0x4000b1cc   ARM Code    1292  io.o(.text)
    Disp_IoDefState                          0x4000b6d8   ARM Code     268  io.o(.text)
    PackInput                                0x4000b7e4   ARM Code     240  io.o(.text)
    Pack_JD                                  0x4000b8d4   ARM Code      92  io.o(.text)
    Pack_SD                                  0x4000b930   ARM Code     200  io.o(.text)
    NextRecNum                               0x4000b9f8   ARM Code     100  io.o(.text)
    ManualDisc                               0x4000ba5c   ARM Code      52  io.o(.text)
    ManualSp3                                0x4000ba90   ARM Code      64  io.o(.text)
    ManualSp123                              0x4000bad0   ARM Code      60  io.o(.text)
    IO_InDeal                                0x4000bb0c   ARM Code     680  io.o(.text)
    DoubleLock                               0x4000bdb4   ARM Code     176  io.o(.text)
    IO_InScan                                0x4000be64   ARM Code     624  io.o(.text)
    kalman1_init                             0x4000c124   ARM Code      40  kalman.o(.text)
    kalman1_filter                           0x4000c14c   ARM Code     200  kalman.o(.text)
    kalman2_init                             0x4000c214   ARM Code     108  kalman.o(.text)
    kalman2_filter                           0x4000c280   ARM Code     680  kalman.o(.text)
    SaveLinearArray                          0x4000c530   ARM Code      44  mathlogic.o(.text)
    LeastLinear                              0x4000c55c   ARM Code     596  mathlogic.o(.text)
    DisableRecIRQ_UART0                      0x4000c7b0   ARM Code      16  modbus.o(.text)
    DisableRecIRQ_UART1                      0x4000c7c0   ARM Code      16  modbus.o(.text)
    EnableRecIRQ_UART0                       0x4000c7d0   ARM Code      16  modbus.o(.text)
    EnableRecIRQ_UART1                       0x4000c7e0   ARM Code      16  modbus.o(.text)
    DisableSendIRQ_UART0                     0x4000c7f0   ARM Code      44  modbus.o(.text)
    DisableSendIRQ_UART1                     0x4000c81c   ARM Code      44  modbus.o(.text)
    EnableSendIRQ_UART0                      0x4000c848   ARM Code      44  modbus.o(.text)
    EnableSendIRQ_UART1                      0x4000c874   ARM Code      44  modbus.o(.text)
    UartModbusInit_UART0                     0x4000c8a0   ARM Code     256  modbus.o(.text)
    UartModbusInit_UART1                     0x4000c9a0   ARM Code     240  modbus.o(.text)
    BuildModbusCrc16                         0x4000ca90   ARM Code      64  modbus.o(.text)
    BuildCrc16                               0x4000cad0   ARM Code      40  modbus.o(.text)
    BuildModbusLrc                           0x4000caf8   ARM Code      44  modbus.o(.text)
    BuildLrc                                 0x4000cb24   ARM Code      32  modbus.o(.text)
    CheckModBusCrc16                         0x4000cb44   ARM Code      80  modbus.o(.text)
    Modbus_Send_RTU                          0x4000cb94   ARM Code     156  modbus.o(.text)
    Modbus_Send_ASCII                        0x4000cc30   ARM Code     112  modbus.o(.text)
    Modbus_Error                             0x4000cca0   ARM Code      68  modbus.o(.text)
    ModBus_2BinBCD                           0x4000cce4   ARM Code      84  modbus.o(.text)
    Modbus_ReadStateflg                      0x4000cd38   ARM Code     648  modbus.o(.text)
    Modbus_WtOrMvData                        0x4000cfc0   ARM Code     140  modbus.o(.text)
    week_day                                 0x4000d04c   ARM Code     164  modbus.o(.text)
    Date_Time_Read                           0x4000d0f0   ARM Code     392  modbus.o(.text)
    get_week                                 0x4000d278   ARM Code      56  modbus.o(.text)
    Date_Time_Write                          0x4000d2b0   ARM Code     216  modbus.o(.text)
    Judge_Date                               0x4000d388   ARM Code     108  modbus.o(.text)
    ModBus_Write_2ByteOk                     0x4000d3f4   ARM Code      16  modbus.o(.text)
    ModBus_Read_RegisterDeal                 0x4000d404   ARM Code   10188  modbus.o(.text)
    ModBus_Read_Register                     0x4000fbd0   ARM Code      80  modbus.o(.text)
    ModBus_Write_2ByteDeal                   0x4000fc20   ARM Code    5704  modbus.o(.text)
    ModBus_Write_2Byte                       0x40011268   ARM Code     108  modbus.o(.text)
    ModBus_Write_4ByteOk                     0x400112d4   ARM Code      48  modbus.o(.text)
    ModBus_Write_4ByteDeal                   0x40011304   ARM Code    2140  modbus.o(.text)
    ModBus_Write_4Byte                       0x40011b60   ARM Code     140  modbus.o(.text)
    Deal8byteShift                           0x40011bec   ARM Code     120  modbus.o(.text)
    Modbus_Read_CoilDeal                     0x40011c64   ARM Code     784  modbus.o(.text)
    Modbus_Read_Coil                         0x40011f74   ARM Code     320  modbus.o(.text)
    ModBus_Write_CoilOk                      0x400120b4   ARM Code      48  modbus.o(.text)
    Modbus_Write_CoilDeal                    0x400120e4   ARM Code    1588  modbus.o(.text)
    CheckModbusLrc                           0x40012718   ARM Code     100  modbus.o(.text)
    Com_Modbus                               0x4001277c   ARM Code     640  modbus.o(.text)
    IRQ_ModbusRTU_UART0                      0x400129fc   ARM Code     596  modbus.o(.text)
    IRQ_Modbus_RTU_UART1                     0x40012c50   ARM Code     552  modbus.o(.text)
    Read_SetupData                           0x40012e90   ARM Code     128  parameter.o(.text)
    Read_SumData                             0x40012f10   ARM Code     148  parameter.o(.text)
    Read_RecipeData                          0x40012fa4   ARM Code      84  parameter.o(.text)
    Read_CalibData                           0x40012ff8   ARM Code      64  parameter.o(.text)
    Read_IoDefData                           0x40013038   ARM Code     180  parameter.o(.text)
    Init_Parameter                           0x400130ec   ARM Code     800  parameter.o(.text)
    Reset_Cal                                0x4001340c   ARM Code      64  parameter.o(.text)
    Reset_Setup                              0x4001344c   ARM Code     140  parameter.o(.text)
    Reset_Rec                                0x400134d8   ARM Code     128  parameter.o(.text)
    Reset_IoDef                              0x40013558   ARM Code      76  parameter.o(.text)
    Reset_All                                0x400135a4   ARM Code     220  parameter.o(.text)
    Disp_Delay                               0x40013680   ARM Code      72  parameter.o(.text)
    Key_ResetState                           0x400136c8   ARM Code     428  parameter.o(.text)
    Disp_ResetState                          0x40013874   ARM Code     160  parameter.o(.text)
    Reset_Parameter                          0x40013914   ARM Code     132  parameter.o(.text)
    Backup_Parameter                         0x40013998   ARM Code     124  parameter.o(.text)
    Reload_Parameter                         0x40013a14   ARM Code     216  parameter.o(.text)
    Key_BorRState                            0x40013aec   ARM Code     480  parameter.o(.text)
    Disp_BorRState                           0x40013ccc   ARM Code     260  parameter.o(.text)
    BorR_Parameter                           0x40013dd0   ARM Code     132  parameter.o(.text)
    Key_ModelSetState                        0x40013e54   ARM Code     652  parameter.o(.text)
    Disp_ModelSetState                       0x400140e0   ARM Code     632  parameter.o(.text)
    ModelSet                                 0x40014358   ARM Code     132  parameter.o(.text)
    ErrorToAsc                               0x400143e8   ARM Code      96  printstate.o(.text)
    UnitToAsc                                0x40014448   ARM Code      92  printstate.o(.text)
    PrtAutoDebug_Contents                    0x400144a4   ARM Code     172  printstate.o(.text)
    PrtAuto_Contents                         0x40014550   ARM Code    1792  printstate.o(.text)
    PrtStatistic_Contents                    0x40014c50   ARM Code    1012  printstate.o(.text)
    PrtRecReport_Contents                    0x40015044   ARM Code    1140  printstate.o(.text)
    PrtTotal_Contents                        0x400154b8   ARM Code     584  printstate.o(.text)
    PrtRecSet_Contents                       0x40015700   ARM Code    1336  printstate.o(.text)
    PrintStart                               0x40015c38   ARM Code     452  printstate.o(.text)
    PrintDeal                                0x40015dfc   ARM Code     856  printstate.o(.text)
    PrintResult_Old                          0x40016154   ARM Code     380  printstate.o(.text)
    SetPrintSumArry                          0x400162d0   ARM Code     676  printstate.o(.text)
    PrintSum                                 0x40016574   ARM Code     220  printstate.o(.text)
    PrintBlankRows                           0x40016650   ARM Code     120  printstate.o(.text)
    Key_PrintState                           0x400166c8   ARM Code     576  printstate.o(.text)
    Disp_PrintState                          0x40016908   ARM Code     164  printstate.o(.text)
    Pbus_CheckExt                            0x400169d0   ARM Code     116  profibus_dp.o(.text)
    UARTInit_Pbus                            0x40016a44   ARM Code     212  profibus_dp.o(.text)
    IRQ_Pbus                                 0x40016b18   ARM Code     228  profibus_dp.o(.text)
    Pbus_Checksum                            0x40016bfc   ARM Code      48  profibus_dp.o(.text)
    Pbus_StartSend                           0x40016c2c   ARM Code     116  profibus_dp.o(.text)
    Pbus_Init                                0x40016ca0   ARM Code     244  profibus_dp.o(.text)
    Pbus_SendDataDeal                        0x40016d94   ARM Code    2552  profibus_dp.o(.text)
    Pbus_Send                                0x4001778c   ARM Code     360  profibus_dp.o(.text)
    Pbus_ReciveCheck                         0x400178f4   ARM Code     228  profibus_dp.o(.text)
    Pbus_ReciveDataDeal                      0x400179d8   ARM Code    9172  profibus_dp.o(.text)
    Pbus_Recive                              0x40019dac   ARM Code     124  profibus_dp.o(.text)
    Com_Pbus_DP                              0x40019e28   ARM Code      20  profibus_dp.o(.text)
    GetRecipeItemValue                       0x40019e4c   ARM Code     628  recipe.o(.text)
    GetRecipePort                            0x4001a0c0   ARM Code     856  recipe.o(.text)
    RecDataInputCheck                        0x4001a418   ARM Code     124  recipe.o(.text)
    Key_RecipeState                          0x4001a494   ARM Code    1228  recipe.o(.text)
    Disp_RecipeState                         0x4001a960   ARM Code     980  recipe.o(.text)
    RefreshDebugRec                          0x4001ad34   ARM Code      44  runstate.o(.text)
    UpdateFastSetRec                         0x4001ad60   ARM Code     108  runstate.o(.text)
    Over_Under                               0x4001adcc   ARM Code     220  runstate.o(.text)
    StatisticClrStruct                       0x4001aea8   ARM Code      36  runstate.o(.text)
    StatisticSaveStartTime                   0x4001aecc   ARM Code      12  runstate.o(.text)
    StatisticDeal                            0x4001aed8   ARM Code     952  runstate.o(.text)
    PredictSp3_Restart                       0x4001b290   ARM Code      32  runstate.o(.text)
    OneTareOver                              0x4001b2b0   ARM Code     656  runstate.o(.text)
    Deal_WeighTime_Sum                       0x4001b540   ARM Code      96  runstate.o(.text)
    CorrectFall                              0x4001b5a0   ARM Code     396  runstate.o(.text)
    GetTare                                  0x4001b72c   ARM Code     100  runstate.o(.text)
    NO2Wait                                  0x4001b790   ARM Code     188  runstate.o(.text)
    FlapBag                                  0x4001b84c   ARM Code     580  runstate.o(.text)
    PackOff                                  0x4001ba90   ARM Code      52  runstate.o(.text)
    WaitT5                                   0x4001bac4   ARM Code     412  runstate.o(.text)
    Disc                                     0x4001bc60   ARM Code     500  runstate.o(.text)
    WaitPack                                 0x4001be54   ARM Code      92  runstate.o(.text)
    WaitT4                                   0x4001beb0   ARM Code     872  runstate.o(.text)
    WaitT3                                   0x4001c218   ARM Code     332  runstate.o(.text)
    PredictSp3_Sample                        0x4001c364   ARM Code     308  runstate.o(.text)
    PredictSp3_Control                       0x4001c498   ARM Code      84  runstate.o(.text)
    PredictSp3_Init                          0x4001c4ec   ARM Code      88  runstate.o(.text)
    PredictSp3_KAverage                      0x4001c544   ARM Code     104  runstate.o(.text)
    PredictSp3_Calculate                     0x4001c5ac   ARM Code     116  runstate.o(.text)
    SmallFeed                                0x4001c620   ARM Code     428  runstate.o(.text)
    EnterSmallFeed                           0x4001c7cc   ARM Code     120  runstate.o(.text)
    MiddleFeed                               0x4001c844   ARM Code     272  runstate.o(.text)
    LargeFeed                                0x4001c954   ARM Code     224  runstate.o(.text)
    AutoStudy_SP2Start                       0x4001ca34   ARM Code     168  runstate.o(.text)
    JudgeAutoStudy                           0x4001cadc   ARM Code      32  runstate.o(.text)
    WaitT1                                   0x4001cafc   ARM Code    1868  runstate.o(.text)
    AutoStudy_SP2ing                         0x4001d248   ARM Code      80  runstate.o(.text)
    AutoStudy_SP2Stop                        0x4001d298   ARM Code     156  runstate.o(.text)
    AutoStudy_SP3ing                         0x4001d334   ARM Code     148  runstate.o(.text)
    AutoStudy_SP3Stop                        0x4001d3c8   ARM Code     164  runstate.o(.text)
    AutoStudy_SP3Fill                        0x4001d46c   ARM Code     308  runstate.o(.text)
    AutoStudy                                0x4001d5a0   ARM Code      64  runstate.o(.text)
    Cmpul                                    0x4001d5e0   ARM Code     212  runstate.o(.text)
    Key_RunState                             0x4001d6b4   ARM Code     476  runstate.o(.text)
    StabOver                                 0x4001d890   ARM Code       8  runstate.o(.text)
    Key_FastSetState                         0x4001d940   ARM Code     492  stopandrunstate.o(.text)
    Key_StopState                            0x4001db2c   ARM Code    1144  stopandrunstate.o(.text)
    Disp_StopRunState                        0x4001dfa4   ARM Code     492  stopandrunstate.o(.text)
    GetSetupItemValue                        0x4001e274   ARM Code     732  setupstate.o(.text)
    GetSetupPort                             0x4001e550   ARM Code     972  setupstate.o(.text)
    GetSetupNextItem                         0x4001e91c   ARM Code     204  setupstate.o(.text)
    TareModeChange                           0x4001e9e8   ARM Code      64  setupstate.o(.text)
    Key_SetupState                           0x4001ea28   ARM Code    1900  setupstate.o(.text)
    Disp_SetupState                          0x4001f194   ARM Code    1048  setupstate.o(.text)
    GetSumWt_u32                             0x4001f5ac   ARM Code     144  sum.o(.text)
    ClrSum_Rec                               0x4001f63c   ARM Code      64  sum.o(.text)
    ClrSum                                   0x4001f67c   ARM Code     104  sum.o(.text)
    Save_SumData                             0x4001f6e4   ARM Code     344  sum.o(.text)
    Key_SumState                             0x4001f83c   ARM Code    1092  sum.o(.text)
    Disp_SumState                            0x4001fc80   ARM Code     536  sum.o(.text)
    DiscSumDeal                              0x4001fe98   ARM Code     232  sum.o(.text)
    Disp_ShutdownState                       0x40020040   ARM Code     352  shutdownstate.o(.text)
    GetShutItemValue                         0x400201a0   ARM Code      44  shutdownstate.o(.text)
    GetShutDownPort                          0x400201cc   ARM Code      84  shutdownstate.o(.text)
    UpdataGrandShutCode                      0x40020220   ARM Code     392  shutdownstate.o(.text)
    GetRandom                                0x400203a8   ARM Code      56  shutdownstate.o(.text)
    GradeShutCodeEQ                          0x400203e0   ARM Code     332  shutdownstate.o(.text)
    Update_ShutDown_data                     0x4002052c   ARM Code     240  shutdownstate.o(.text)
    Key_ShutdownState                        0x4002061c   ARM Code    1184  shutdownstate.o(.text)
    Sys_Closed_Set                           0x40020abc   ARM Code     236  shutdownstate.o(.text)
    Count_Day                                0x40020ba8   ARM Code     160  shutdownstate.o(.text)
    CmpDay                                   0x40020c48   ARM Code     600  shutdownstate.o(.text)
    Auto_ShutDown                            0x40020ea0   ARM Code     216  shutdownstate.o(.text)
    Input_DateTime                           0x40020f78   ARM Code      40  timeanddate.o(.text)
    Key_DateTimeState                        0x40020fa0   ARM Code     644  timeanddate.o(.text)
    Disp_DateTimeState                       0x40021224   ARM Code     112  timeanddate.o(.text)
    DebugInit_UART0                          0x400212dc   ARM Code     204  uart.o(.text)
    Uart0_Init                               0x400213a8   ARM Code      96  uart.o(.text)
    UartGMInit_UART0                         0x40021408   ARM Code     252  uart.o(.text)
    UartGMInit_UART1                         0x40021504   ARM Code     236  uart.o(.text)
    Uart1_Init                               0x400215f0   ARM Code     152  uart.o(.text)
    SRCFrame                                 0x40021688   ARM Code     128  uart.o(.text)
    SRCCheck                                 0x40021708   ARM Code     152  uart.o(.text)
    StartSend_Com                            0x400217a0   ARM Code     120  uart.o(.text)
    Com_Cont                                 0x40021818   ARM Code     452  uart.o(.text)
    Debug_State1                             0x400219dc   ARM Code     164  uart.o(.text)
    Debug_State2                             0x40021a80   ARM Code      32  uart.o(.text)
    Debug_Com_Cont_Wt                        0x40021aa0   ARM Code     196  uart.o(.text)
    Debug_Send                               0x40021b64   ARM Code     112  uart.o(.text)
    Debug_Com_Cont_Wt_Kalman                 0x40021bd4   ARM Code     316  uart.o(.text)
    Debug_Com_Cont_AD                        0x40021d10   ARM Code     112  uart.o(.text)
    Read_RT                                  0x40021d80   ARM Code     312  uart.o(.text)
    Read_RT_O                                0x40021eb8   ARM Code     152  uart.o(.text)
    Commumication                            0x40021f50   ARM Code      52  uart.o(.text)
    RxdArry_To_TxdArry                       0x40021f84   ARM Code      28  uart.o(.text)
    Read_CE                                  0x40021fa0   ARM Code      24  uart.o(.text)
    RxData_Check                             0x40021fb8   ARM Code     144  uart.o(.text)
    JudgeFrame                               0x40022048   ARM Code      44  uart.o(.text)
    Deal_Read_R                              0x40022074   ARM Code     252  uart.o(.text)
    Deal_Read                                0x40022170   ARM Code      48  uart.o(.text)
    Com_Read                                 0x400221a0   ARM Code     180  uart.o(.text)
    IRQ_Debug_UART0                          0x40022254   ARM Code     436  uart.o(.text)
    IRQ_GM_ModbusASCII_UART0                 0x40022408   ARM Code     552  uart.o(.text)
    IRQ_GM_ModbusASCII_UART1                 0x40022630   ARM Code     524  uart.o(.text)
    AD_SendByte                              0x4002284c   ARM Code     116  ad.o(.text)
    AD_ReceiveByte                           0x400228c0   ARM Code     112  ad.o(.text)
    AD_WriteReg                              0x40022930   ARM Code      56  ad.o(.text)
    AD_ReadReg                               0x40022968   ARM Code      56  ad.o(.text)
    AD_SYNC                                  0x400229a0   ARM Code      64  ad.o(.text)
    AD_Init                                  0x400229e0   ARM Code     248  ad.o(.text)
    DEFSUMTab                                0x40022ad8   ARM Code      48  ad.o(.text)
    FilterTab                                0x40022b08   ARM Code      48  ad.o(.text)
    DFNumberTab                              0x40022b38   ARM Code      48  ad.o(.text)
    Ad_Filter                                0x40022b68   ARM Code     268  ad.o(.text)
    AD_GetFedVal                             0x40022c74   ARM Code     268  ad.o(.text)
    AD_ConvertTimes                          0x40022d80   ARM Code      56  ad.o(.text)
    Buzzer_Init                              0x40022e0c   ARM Code      68  buzzer.o(.text)
    Buzzer_PowerOn                           0x40022e50   ARM Code      48  buzzer.o(.text)
    BuzzerS                                  0x40022e80   ARM Code      24  buzzer.o(.text)
    OPBuzzer                                 0x40022e98   ARM Code     160  buzzer.o(.text)
    BuzzerStart                              0x40022f38   ARM Code      60  buzzer.o(.text)
    FRAM_Init                                0x40022f94   ARM Code      76  f_ram.o(.text)
    FRAM_SendByte                            0x40022fe0   ARM Code     112  f_ram.o(.text)
    FRAM_ReceiveByte                         0x40023050   ARM Code     104  f_ram.o(.text)
    FRAM_Read_SR                             0x400230b8   ARM Code      68  f_ram.o(.text)
    FRAM_Write_SR                            0x400230fc   ARM Code      64  f_ram.o(.text)
    FRAM_BPALL                               0x4002313c   ARM Code      60  f_ram.o(.text)
    FRAM_BPNON                               0x40023178   ARM Code      60  f_ram.o(.text)
    FRAM_BPHALF                              0x400231b4   ARM Code      60  f_ram.o(.text)
    FRAM_ReadDW                              0x400231f0   ARM Code     120  f_ram.o(.text)
    FRAM_ReadFloat                           0x40023268   ARM Code     120  f_ram.o(.text)
    FRAM_Read8Byte                           0x400232e0   ARM Code     156  f_ram.o(.text)
    FRAM_ContReadByte                        0x4002337c   ARM Code     112  f_ram.o(.text)
    FRAM_ContReadDW                          0x400233ec   ARM Code     144  f_ram.o(.text)
    FRAM_WriteDW                             0x4002347c   ARM Code     160  f_ram.o(.text)
    FRAM_WriteFloat                          0x4002351c   ARM Code     160  f_ram.o(.text)
    FRAM_Write8Byte                          0x400235bc   ARM Code     160  f_ram.o(.text)
    FRAM_WriteDW_Backup                      0x4002365c   ARM Code     160  f_ram.o(.text)
    FRAM_ContWriteByte                       0x400236fc   ARM Code     160  f_ram.o(.text)
    FRAM_ContWriteDW                         0x4002379c   ARM Code     192  f_ram.o(.text)
    RTC_Send_Byte                            0x40023860   ARM Code     124  rtc.o(.text)
    RTC_Receive_Byte                         0x400238dc   ARM Code     120  rtc.o(.text)
    RTC_Write_nByte                          0x40023954   ARM Code     136  rtc.o(.text)
    RTC_Read_nByte                           0x400239dc   ARM Code     132  rtc.o(.text)
    RTC_Init                                 0x40023a60   ARM Code     116  rtc.o(.text)
    RTC_ReadDateTime                         0x40023ad4   ARM Code      44  rtc.o(.text)
    RTC_ReadTime                             0x40023b00   ARM Code      44  rtc.o(.text)
    UTRC_sTimetoDisp                         0x40023b2c   ARM Code      64  rtc.o(.text)
    RTC_sDatetoASC                           0x40023b6c   ARM Code      92  rtc.o(.text)
    RTC_sTimetoASC                           0x40023bc8   ARM Code      92  rtc.o(.text)
    RTC_DateToASC_Full                       0x40023c24   ARM Code     112  rtc.o(.text)
    RTC_TimeToASC_Full                       0x40023c94   ARM Code      76  rtc.o(.text)
    LeapYear                                 0x40023ce0   ARM Code      72  rtc.o(.text)
    RTC_FrameDate                            0x40023d28   ARM Code     156  rtc.o(.text)
    RTC_FrameTime                            0x40023dc4   ARM Code     112  rtc.o(.text)
    RTC_WriteDateTime                        0x40023e34   ARM Code      16  rtc.o(.text)
    RTC_WriteDate                            0x40023e44   ARM Code      32  rtc.o(.text)
    Timer0_Init                              0x40023e70   ARM Code     184  timer.o(.text)
    Timer1_Init                              0x40023f28   ARM Code     144  timer.o(.text)
    Sp2StopTimeStart                         0x40023fb8   ARM Code      68  timer.o(.text)
    Sp2StopTimeStop                          0x40023ffc   ARM Code      84  timer.o(.text)
    StopSp2ByT1                              0x40024050   ARM Code     400  timer.o(.text)
    T1_IRQ                                   0x400241e0   ARM Code     136  timer.o(.text)
    RoundOff                                 0x400242a8   ARM Code      28  userlib.o(.text)
    ShortDelay                               0x400242c4   ARM Code      24  userlib.o(.text)
    MidDelay                                 0x400242dc   ARM Code      24  userlib.o(.text)
    LongDelay                                0x400242f4   ARM Code      24  userlib.o(.text)
    delay                                    0x4002430c   ARM Code      40  userlib.o(.text)
    BIN4toNBCD                               0x40024334   ARM Code      88  userlib.o(.text)
    HextoChar                                0x4002438c   ARM Code      88  userlib.o(.text)
    BIN4toNHex                               0x400243e4   ARM Code      80  userlib.o(.text)
    BIN4toNHexASC                            0x40024434   ARM Code      32  userlib.o(.text)
    BIN4toNASC                               0x40024454   ARM Code      60  userlib.o(.text)
    BIN4toNASC_Echo0                         0x40024490   ARM Code     112  userlib.o(.text)
    BIN4toNASC_Point                         0x40024500   ARM Code     156  userlib.o(.text)
    ASCto4Bin                                0x4002459c   ARM Code     148  userlib.o(.text)
    ASCtoHex                                 0x40024630   ARM Code      88  userlib.o(.text)
    HextoASC                                 0x40024688   ARM Code     104  userlib.o(.text)
    VFD_SendByte                             0x400246f4   ARM Code     136  vfd.o(.text)
    VFD_ReceiveByte                          0x4002477c   ARM Code     164  vfd.o(.text)
    VFD_WriteByte                            0x40024820   ARM Code      56  vfd.o(.text)
    VFD_Init                                 0x40024858   ARM Code      92  vfd.o(.text)
    VFD_MainDisp_u32                         0x400248b4   ARM Code      76  vfd.o(.text)
    VFD_MainDisp_Str                         0x40024900   ARM Code      60  vfd.o(.text)
    VFD_MainDisp_ASCII                       0x4002493c   ARM Code      40  vfd.o(.text)
    VFD_AuxDisp_u32                          0x40024964   ARM Code      76  vfd.o(.text)
    VFD_AuxDisp_Str                          0x400249b0   ARM Code      60  vfd.o(.text)
    VFD_UnitDisp                             0x400249ec   ARM Code     124  vfd.o(.text)
    VFD_LEDDisp                              0x40024a68   ARM Code      96  vfd.o(.text)
    VFD_FlgDisp                              0x40024ac8   ARM Code     296  vfd.o(.text)
    VFD_FlgDisp_ZERO                         0x40024bf0   ARM Code      28  vfd.o(.text)
    VFD_FlgDisp_SP1                          0x40024c0c   ARM Code      20  vfd.o(.text)
    VFD_FlgDisp_HILIM                        0x40024c20   ARM Code      28  vfd.o(.text)
    VFD_FlgDisp_STAB                         0x40024c3c   ARM Code      28  vfd.o(.text)
    VFD_FlgDisp_SP2                          0x40024c58   ARM Code      20  vfd.o(.text)
    VFD_FlgDisp_HI                           0x40024c6c   ARM Code      28  vfd.o(.text)
    VFD_FlgDisp_RUN                          0x40024c88   ARM Code      28  vfd.o(.text)
    VFD_FlgDisp_SP3                          0x40024ca4   ARM Code      20  vfd.o(.text)
    VFD_FlgDisp_GO                           0x40024cb8   ARM Code      28  vfd.o(.text)
    VFD_FlgDisp_SUM                          0x40024cd4   ARM Code      28  vfd.o(.text)
    VFD_FlgDisp_DISC                         0x40024cf0   ARM Code      20  vfd.o(.text)
    VFD_FlgDisp_LO                           0x40024d04   ARM Code      28  vfd.o(.text)
    VFD_FlgDisp_OVER                         0x40024d20   ARM Code      28  vfd.o(.text)
    VFD_FlgDisp_NZ                           0x40024d3c   ARM Code      20  vfd.o(.text)
    VFD_FlgDisp_LOLIM                        0x40024d50   ARM Code      28  vfd.o(.text)
    VFD_FlgDisp_UNDER                        0x40024d6c   ARM Code      28  vfd.o(.text)
    VFD_FlgDisp_FILL                         0x40024d88   ARM Code      20  vfd.o(.text)
    VFD_FlgDisp_HOLD                         0x40024d9c   ARM Code      28  vfd.o(.text)
    VFD_CopyMainDispArryToDispRam            0x40024db8   ARM Code      52  vfd.o(.text)
    VFD_CopyAuxDispArryToDispRam             0x40024dec   ARM Code      52  vfd.o(.text)
    VFD_CopyUnitDispArryToDispRam            0x40024e20   ARM Code      52  vfd.o(.text)
    VFD_CopyFlgDispArryToDispRam             0x40024e54   ARM Code      52  vfd.o(.text)
    VFD_CopyDispArryToDispRam                0x40024e88   ARM Code      24  vfd.o(.text)
    VFD_WriteDispRamArry                     0x40024ea0   ARM Code     160  vfd.o(.text)
    VFD_FillDispRam                          0x40024f40   ARM Code     132  vfd.o(.text)
    VFD_ClrDispRam                           0x40024fc4   ARM Code     132  vfd.o(.text)
    VFD_ReadKey                              0x40025048   ARM Code     100  vfd.o(.text)
    VFD_MainSigDisp                          0x400250ac   ARM Code      64  vfd.o(.text)
    VFD_KeyCode_To_Value                     0x400250ec   ARM Code     120  vfd.o(.text)
    Undefined_Handler                        0x4002518c   ARM Code       4  71x_it.o(.text)
    FIQ_Handler                              0x40025190   ARM Code       4  71x_it.o(.text)
    SWI_Handler                              0x40025194   ARM Code       4  71x_it.o(.text)
    Prefetch_Handler                         0x40025198   ARM Code       4  71x_it.o(.text)
    Abort_Handler                            0x4002519c   ARM Code       4  71x_it.o(.text)
    T0TIMI_IRQHandler                        0x400251a0   ARM Code       4  71x_it.o(.text)
    FLASH_IRQHandler                         0x400251a4   ARM Code       4  71x_it.o(.text)
    RCCU_IRQHandler                          0x400251a8   ARM Code       4  71x_it.o(.text)
    RTC_IRQHandler                           0x400251ac   ARM Code       4  71x_it.o(.text)
    WDG_IRQHandler                           0x400251b0   ARM Code       4  71x_it.o(.text)
    XTI_IRQHandler                           0x400251b4   ARM Code       4  71x_it.o(.text)
    USBHP_IRQHandler                         0x400251b8   ARM Code       4  71x_it.o(.text)
    I2C0ITERR_IRQHandler                     0x400251bc   ARM Code       4  71x_it.o(.text)
    I2C1ITERR_IRQHandler                     0x400251c0   ARM Code       4  71x_it.o(.text)
    UART0_IRQHandler                         0x400251c4   ARM Code       4  71x_it.o(.text)
    UART1_IRQHandler                         0x400251c8   ARM Code      36  71x_it.o(.text)
    UART2_IRQHandler                         0x400251ec   ARM Code       4  71x_it.o(.text)
    UART3_IRQHandler                         0x400251f0   ARM Code       4  71x_it.o(.text)
    BSPI0_IRQHandler                         0x400251f4   ARM Code       4  71x_it.o(.text)
    BSPI1_IRQHandler                         0x400251f8   ARM Code       4  71x_it.o(.text)
    I2C0_IRQHandler                          0x400251fc   ARM Code       4  71x_it.o(.text)
    I2C1_IRQHandler                          0x40025200   ARM Code       4  71x_it.o(.text)
    CAN_IRQHandler                           0x40025204   ARM Code       4  71x_it.o(.text)
    ADC12_IRQHandler                         0x40025208   ARM Code       4  71x_it.o(.text)
    T1TIMI_IRQHandler                        0x4002520c   ARM Code       4  71x_it.o(.text)
    T2TIMI_IRQHandler                        0x40025210   ARM Code       4  71x_it.o(.text)
    T3TIMI_IRQHandler                        0x40025214   ARM Code       4  71x_it.o(.text)
    HDLC_IRQHandler                          0x40025218   ARM Code       4  71x_it.o(.text)
    USBLP_IRQHandler                         0x4002521c   ARM Code       4  71x_it.o(.text)
    T0TOI_IRQHandler                         0x40025220   ARM Code       4  71x_it.o(.text)
    T0OC1_IRQHandler                         0x40025224   ARM Code      72  71x_it.o(.text)
    T0OC2_IRQHandler                         0x4002526c   ARM Code       4  71x_it.o(.text)
    APB_ClockConfig                          0x40025280   ARM Code      24  71x_apb.o(.text)
    APB_SwResetConfig                        0x40025298   ARM Code      24  71x_apb.o(.text)
    EIC_Init                                 0x400252b0   ARM Code      88  71x_eic.o(.text)
    EIC_IRQConfig                            0x40025308   ARM Code      28  71x_eic.o(.text)
    EIC_FIQConfig                            0x40025324   ARM Code      28  71x_eic.o(.text)
    EIC_IRQChannelConfig                     0x40025340   ARM Code      36  71x_eic.o(.text)
    EIC_FIQChannelConfig                     0x40025364   ARM Code      28  71x_eic.o(.text)
    EIC_IRQChannelPriorityConfig             0x40025380   ARM Code      32  71x_eic.o(.text)
    EIC_CurrentPriorityLevelConfig           0x400253a0   ARM Code      48  71x_eic.o(.text)
    EIC_CurrentPriorityLevelValue            0x400253d0   ARM Code      16  71x_eic.o(.text)
    EIC_CurrentIRQChannelValue               0x400253e0   ARM Code      16  71x_eic.o(.text)
    EIC_CurrentFIQChannelValue               0x400253f0   ARM Code      20  71x_eic.o(.text)
    EIC_FIQPendingBitClear                   0x40025404   ARM Code      24  71x_eic.o(.text)
    GPIO_Config                              0x40025424   ARM Code     216  71x_gpio.o(.text)
    GPIO_BitRead                             0x400254fc   ARM Code      16  71x_gpio.o(.text)
    GPIO_ByteRead                            0x4002550c   ARM Code      16  71x_gpio.o(.text)
    GPIO_WordRead                            0x4002551c   ARM Code       8  71x_gpio.o(.text)
    GPIO_BitWrite                            0x40025524   ARM Code      32  71x_gpio.o(.text)
    GPIO_ByteWrite                           0x40025544   ARM Code      40  71x_gpio.o(.text)
    GPIO_WordWrite                           0x4002556c   ARM Code       8  71x_gpio.o(.text)
    RCCU_Div2Config                          0x40025574   ARM Code      28  71x_rccu.o(.text)
    RCCU_Div2Status                          0x40025590   ARM Code      20  71x_rccu.o(.text)
    RCCU_MCLKConfig                          0x400255a4   ARM Code      24  71x_rccu.o(.text)
    RCCU_PCLK1Config                         0x400255bc   ARM Code      24  71x_rccu.o(.text)
    RCCU_PCLK2Config                         0x400255d4   ARM Code      24  71x_rccu.o(.text)
    RCCU_RCLKClockSource                     0x400255ec   ARM Code      56  71x_rccu.o(.text)
    RCCU_FrequencyValue                      0x40025624   ARM Code     324  71x_rccu.o(.text)
    RCCU_PLL1Config                          0x40025768   ARM Code      84  71x_rccu.o(.text)
    RCCU_PLL2Config                          0x400257bc   ARM Code      60  71x_rccu.o(.text)
    RCCU_PLL1Disable                         0x400257f8   ARM Code      16  71x_rccu.o(.text)
    RCCU_RCLKSourceConfig                    0x40025808   ARM Code     188  71x_rccu.o(.text)
    RCCU_USBCLKConfig                        0x400258c4   ARM Code      28  71x_rccu.o(.text)
    RCCU_USBClockSource                      0x400258e0   ARM Code      20  71x_rccu.o(.text)
    RCCU_ITConfig                            0x400258f4   ARM Code      28  71x_rccu.o(.text)
    RCCU_FlagStatus                          0x40025910   ARM Code      20  71x_rccu.o(.text)
    RCCU_FlagClear                           0x40025924   ARM Code      20  71x_rccu.o(.text)
    RCCU_ResetSource                         0x40025938   ARM Code      60  71x_rccu.o(.text)
    RCCU_PLL1FreeRunningModeConfig           0x40025974   ARM Code      52  71x_rccu.o(.text)
    RCCU_PLL2Disable                         0x400259a8   ARM Code      20  71x_rccu.o(.text)
    RCCU_GenerateSWReset                     0x400259bc   ARM Code      36  71x_rccu.o(.text)
    TIM_Init                                 0x400259f4   ARM Code      20  71x_tim.o(.text)
    TIM_ClockSourceConfig                    0x40025a08   ARM Code      24  71x_tim.o(.text)
    TIM_ClockSourceValue                     0x40025a20   ARM Code      20  71x_tim.o(.text)
    TIM_PrescalerConfig                      0x40025a34   ARM Code      20  71x_tim.o(.text)
    TIM_PrescalerValue                       0x40025a48   ARM Code      12  71x_tim.o(.text)
    TIM_ClockLevelConfig                     0x40025a54   ARM Code      24  71x_tim.o(.text)
    TIM_ClockLevelValue                      0x40025a6c   ARM Code      20  71x_tim.o(.text)
    TIM_ICAPModeConfig                       0x40025a80   ARM Code      60  71x_tim.o(.text)
    TIM_ICAPValue                            0x40025abc   ARM Code      16  71x_tim.o(.text)
    TIM_OCMPModeConfig                       0x40025acc   ARM Code     132  71x_tim.o(.text)
    TIM_OPModeConfig                         0x40025b50   ARM Code      56  71x_tim.o(.text)
    TIM_PWMOModeConfig                       0x40025b88   ARM Code     120  71x_tim.o(.text)
    TIM_PWMIModeConfig                       0x40025c00   ARM Code     100  71x_tim.o(.text)
    TIM_PWMIValue                            0x40025c64   ARM Code      32  71x_tim.o(.text)
    TIM_CounterConfig                        0x40025c84   ARM Code      56  71x_tim.o(.text)
    TIM_ITConfig                             0x40025cbc   ARM Code      24  71x_tim.o(.text)
    TIM_FlagStatus                           0x40025cd4   ARM Code      16  71x_tim.o(.text)
    TIM_FlagClear                            0x40025ce4   ARM Code      16  71x_tim.o(.text)
    TIM_CounterValue                         0x40025cf4   ARM Code       8  71x_tim.o(.text)
    UART_Init                                0x40025d00   ARM Code      40  71x_uart.o(.text)
    UART_ModeConfig                          0x40025d28   ARM Code      20  71x_uart.o(.text)
    UART_BaudRateConfig                      0x40025d3c   ARM Code      80  71x_uart.o(.text)
    UART_ParityConfig                        0x40025d8c   ARM Code      20  71x_uart.o(.text)
    UART_StopBitsConfig                      0x40025da0   ARM Code      20  71x_uart.o(.text)
    UART_Config                              0x40025db4   ARM Code      68  71x_uart.o(.text)
    UART_ItConfig                            0x40025df8   ARM Code      24  71x_uart.o(.text)
    UART_FifoConfig                          0x40025e10   ARM Code      24  71x_uart.o(.text)
    UART_FifoReset                           0x40025e28   ARM Code      20  71x_uart.o(.text)
    UART_LoopBackConfig                      0x40025e3c   ARM Code      24  71x_uart.o(.text)
    UART_TimeOutPeriodConfig                 0x40025e54   ARM Code       8  71x_uart.o(.text)
    UART_GuardTimeConfig                     0x40025e5c   ARM Code       8  71x_uart.o(.text)
    UART_RxConfig                            0x40025e64   ARM Code      24  71x_uart.o(.text)
    UART_OnOffConfig                         0x40025e7c   ARM Code      24  71x_uart.o(.text)
    UART_ByteSend                            0x40025e94   ARM Code      52  71x_uart.o(.text)
    UART_9BitByteSend                        0x40025ec8   ARM Code      56  71x_uart.o(.text)
    UART_DataSend                            0x40025f00   ARM Code      56  71x_uart.o(.text)
    UART_9BitDataSend                        0x40025f38   ARM Code      56  71x_uart.o(.text)
    UART_StringSend                          0x40025f70   ARM Code      56  71x_uart.o(.text)
    UART_ByteReceive                         0x40025fa8   ARM Code      32  71x_uart.o(.text)
    UART_9BitByteReceive                     0x40025fc8   ARM Code      32  71x_uart.o(.text)
    UART_DataReceive                         0x40025fe8   ARM Code      68  71x_uart.o(.text)
    UART_9BitDataReceive                     0x4002602c   ARM Code      68  71x_uart.o(.text)
    UART_StringReceive                       0x40026070   ARM Code      64  71x_uart.o(.text)
    UART_FlagStatus                          0x400260b0   ARM Code       8  71x_uart.o(.text)
    SendChar                                 0x400260b8   ARM Code      12  71x_uart.o(.text)
    __user_initial_stackheap                 0x400260cc   ARM Code       0  str71x.o(.text)
    __aeabi_ldivmod                          0x400260ec   ARM Code       0  llsdiv.o(.text)
    _ll_sdiv                                 0x400260ec   ARM Code      84  llsdiv.o(.text)
    __aeabi_uldivmod                         0x40026140   ARM Code       0  lludiv.o(.text)
    _ll_udiv                                 0x40026140   ARM Code     720  lludiv.o(.text)
    _ll_udiv_donemoving                      0x40026154   ARM Code       0  lludiv.o(.text)
    Inline ARM to Thumb Veneer to srand      0x40026410   ARM Code       8  rand.o(.text)
    srand                                    0x40026419   Thumb Code    46  rand.o(.text)
    _rand_init                               0x40026447   Thumb Code     4  rand.o(.text)
    __aeabi_memcpy                           0x40026458   ARM Code       0  rt_memcpy.o(.text)
    __rt_memcpy                              0x40026458   ARM Code     212  rt_memcpy.o(.text)
    _memcpy_lastbytes                        0x4002650c   ARM Code       0  rt_memcpy.o(.text)
    __aeabi_memcpy4                          0x4002652c   ARM Code       0  rt_memcpy_w.o(.text)
    __aeabi_memcpy8                          0x4002652c   ARM Code       0  rt_memcpy_w.o(.text)
    __rt_memcpy_w                            0x4002652c   ARM Code     100  rt_memcpy_w.o(.text)
    _memcpy_lastbytes_aligned                0x40026578   ARM Code       0  rt_memcpy_w.o(.text)
    __aeabi_memset                           0x40026590   ARM Code      16  aeabi_memset.o(.text)
    __aeabi_memclr                           0x400265a0   ARM Code       0  rt_memclr.o(.text)
    __rt_memclr                              0x400265a0   ARM Code      64  rt_memclr.o(.text)
    _memset                                  0x400265a4   ARM Code       0  rt_memclr.o(.text)
    __aeabi_memclr4                          0x400265e0   ARM Code       0  rt_memclr_w.o(.text)
    __aeabi_memclr8                          0x400265e0   ARM Code       0  rt_memclr_w.o(.text)
    __rt_memclr_w                            0x400265e0   ARM Code      84  rt_memclr_w.o(.text)
    _memset_w                                0x400265e4   ARM Code       0  rt_memclr_w.o(.text)
    __aeabi_idiv                             0x40026634   ARM Code       0  aeabi_sdiv.o(.text)
    __aeabi_idivmod                          0x40026634   ARM Code     384  aeabi_sdiv.o(.text)
    __use_two_region_memory                  0x400267b5   Thumb Code     2  heapauxi.o(.text)
    __rt_heap_escrow$2region                 0x400267b7   Thumb Code     2  heapauxi.o(.text)
    __rt_heap_expand$2region                 0x400267b9   Thumb Code     2  heapauxi.o(.text)
    __user_setup_stackheap                   0x400267bc   ARM Code      96  sys_stackheap_outer.o(.text)
    exit                                     0x4002681d   Thumb Code    12  exit.o(.text)
    __user_libspace                          0x40026828   ARM Code      12  libspace.o(.text)
    __user_perproc_libspace                  0x40026828   ARM Code       0  libspace.o(.text)
    __user_perthread_libspace                0x40026828   ARM Code       0  libspace.o(.text)
    Inline ARM to Thumb Veneer to _sys_exit  0x40026834   ARM Code       8  sys_exit.o(.text)
    _sys_exit                                0x4002683d   Thumb Code     8  sys_exit.o(.text)
    __I$use$semihosting                      0x40026848   ARM Code       0  use_no_semi.o(.text)
    __use_no_semihosting_swi                 0x40026848   ARM Code       4  use_no_semi.o(.text)
    __aeabi_uidiv                            0x4002684c   ARM Code       0  aeabi_sdiv.o(.text_udiv)
    __aeabi_uidivmod                         0x4002684c   ARM Code      36  aeabi_sdiv.o(.text_udiv)
    __semihosting_library_function           0x4002684c   ARM Code       0  indicate_semi.o(.text)
    DAbtHandler                              0x40026870   ARM Code       0  dabt.o(DAbt)
    FIQHandler                               0x40026890   ARM Code       0  fiq.o(FIQ)
    IRQHandler                               0x400268b0   ARM Code       0  irq.o(IRQ)
    T0TIMIIRQHandler                         0x400268f0   ARM Code       0  irq.o(IRQ)
    FLASHIRQHandler                          0x40026908   ARM Code       0  irq.o(IRQ)
    RCCUIRQHandler                           0x40026920   ARM Code       0  irq.o(IRQ)
    RTCIRQHandler                            0x40026938   ARM Code       0  irq.o(IRQ)
    WDGIRQHandler                            0x40026950   ARM Code       0  irq.o(IRQ)
    XTIIRQHandler                            0x40026968   ARM Code       0  irq.o(IRQ)
    USBHPIRQHandler                          0x40026980   ARM Code       0  irq.o(IRQ)
    I2C0ITERRIRQHandler                      0x40026998   ARM Code       0  irq.o(IRQ)
    I2C1ITERRIRQHandler                      0x400269b0   ARM Code       0  irq.o(IRQ)
    UART0IRQHandler                          0x400269c8   ARM Code       0  irq.o(IRQ)
    UART1IRQHandler                          0x400269e0   ARM Code       0  irq.o(IRQ)
    UART2IRQHandler                          0x400269f8   ARM Code       0  irq.o(IRQ)
    UART3IRQHandler                          0x40026a10   ARM Code       0  irq.o(IRQ)
    BSPI0IRQHandler                          0x40026a28   ARM Code       0  irq.o(IRQ)
    BSPI1IRQHandler                          0x40026a40   ARM Code       0  irq.o(IRQ)
    I2C0IRQHandler                           0x40026a58   ARM Code       0  irq.o(IRQ)
    I2C1IRQHandler                           0x40026a70   ARM Code       0  irq.o(IRQ)
    CANIRQHandler                            0x40026a88   ARM Code       0  irq.o(IRQ)
    ADC12IRQHandler                          0x40026aa0   ARM Code       0  irq.o(IRQ)
    T1TIMIIRQHandler                         0x40026ab8   ARM Code       0  irq.o(IRQ)
    T2TIMIIRQHandler                         0x40026ad0   ARM Code       0  irq.o(IRQ)
    T3TIMIIRQHandler                         0x40026ae8   ARM Code       0  irq.o(IRQ)
    HDLCIRQHandler                           0x40026b00   ARM Code       0  irq.o(IRQ)
    USBLPIRQHandler                          0x40026b18   ARM Code       0  irq.o(IRQ)
    T0TOIIRQHandler                          0x40026b30   ARM Code       0  irq.o(IRQ)
    T0OC1IRQHandler                          0x40026b48   ARM Code       0  irq.o(IRQ)
    T0OC2IRQHandler                          0x40026b60   ARM Code       0  irq.o(IRQ)
    PAbtHandler                              0x40026b80   ARM Code       0  pabt.o(PAbt)
    SWIHandler                               0x40026ba0   ARM Code       0  swi.o(SWI)
    UndefHandler                             0x40026bbc   ARM Code       0  undef.o(Undef)
    BuzzerOff                                0x40026bd8   ARM Code      16  shutdownstate.o(i.BuzzerOff)
    BuzzerOn                                 0x40026bec   ARM Code      16  buzzer.o(i.BuzzerOn)
    __aeabi_dadd                             0x40026c00   ARM Code       0  daddsub_noclz.o(x$fpl$dadd)
    _dadd                                    0x40026c00   ARM Code     336  daddsub_noclz.o(x$fpl$dadd)
    __aeabi_ddiv                             0x40026d54   ARM Code       0  ddiv.o(x$fpl$ddiv)
    _ddiv                                    0x40026d54   ARM Code     600  ddiv.o(x$fpl$ddiv)
    __aeabi_d2iz                             0x40027034   ARM Code       0  dfix.o(x$fpl$dfix)
    _dfix                                    0x40027034   ARM Code     112  dfix.o(x$fpl$dfix)
    __aeabi_d2uiz                            0x400270a4   ARM Code       0  dfixu.o(x$fpl$dfixu)
    _dfixu                                   0x400270a4   ARM Code     112  dfixu.o(x$fpl$dfixu)
    __aeabi_i2d                              0x40027114   ARM Code       0  dflt_noclz.o(x$fpl$dflt)
    _dflt                                    0x40027114   ARM Code      88  dflt_noclz.o(x$fpl$dflt)
    __dflt_normalise                         0x40027124   ARM Code       0  dflt_noclz.o(x$fpl$dflt)
    __aeabi_ui2d                             0x4002716c   ARM Code       0  dflt_noclz.o(x$fpl$dfltu)
    _dfltu                                   0x4002716c   ARM Code      12  dflt_noclz.o(x$fpl$dfltu)
    __aeabi_dmul                             0x40027178   ARM Code       0  dmul.o(x$fpl$dmul)
    _dmul                                    0x40027178   ARM Code     372  dmul.o(x$fpl$dmul)
    __fpl_dnaninf                            0x400272f8   ARM Code     192  dnaninf.o(x$fpl$dnaninf)
    __fpl_dretinf                            0x400273b8   ARM Code      16  dretinf.o(x$fpl$dretinf)
    __aeabi_dsub                             0x400273c8   ARM Code       0  daddsub_noclz.o(x$fpl$dsub)
    _dsub                                    0x400273c8   ARM Code     576  daddsub_noclz.o(x$fpl$dsub)
    __aeabi_f2d                              0x4002760c   ARM Code       0  f2d.o(x$fpl$f2d)
    _f2d                                     0x4002760c   ARM Code     100  f2d.o(x$fpl$f2d)
    __aeabi_fadd                             0x40027670   ARM Code       0  faddsub_noclz.o(x$fpl$fadd)
    _fadd                                    0x40027670   ARM Code     196  faddsub_noclz.o(x$fpl$fadd)
    __fpl_fcheck_NaN1                        0x40027734   ARM Code       8  fcheck1.o(x$fpl$fcheck1)
    __fpl_fcmp_Inf                           0x40027740   ARM Code      28  fcmpi.o(x$fpl$fcmpinf)
    __aeabi_fdiv                             0x4002775c   ARM Code       0  fdiv.o(x$fpl$fdiv)
    _fdiv                                    0x4002775c   ARM Code     396  fdiv.o(x$fpl$fdiv)
    __aeabi_f2iz                             0x400278ec   ARM Code       0  ffix.o(x$fpl$ffix)
    _ffix                                    0x400278ec   ARM Code      68  ffix.o(x$fpl$ffix)
    __aeabi_f2uiz                            0x40027930   ARM Code       0  ffixu.o(x$fpl$ffixu)
    _ffixu                                   0x40027930   ARM Code      84  ffixu.o(x$fpl$ffixu)
    __aeabi_i2f                              0x40027984   ARM Code       0  fflt_noclz.o(x$fpl$fflt)
    _fflt                                    0x40027984   ARM Code      92  fflt_noclz.o(x$fpl$fflt)
    __fflt_normalise                         0x40027990   ARM Code       0  fflt_noclz.o(x$fpl$fflt)
    __aeabi_ui2f                             0x400279e0   ARM Code       0  fflt_noclz.o(x$fpl$ffltu)
    _ffltu                                   0x400279e0   ARM Code       8  fflt_noclz.o(x$fpl$ffltu)
    __aeabi_cfcmple                          0x400279e8   ARM Code       0  fleqf.o(x$fpl$fleqf)
    _fcmple                                  0x400279e8   ARM Code     132  fleqf.o(x$fpl$fleqf)
    __fpl_fcmple_InfNaN                      0x40027a54   ARM Code       0  fleqf.o(x$fpl$fleqf)
    __aeabi_fmul                             0x40027a6c   ARM Code       0  fmul.o(x$fpl$fmul)
    _fmul                                    0x40027a6c   ARM Code     256  fmul.o(x$fpl$fmul)
    __fpl_fnaninf                            0x40027b6c   ARM Code     168  fnaninf.o(x$fpl$fnaninf)
    __fpl_fretinf                            0x40027c14   ARM Code      16  fretinf.o(x$fpl$fretinf)
    __aeabi_cfrcmple                         0x40027c24   ARM Code       0  frleqf.o(x$fpl$frleqf)
    _frcmple                                 0x40027c24   ARM Code     124  frleqf.o(x$fpl$frleqf)
    __aeabi_frsub                            0x40027ca0   ARM Code       0  faddsub_noclz.o(x$fpl$frsb)
    _frsb                                    0x40027ca0   ARM Code      20  faddsub_noclz.o(x$fpl$frsb)
    __aeabi_fsub                             0x40027cb4   ARM Code       0  faddsub_noclz.o(x$fpl$fsub)
    _fsub                                    0x40027cb4   ARM Code     304  faddsub_noclz.o(x$fpl$fsub)
    __fpl_return_NaN                         0x40027de4   ARM Code     116  retnan.o(x$fpl$retnan)
    __ARM_scalbnf                            0x40027e58   ARM Code      92  scalbnf.o(x$fpl$scalbnf)
    __fpl_cmpreturn                          0x40027eb4   ARM Code      60  trapv.o(x$fpl$trapveneer)
    __I$use$fp                               0x40027ef0   Number         0  usenofp.o(x$fpl$usenofp)
    cu32_MvMax                               0x40027f00   Data          16  calibstate.o(.constdata)
    cu8_MultiAd                              0x40027fcc   Data           4  io.o(.constdata)
    cu8_ReadUnit                             0x40027fd0   Data           4  modbus.o(.constdata)
    cu8_WriteUnit                            0x40027fd4   Data           4  modbus.o(.constdata)
    auchCRCHi                                0x40027fd8   Data         256  modbus.o(.constdata)
    auchCRCLo                                0x400280d8   Data         256  modbus.o(.constdata)
    cc_PRTCNT_TOTAL_FIRST_ARRAY              0x400284c4   Data           3  printstate.o(.constdata)
    cc_PRTCNT_RECREPORT_FIRST_ARRAY          0x400284c7   Data           3  printstate.o(.constdata)
    cc_PRTCNT_RECSET_FIRST_ARRAY             0x400284ca   Data           3  printstate.o(.constdata)
    cc_PRTCNT_RECREPORT_ARRAY                0x400284cd   Data           3  printstate.o(.constdata)
    cc_PRTCNT_RECSET_ARRAY                   0x400284d0   Data           3  printstate.o(.constdata)
    cc_DebugAutoPrt_101_Chn                  0x400284d3   Data        1075  printstate.o(.constdata)
    cc_DebugAutoPrtDebug_101_Chn             0x40028906   Data         185  printstate.o(.constdata)
    cc_PrtStatistic                          0x400289bf   Data        4625  printstate.o(.constdata)
    cc_PrtTotal_16_Eng                       0x40029bd0   Data         152  printstate.o(.constdata)
    cc_PrtTotal_16_Chn                       0x40029c68   Data         152  printstate.o(.constdata)
    cc_PrtTotal_32_Eng                       0x40029d00   Data         280  printstate.o(.constdata)
    cc_PrtTotal_32_Chn                       0x40029e18   Data         280  printstate.o(.constdata)
    cc_PrtTotal_80_Eng                       0x40029f30   Data         415  printstate.o(.constdata)
    cc_PrtTotal_80_Chn                       0x4002a0cf   Data         415  printstate.o(.constdata)
    cc_PrtRecReport_16_Eng                   0x4002a26e   Data         209  printstate.o(.constdata)
    cc_PrtRecReport_16_Chn                   0x4002a33f   Data         209  printstate.o(.constdata)
    cc_PrtRecReport_32_Eng                   0x4002a410   Data         385  printstate.o(.constdata)
    cc_PrtRecReport_32_Chn                   0x4002a591   Data         385  printstate.o(.constdata)
    cc_PrtRecReport_80_Eng                   0x4002a712   Data         498  printstate.o(.constdata)
    cc_PrtRecReport_80_Chn                   0x4002a904   Data         498  printstate.o(.constdata)
    cc_PrtRecSet_16_Eng                      0x4002aaf6   Data         228  printstate.o(.constdata)
    cc_PrtRecSet_16_Chn                      0x4002abda   Data         228  printstate.o(.constdata)
    cc_PrtRecSet_32_Eng                      0x4002acbe   Data         420  printstate.o(.constdata)
    cc_PrtRecSet_32_Chn                      0x4002ae62   Data         420  printstate.o(.constdata)
    cc_PrtRecSet_80_Eng                      0x4002b006   Data         498  printstate.o(.constdata)
    cc_PrtRecSet_80_Chn                      0x4002b1f8   Data         498  printstate.o(.constdata)
    cc_Unit_Chn                              0x4002b3ea   Data          20  printstate.o(.constdata)
    cc_Unit_Eng                              0x4002b3fe   Data          12  printstate.o(.constdata)
    cu8_PbusInit                             0x4002b40a   Data          96  profibus_dp.o(.constdata)
    gu16_RecRealItem                         0x4002b46a   Data         104  recipe.o(.constdata)
    gu8_RecRightItem                         0x4002b4d2   Data          52  recipe.o(.constdata)
    gu8_RecEnterItem                         0x4002b506   Data          52  recipe.o(.constdata)
    gu16_SetupRealItem                       0x4002b54c   Data         124  setupstate.o(.constdata)
    gu8_SetupRightItem                       0x4002b5c8   Data          62  setupstate.o(.constdata)
    gu8_SetupEnterItem                       0x4002b606   Data          62  setupstate.o(.constdata)
    gu8_MonthDay                             0x4002b644   Data          28  shutdownstate.o(.constdata)
    IDSFA                                    0x4002b660   Data         404  shutdownstate.o(.constdata)
    IDSFB                                    0x4002b7f4   Data         404  shutdownstate.o(.constdata)
    g_ParityArry                             0x4002b988   Data           7  uart.o(.constdata)
    g_StopBitsArry                           0x4002b98f   Data           7  uart.o(.constdata)
    g_DataLenArry                            0x4002b996   Data           7  uart.o(.constdata)
    gu32_BaudRateArry                        0x4002b9a0   Data          44  uart.o(.constdata)
    DF0TAB120                                0x4002b9cc   Data          60  ad.o(.constdata)
    DF1TAB120                                0x4002ba08   Data          80  ad.o(.constdata)
    DF2TAB120                                0x4002ba58   Data         100  ad.o(.constdata)
    DF3TAB120                                0x4002babc   Data         120  ad.o(.constdata)
    DF4TAB120                                0x4002bb34   Data         140  ad.o(.constdata)
    DF5TAB120                                0x4002bbc0   Data         160  ad.o(.constdata)
    DF6TAB120                                0x4002bc60   Data         180  ad.o(.constdata)
    DF7TAB120                                0x4002bd14   Data         200  ad.o(.constdata)
    DF8TAB120                                0x4002bddc   Data         220  ad.o(.constdata)
    DF9TAB120                                0x4002beb8   Data         240  ad.o(.constdata)
    DFNUMBER120                              0x4002bfa8   Data          40  ad.o(.constdata)
    DFNUMBER240                              0x4002bff8   Data          40  ad.o(.constdata)
    DF0TAB240                                0x4002c098   Data          48  ad.o(.constdata)
    DF1TAB240                                0x4002c0c8   Data          96  ad.o(.constdata)
    DF2TAB240                                0x4002c128   Data         144  ad.o(.constdata)
    DF3TAB240                                0x4002c1b8   Data         192  ad.o(.constdata)
    DF4TAB240                                0x4002c278   Data         240  ad.o(.constdata)
    DF5TAB240                                0x4002c368   Data         288  ad.o(.constdata)
    DF6TAB240                                0x4002c488   Data         336  ad.o(.constdata)
    DF7TAB240                                0x4002c5d8   Data         384  ad.o(.constdata)
    DF8TAB240                                0x4002c758   Data         432  ad.o(.constdata)
    DF9TAB240                                0x4002c908   Data         480  ad.o(.constdata)
    Value_To_SEG                             0x4002df88   Data          37  vfd.o(.constdata)
    ASCII_To_SEG                             0x4002dfad   Data         128  vfd.o(.constdata)
    Region$$Table$$Base                      0x4002e030   Number         0  anon$$obj.o(Region$$Table)
    Region$$Table$$Limit                     0x4002e050   Number         0  anon$$obj.o(Region$$Table)



==============================================================================

Memory Map of the image

  Image Entry point : 0x400040c0

  Load Region LR_IROM1 (Base: 0x40004000, Size: 0x0002a534, Max: 0x0003c000, ABSOLUTE, COMPRESSED[0x0002a10c])

    Execution Region RW_IRAM1 (Base: 0x20001000, Size: 0x00002a58, Max: 0x0000f000, ABSOLUTE, COMPRESSED[0x000000bc])

    Base Addr    Size         Type   Attr      Idx    E Section Name        Object

    0x20001000   0x00000024   Data   RW            2    .data               main.o
    0x20001024   0x00000004   Data   RW            3    .data               main.o
    0x20001028   0x00000001   Data   RW            4    .data               main.o
    0x20001029   0x00000003   PAD
    0x2000102c   0x000000b0   Data   RW          193    .data               adaptation.o
    0x200010dc   0x00000010   Data   RW          194    .data               adaptation.o
    0x200010ec   0x0000006c   Data   RW          241    .data               adtoweight.o
    0x20001158   0x00000008   Data   RW          273    .data               batchstate.o
    0x20001160   0x00000020   Data   RW          293    .data               calibstate.o
    0x20001180   0x00000010   Data   RW          312    .data               debugstate.o
    0x20001190   0x00000030   Data   RW          333    .data               displayandkey.o
    0x200011c0   0x00000001   Data   RW          334    .data               displayandkey.o
    0x200011c1   0x00000003   PAD
    0x200011c4   0x00000070   Data   RW          355    .data               io.o
    0x20001234   0x00000001   Data   RW          356    .data               io.o
    0x20001235   0x00000001   Data   RW          357    .data               io.o
    0x20001236   0x00000002   PAD
    0x20001238   0x00000004   Data   RW          399    .data               mathlogic.o
    0x2000123c   0x00000004   Data   RW          400    .data               mathlogic.o
    0x20001240   0x0000005c   Data   RW          419    .data               modbus.o
    0x2000129c   0x00000008   Data   RW          442    .data               parameter.o
    0x200012a4   0x00000020   Data   RW          468    .data               printstate.o
    0x200012c4   0x00000028   Data   RW          487    .data               profibus_dp.o
    0x200012ec   0x00000001   Data   RW          488    .data               profibus_dp.o
    0x200012ed   0x00000003   PAD
    0x200012f0   0x00000010   Data   RW          509    .data               recipe.o
    0x20001300   0x0000005c   Data   RW          529    .data               runstate.o
    0x2000135c   0x0000000c   Data   RW          549    .data               stopandrunstate.o
    0x20001368   0x0000000c   Data   RW          570    .data               setupstate.o
    0x20001374   0x00000004   PAD
    0x20001378   0x00000028   Data   RW          589    .data               sum.o
    0x200013a0   0x00000004   Data   RW          590    .data               sum.o
    0x200013a4   0x00000004   Data   RW          591    .data               sum.o
    0x200013a8   0x0000003c   Data   RW          611    .data               shutdownstate.o
    0x200013e4   0x00000007   Data   RW          642    .data               timeanddate.o
    0x200013eb   0x0000000f   Data   RW          662    .data               uart.o
    0x200013fa   0x00000002   PAD
    0x200013fc   0x00000098   Data   RW          713    .data               ad.o
    0x20001494   0x0000000c   Data   RW          732    .data               buzzer.o
    0x200014a0   0x00000021   Data   RW          771    .data               rtc.o
    0x200014c1   0x00000003   PAD
    0x200014c4   0x0000000c   Data   RW          795    .data               timer.o
    0x200014d0   0x00000012   Data   RW          828    .data               vfd.o
    0x200014e2   0x00000002   PAD
    0x200014e4   0x00000318   Zero   RW          192    .bss                adaptation.o
    0x200017fc   0x0000078c   Zero   RW          239    .bss                adtoweight.o
    0x20001f88   0x0000001c   Zero   RW          291    .bss                calibstate.o
    0x20001fa4   0x00000064   Zero   RW          311    .bss                debugstate.o
    0x20002008   0x000001d4   Zero   RW          353    .bss                io.o
    0x200021dc   0x0000001c   Zero   RW          380    .bss                kalman.o
    0x200021f8   0x000003c8   Zero   RW          398    .bss                mathlogic.o
    0x200025c0   0x0000001c   Zero   RW          440    .bss                parameter.o
    0x200025dc   0x000000b8   Zero   RW          507    .bss                recipe.o
    0x20002694   0x00000230   Zero   RW          527    .bss                runstate.o
    0x200028c4   0x00000018   Zero   RW          548    .bss                stopandrunstate.o
    0x200028dc   0x000000d0   Zero   RW          568    .bss                setupstate.o
    0x200029ac   0x000000a8   Zero   RW          588    .bss                sum.o
    0x20002a54   0x0000021c   Zero   RW          660    .bss                uart.o
    0x20002c70   0x00000780   Zero   RW          681    .bss                ad.o
    0x200033f0   0x00000016   Zero   RW          826    .bss                vfd.o
    0x20003406   0x00000002   PAD
    0x20003408   0x000000e4   Zero   RW         1264    .bss                c_t.l(rand.o)
    0x200034ec   0x00000060   Zero   RW         1466    .bss                c_t.l(libspace.o)
    0x2000354c   0x00000004   PAD
    0x20003550   0x00000000   Zero   RW         1230    HEAP                str71x.o
    0x20003550   0x00000508   Zero   RW         1229    STACK               str71x.o


    Execution Region ER_IROM1 (Base: 0x40004000, Size: 0x0002a050, Max: 0x0003c000, ABSOLUTE)

    Base Addr    Size         Type   Attr      Idx    E Section Name        Object

    0x40004000   0x000001e0   Code   RO         1231  * Reset               str71x.o
    0x400041e0   0x00000008   Code   RO         1295  * !!!main             c_t.l(__main.o)
    0x400041e8   0x0000003c   Code   RO         1542    !!!scatter          c_t.l(__scatter.o)
    0x40004224   0x0000005c   Code   RO         1540    !!dczerorl2         c_t.l(__dczerorl2.o)
    0x40004280   0x0000002c   Code   RO         1544    !!handler_zi        c_t.l(__scatter_zi.o)
    0x400042ac   0x00000008   Ven    RO         1460    .ARM.Collect$$libinit$$00000000  c_t.l(libinit.o)
    0x400042b4   0x00000002   Code   RO         1460    .ARM.Collect$$libinit$$00000000  c_t.l(libinit.o)
    0x400042b6   0x00000000   Code   RO         1363    .ARM.Collect$$libinit$$00000002  c_t.l(libinit2.o)
    0x400042b6   0x00000000   Code   RO         1365    .ARM.Collect$$libinit$$00000004  c_t.l(libinit2.o)
    0x400042b6   0x00000000   Code   RO         1368    .ARM.Collect$$libinit$$0000000A  c_t.l(libinit2.o)
    0x400042b6   0x00000000   Code   RO         1370    .ARM.Collect$$libinit$$0000000C  c_t.l(libinit2.o)
    0x400042b6   0x00000004   Code   RO         1371    .ARM.Collect$$libinit$$0000000D  c_t.l(libinit2.o)
    0x400042ba   0x00000000   Code   RO         1372    .ARM.Collect$$libinit$$0000000E  c_t.l(libinit2.o)
    0x400042ba   0x00000000   Code   RO         1375    .ARM.Collect$$libinit$$00000011  c_t.l(libinit2.o)
    0x400042ba   0x00000000   Code   RO         1377    .ARM.Collect$$libinit$$00000013  c_t.l(libinit2.o)
    0x400042ba   0x00000000   Code   RO         1379    .ARM.Collect$$libinit$$00000015  c_t.l(libinit2.o)
    0x400042ba   0x00000000   Code   RO         1381    .ARM.Collect$$libinit$$00000017  c_t.l(libinit2.o)
    0x400042ba   0x00000000   Code   RO         1383    .ARM.Collect$$libinit$$00000019  c_t.l(libinit2.o)
    0x400042ba   0x00000000   Code   RO         1385    .ARM.Collect$$libinit$$0000001B  c_t.l(libinit2.o)
    0x400042ba   0x00000000   Code   RO         1387    .ARM.Collect$$libinit$$0000001D  c_t.l(libinit2.o)
    0x400042ba   0x00000000   Code   RO         1389    .ARM.Collect$$libinit$$0000001F  c_t.l(libinit2.o)
    0x400042ba   0x00000000   Code   RO         1391    .ARM.Collect$$libinit$$00000021  c_t.l(libinit2.o)
    0x400042ba   0x00000000   Code   RO         1393    .ARM.Collect$$libinit$$00000023  c_t.l(libinit2.o)
    0x400042ba   0x00000000   Code   RO         1395    .ARM.Collect$$libinit$$00000025  c_t.l(libinit2.o)
    0x400042ba   0x00000000   Code   RO         1399    .ARM.Collect$$libinit$$0000002C  c_t.l(libinit2.o)
    0x400042ba   0x00000000   Code   RO         1401    .ARM.Collect$$libinit$$0000002E  c_t.l(libinit2.o)
    0x400042ba   0x00000000   Code   RO         1403    .ARM.Collect$$libinit$$00000030  c_t.l(libinit2.o)
    0x400042ba   0x00000000   Code   RO         1405    .ARM.Collect$$libinit$$00000032  c_t.l(libinit2.o)
    0x400042ba   0x0000000c   Code   RO         1406    .ARM.Collect$$libinit$$00000033  c_t.l(libinit2.o)
    0x400042c6   0x00000002   PAD
    0x400042c8   0x00000008   Ven    RO         1508    .ARM.Collect$$libshutdown$$00000000  c_t.l(libshutdown.o)
    0x400042d0   0x00000004   Code   RO         1508    .ARM.Collect$$libshutdown$$00000000  c_t.l(libshutdown.o)
    0x400042d4   0x00000000   Code   RO         1525    .ARM.Collect$$libshutdown$$00000003  c_t.l(libshutdown2.o)
    0x400042d4   0x00000000   Code   RO         1528    .ARM.Collect$$libshutdown$$00000006  c_t.l(libshutdown2.o)
    0x400042d4   0x00000000   Code   RO         1531    .ARM.Collect$$libshutdown$$00000009  c_t.l(libshutdown2.o)
    0x400042d4   0x00000000   Code   RO         1533    .ARM.Collect$$libshutdown$$0000000B  c_t.l(libshutdown2.o)
    0x400042d4   0x00000000   Code   RO         1536    .ARM.Collect$$libshutdown$$0000000E  c_t.l(libshutdown2.o)
    0x400042d4   0x00000006   Code   RO         1537    .ARM.Collect$$libshutdown$$0000000F  c_t.l(libshutdown2.o)
    0x400042da   0x00000002   PAD
    0x400042dc   0x00000000   Code   RO         1353    .ARM.Collect$$rtentry$$00000000  c_t.l(__rtentry.o)
    0x400042dc   0x00000000   Code   RO         1421    .ARM.Collect$$rtentry$$00000002  c_t.l(__rtentry2.o)
    0x400042dc   0x00000008   Code   RO         1433    .ARM.Collect$$rtentry$$00000004  c_t.l(__rtentry4.o)
    0x400042e4   0x00000000   Code   RO         1423    .ARM.Collect$$rtentry$$00000009  c_t.l(__rtentry2.o)
    0x400042e4   0x00000004   Code   RO         1424    .ARM.Collect$$rtentry$$0000000A  c_t.l(__rtentry2.o)
    0x400042e8   0x00000000   Code   RO         1426    .ARM.Collect$$rtentry$$0000000C  c_t.l(__rtentry2.o)
    0x400042e8   0x00000028   Code   RO         1427    .ARM.Collect$$rtentry$$0000000D  c_t.l(__rtentry2.o)
    0x40004310   0x00000004   Ven    RO         1468    .ARM.Collect$$rtexit$$00000000  c_t.l(rtexit.o)
    0x40004314   0x00000004   Code   RO         1468    .ARM.Collect$$rtexit$$00000000  c_t.l(rtexit.o)
    0x40004318   0x00000000   Code   RO         1488    .ARM.Collect$$rtexit$$00000002  c_t.l(rtexit2.o)
    0x40004318   0x00000004   Code   RO         1489    .ARM.Collect$$rtexit$$00000003  c_t.l(rtexit2.o)
    0x4000431c   0x00000008   Code   RO         1490    .ARM.Collect$$rtexit$$00000004  c_t.l(rtexit2.o)
    0x40004324   0x00000008   Ven    RO         1262    .emb_text           c_t.l(rand.o)
    0x4000432c   0x00000038   Code   RO         1262    .emb_text           c_t.l(rand.o)
    0x40004364   0x0000096c   Code   RO            1    .text               main.o
    0x40004cd0   0x00001138   Code   RO          191    .text               adaptation.o
    0x40005e08   0x00000bc4   Code   RO          238    .text               adtoweight.o
    0x400069cc   0x0000012c   Code   RO          272    .text               batchstate.o
    0x40006af8   0x00000e50   Code   RO          290    .text               calibstate.o
    0x40007948   0x00000afc   Code   RO          310    .text               debugstate.o
    0x40008444   0x0000152c   Code   RO          331    .text               displayandkey.o
    0x40009970   0x000027b4   Code   RO          352    .text               io.o
    0x4000c124   0x0000040c   Code   RO          379    .text               kalman.o
    0x4000c530   0x00000280   Code   RO          397    .text               mathlogic.o
    0x4000c7b0   0x000066e0   Code   RO          417    .text               modbus.o
    0x40012e90   0x00001558   Code   RO          439    .text               parameter.o
    0x400143e8   0x000025e8   Code   RO          460    .text               printstate.o
    0x400169d0   0x0000347c   Code   RO          485    .text               profibus_dp.o
    0x40019e4c   0x00000ee8   Code   RO          506    .text               recipe.o
    0x4001ad34   0x00002c0c   Code   RO          526    .text               runstate.o
    0x4001d940   0x00000934   Code   RO          547    .text               stopandrunstate.o
    0x4001e274   0x00001338   Code   RO          567    .text               setupstate.o
    0x4001f5ac   0x00000a94   Code   RO          587    .text               sum.o
    0x40020040   0x00000f38   Code   RO          609    .text               shutdownstate.o
    0x40020f78   0x00000364   Code   RO          641    .text               timeanddate.o
    0x400212dc   0x00001570   Code   RO          659    .text               uart.o
    0x4002284c   0x000005c0   Code   RO          680    .text               ad.o
    0x40022e0c   0x00000188   Code   RO          731    .text               buzzer.o
    0x40022f94   0x000008cc   Code   RO          757    .text               f_ram.o
    0x40023860   0x00000610   Code   RO          770    .text               rtc.o
    0x40023e70   0x00000438   Code   RO          794    .text               timer.o
    0x400242a8   0x0000044c   Code   RO          812    .text               userlib.o
    0x400246f4   0x00000a98   Code   RO          825    .text               vfd.o
    0x4002518c   0x000000f4   Code   RO          846    .text               71x_it.o
    0x40025280   0x00000030   Code   RO         1008    .text               71x_apb.o
    0x400252b0   0x00000174   Code   RO         1055    .text               71x_eic.o
    0x40025424   0x00000150   Code   RO         1083    .text               71x_gpio.o
    0x40025574   0x00000480   Code   RO         1139    .text               71x_rccu.o
    0x400259f4   0x0000030c   Code   RO         1171    .text               71x_tim.o
    0x40025d00   0x000003cc   Code   RO         1186    .text               71x_uart.o
    0x400260cc   0x00000020   Code   RO         1232    .text               str71x.o
    0x400260ec   0x00000054   Code   RO         1258    .text               c_t.l(llsdiv.o)
    0x40026140   0x000002d0   Code   RO         1260    .text               c_t.l(lludiv.o)
    0x40026410   0x00000008   Ven    RO         1263    .text               c_t.l(rand.o)
    0x40026418   0x00000040   Code   RO         1263    .text               c_t.l(rand.o)
    0x40026458   0x000000d4   Code   RO         1267    .text               c_t.l(rt_memcpy.o)
    0x4002652c   0x00000064   Code   RO         1269    .text               c_t.l(rt_memcpy_w.o)
    0x40026590   0x00000010   Code   RO         1271    .text               c_t.l(aeabi_memset.o)
    0x400265a0   0x00000040   Code   RO         1273    .text               c_t.l(rt_memclr.o)
    0x400265e0   0x00000054   Code   RO         1275    .text               c_t.l(rt_memclr_w.o)
    0x40026634   0x00000180   Code   RO         1277    .text               c_t.l(aeabi_sdiv.o)
    0x400267b4   0x00000006   Code   RO         1293    .text               c_t.l(heapauxi.o)
    0x400267ba   0x00000002   PAD
    0x400267bc   0x00000060   Code   RO         1443    .text               c_t.l(sys_stackheap_outer.o)
    0x4002681c   0x0000000c   Code   RO         1445    .text               c_t.l(exit.o)
    0x40026828   0x0000000c   Code   RO         1465    .text               c_t.l(libspace.o)
    0x40026834   0x00000008   Ven    RO         1482    .text               c_t.l(sys_exit.o)
    0x4002683c   0x0000000c   Code   RO         1482    .text               c_t.l(sys_exit.o)
    0x40026848   0x00000004   Code   RO         1484    .text               c_t.l(use_no_semi.o)
    0x4002684c   0x00000000   Code   RO         1486    .text               c_t.l(indicate_semi.o)
    0x4002684c   0x00000024   Code   RO         1278    .text_udiv          c_t.l(aeabi_sdiv.o)
    0x40026870   0x00000020   Code   RO         1238    DAbt                dabt.o
    0x40026890   0x00000020   Code   RO         1241    FIQ                 fiq.o
    0x400268b0   0x000002d0   Code   RO         1244    IRQ                 irq.o
    0x40026b80   0x00000020   Code   RO         1247    PAbt                pabt.o
    0x40026ba0   0x0000001c   Code   RO         1250    SWI                 swi.o
    0x40026bbc   0x0000001c   Code   RO         1253    Undef               undef.o
    0x40026bd8   0x00000014   Code   RO          622    i.BuzzerOff         shutdownstate.o
    0x40026bec   0x00000014   Code   RO          743    i.BuzzerOn          buzzer.o
    0x40026c00   0x00000154   Code   RO         1297    x$fpl$dadd          fz_ts.l(daddsub_noclz.o)
    0x40026d54   0x000002e0   Code   RO         1304    x$fpl$ddiv          fz_ts.l(ddiv.o)
    0x40027034   0x00000070   Code   RO         1307    x$fpl$dfix          fz_ts.l(dfix.o)
    0x400270a4   0x00000070   Code   RO         1311    x$fpl$dfixu         fz_ts.l(dfixu.o)
    0x40027114   0x00000058   Code   RO         1316    x$fpl$dflt          fz_ts.l(dflt_noclz.o)
    0x4002716c   0x0000000c   Code   RO         1315    x$fpl$dfltu         fz_ts.l(dflt_noclz.o)
    0x40027178   0x00000180   Code   RO         1319    x$fpl$dmul          fz_ts.l(dmul.o)
    0x400272f8   0x000000c0   Code   RO         1407    x$fpl$dnaninf       fz_ts.l(dnaninf.o)
    0x400273b8   0x00000010   Code   RO         1409    x$fpl$dretinf       fz_ts.l(dretinf.o)
    0x400273c8   0x00000244   Code   RO         1299    x$fpl$dsub          fz_ts.l(daddsub_noclz.o)
    0x4002760c   0x00000064   Code   RO         1321    x$fpl$f2d           fz_ts.l(f2d.o)
    0x40027670   0x000000c4   Code   RO         1323    x$fpl$fadd          fz_ts.l(faddsub_noclz.o)
    0x40027734   0x0000000c   Code   RO         1411    x$fpl$fcheck1       fz_ts.l(fcheck1.o)
    0x40027740   0x0000001c   Code   RO         1413    x$fpl$fcmpinf       fz_ts.l(fcmpi.o)
    0x4002775c   0x00000190   Code   RO         1330    x$fpl$fdiv          fz_ts.l(fdiv.o)
    0x400278ec   0x00000044   Code   RO         1333    x$fpl$ffix          fz_ts.l(ffix.o)
    0x40027930   0x00000054   Code   RO         1337    x$fpl$ffixu         fz_ts.l(ffixu.o)
    0x40027984   0x0000005c   Code   RO         1342    x$fpl$fflt          fz_ts.l(fflt_noclz.o)
    0x400279e0   0x00000008   Code   RO         1341    x$fpl$ffltu         fz_ts.l(fflt_noclz.o)
    0x400279e8   0x00000084   Code   RO         1345    x$fpl$fleqf         fz_ts.l(fleqf.o)
    0x40027a6c   0x00000100   Code   RO         1347    x$fpl$fmul          fz_ts.l(fmul.o)
    0x40027b6c   0x000000a8   Code   RO         1415    x$fpl$fnaninf       fz_ts.l(fnaninf.o)
    0x40027c14   0x00000010   Code   RO         1417    x$fpl$fretinf       fz_ts.l(fretinf.o)
    0x40027c24   0x0000007c   Code   RO         1349    x$fpl$frleqf        fz_ts.l(frleqf.o)
    0x40027ca0   0x00000014   Code   RO         1324    x$fpl$frsb          fz_ts.l(faddsub_noclz.o)
    0x40027cb4   0x00000130   Code   RO         1325    x$fpl$fsub          fz_ts.l(faddsub_noclz.o)
    0x40027de4   0x00000074   Code   RO         1441    x$fpl$retnan        fz_ts.l(retnan.o)
    0x40027e58   0x0000005c   Code   RO         1351    x$fpl$scalbnf       fz_ts.l(scalbnf.o)
    0x40027eb4   0x0000003c   Code   RO         1461    x$fpl$trapveneer    fz_ts.l(trapv.o)
    0x40027ef0   0x00000000   Code   RO         1419    x$fpl$usenofp       fz_ts.l(usenofp.o)
    0x40027ef0   0x00000010   Data   RO          240    .constdata          adtoweight.o
    0x40027f00   0x00000010   Data   RO          292    .constdata          calibstate.o
    0x40027f10   0x000000bc   Data   RO          332    .constdata          displayandkey.o
    0x40027fcc   0x00000004   Data   RO          354    .constdata          io.o
    0x40027fd0   0x00000208   Data   RO          418    .constdata          modbus.o
    0x400281d8   0x000002ec   Data   RO          441    .constdata          parameter.o
    0x400284c4   0x00002f46   Data   RO          467    .constdata          printstate.o
    0x4002b40a   0x00000060   Data   RO          486    .constdata          profibus_dp.o
    0x4002b46a   0x000000d0   Data   RO          508    .constdata          recipe.o
    0x4002b53a   0x00000002   PAD
    0x4002b53c   0x00000010   Data   RO          528    .constdata          runstate.o
    0x4002b54c   0x000000f8   Data   RO          569    .constdata          setupstate.o
    0x4002b644   0x00000344   Data   RO          610    .constdata          shutdownstate.o
    0x4002b988   0x00000044   Data   RO          661    .constdata          uart.o
    0x4002b9cc   0x0000003c   Data   RO          682    .constdata          ad.o
    0x4002ba08   0x00000050   Data   RO          683    .constdata          ad.o
    0x4002ba58   0x00000064   Data   RO          684    .constdata          ad.o
    0x4002babc   0x00000078   Data   RO          685    .constdata          ad.o
    0x4002bb34   0x0000008c   Data   RO          686    .constdata          ad.o
    0x4002bbc0   0x000000a0   Data   RO          687    .constdata          ad.o
    0x4002bc60   0x000000b4   Data   RO          688    .constdata          ad.o
    0x4002bd14   0x000000c8   Data   RO          689    .constdata          ad.o
    0x4002bddc   0x000000dc   Data   RO          690    .constdata          ad.o
    0x4002beb8   0x000000f0   Data   RO          691    .constdata          ad.o
    0x4002bfa8   0x000000f0   Data   RO          692    .constdata          ad.o
    0x4002c098   0x00000030   Data   RO          693    .constdata          ad.o
    0x4002c0c8   0x00000060   Data   RO          694    .constdata          ad.o
    0x4002c128   0x00000090   Data   RO          695    .constdata          ad.o
    0x4002c1b8   0x000000c0   Data   RO          696    .constdata          ad.o
    0x4002c278   0x000000f0   Data   RO          697    .constdata          ad.o
    0x4002c368   0x00000120   Data   RO          698    .constdata          ad.o
    0x4002c488   0x00000150   Data   RO          699    .constdata          ad.o
    0x4002c5d8   0x00000180   Data   RO          700    .constdata          ad.o
    0x4002c758   0x000001b0   Data   RO          701    .constdata          ad.o
    0x4002c908   0x000001e0   Data   RO          702    .constdata          ad.o
    0x4002cae8   0x00000060   Data   RO          703    .constdata          ad.o
    0x4002cb48   0x000000c0   Data   RO          704    .constdata          ad.o
    0x4002cc08   0x00000120   Data   RO          705    .constdata          ad.o
    0x4002cd28   0x00000180   Data   RO          706    .constdata          ad.o
    0x4002cea8   0x000001e0   Data   RO          707    .constdata          ad.o
    0x4002d088   0x00000240   Data   RO          708    .constdata          ad.o
    0x4002d2c8   0x000002a0   Data   RO          709    .constdata          ad.o
    0x4002d568   0x00000300   Data   RO          710    .constdata          ad.o
    0x4002d868   0x00000360   Data   RO          711    .constdata          ad.o
    0x4002dbc8   0x000003c0   Data   RO          712    .constdata          ad.o
    0x4002df88   0x000000a5   Data   RO          827    .constdata          vfd.o
    0x4002e02d   0x00000003   PAD
    0x4002e030   0x00000020   Data   RO         1538    Region$$Table       anon$$obj.o


==============================================================================

Image component sizes


      Code (inc. data)   RO Data    RW Data    ZI Data      Debug   Object Name

        48          0          0          0          0        968   71x_apb.o
       372          8          0          0          0       3224   71x_eic.o
       336          0          0          0          0       2455   71x_gpio.o
       244         16          0          0          0       3590   71x_it.o
      1152         20          0          0          0       6479   71x_rccu.o
       780          4          0          0          0       5724   71x_tim.o
       972          8          0          0          0       6506   71x_uart.o
      1472         84       9660        152       1920       6888   ad.o
      4408         88          0        192        792      11070   adaptation.o
      3012        120         16        108       1932       7311   adtoweight.o
       300         40          0          8          0       1096   batchstate.o
       412         36          0         12          0       2270   buzzer.o
      3664        200         16         32         28       5149   calibstate.o
        32          0          0          0          0        260   dabt.o
      2812        144          0         16        100       4170   debugstate.o
      5420        808        188         49          0       9389   displayandkey.o
      2252          4          0          0          0       5767   f_ram.o
        32          0          0          0          0        260   fiq.o
     10164        376          4        114        468      15789   io.o
       720          8          0          0          0        404   irq.o
      1036          8          0          0         28       2495   kalman.o
      2412        156          0         41          0      29253   main.o
       640          0          0          8        968       1985   mathlogic.o
     26336        880        520         92          0      24319   modbus.o
        32          0          0          0          0        260   pabt.o
      5464        572        748          8         28       7955   parameter.o
      9704        376      12102         32          0      14386   printstate.o
     13436        532         96         41          0      10899   profibus_dp.o
      3816        240        208         16        184       6792   recipe.o
      1552         12          0         33          0       5626   rtc.o
     11276        460         16         92        560      18119   runstate.o
      4920        332        248         12        208       8344   setupstate.o
      3916        192        836         60          0       7070   shutdownstate.o
      2356        228          0         12         24       3357   stopandrunstate.o
       512        208          0          0       1288        636   str71x.o
      2708        192          0         48        168       4397   sum.o
        28          0          0          0          0        260   swi.o
       868         72          0          7          0       1800   timeanddate.o
      1080         64          0         12          0       1886   timer.o
      5488        188         68         15        540      10275   uart.o
        28          0          0          0          0        260   undef.o
      1100          4          0          0          0       4124   userlib.o
      2712         40        165         18         22       9203   vfd.o

    ----------------------------------------------------------------------
    140024       6720      24928       1252       9260     272470   Object Totals
         0          0         32          0          0          0   (incl. Generated)
         0          0          5         22          2          0   (incl. Padding)

    ----------------------------------------------------------------------

      Code (inc. data)   RO Data    RW Data    ZI Data      Debug   Library Member Name

        92          0          0          0          0          0   __dczerorl2.o
         8          0          0          0          0         68   __main.o
         0          0          0          0          0          0   __rtentry.o
        44          4          0          0          0          0   __rtentry2.o
         8          0          0          0          0          0   __rtentry4.o
        60          8          0          0          0          0   __scatter.o
        44          0          0          0          0          0   __scatter_zi.o
        16          0          0          0          0         68   aeabi_memset.o
       420          0          0          0          0        148   aeabi_sdiv.o
        12          0          0          0          0         64   exit.o
         6          0          0          0          0        136   heapauxi.o
         0          0          0          0          0          0   indicate_semi.o
        10          0          0          0          0          0   libinit.o
        16          0          0          0          0          0   libinit2.o
        12          0          0          0          0          0   libshutdown.o
         6          0          0          0          0          0   libshutdown2.o
        12          4          0          0         96         68   libspace.o
        84          0          0          0          0         84   llsdiv.o
       720         64          0          0          0        156   lludiv.o
       136         18          0          0        228        156   rand.o
        64          0          0          0          0         68   rt_memclr.o
        84          0          0          0          0         80   rt_memclr_w.o
       212          0          0          0          0         68   rt_memcpy.o
       100          0          0          0          0         80   rt_memcpy_w.o
         8          0          0          0          0          0   rtexit.o
        12          0          0          0          0          0   rtexit2.o
        20          4          0          0          0         60   sys_exit.o
        96          0          0          0          0         80   sys_stackheap_outer.o
         4          0          0          0          0         68   use_no_semi.o
       920         16          0          0          0        292   daddsub_noclz.o
       736        140          0          0          0        228   ddiv.o
       112          4          0          0          0         92   dfix.o
       112          4          0          0          0         92   dfixu.o
       100          0          0          0          0        136   dflt_noclz.o
       384         16          0          0          0        124   dmul.o
       192          0          0          0          0        108   dnaninf.o
        16          0          0          0          0         68   dretinf.o
       100          4          0          0          0         84   f2d.o
       520          8          0          0          0        236   faddsub_noclz.o
        12          4          0          0          0         68   fcheck1.o
        28          0          0          0          0         68   fcmpi.o
       400         76          0          0          0         96   fdiv.o
        68          4          0          0          0         84   ffix.o
        84          4          0          0          0         84   ffixu.o
       100          0          0          0          0        136   fflt_noclz.o
       132          4          0          0          0         84   fleqf.o
       256          4          0          0          0         84   fmul.o
       168          0          0          0          0         96   fnaninf.o
        16          0          0          0          0         68   fretinf.o
       124          0          0          0          0         68   frleqf.o
       116          0          0          0          0         68   retnan.o
        92          0          0          0          0         68   scalbnf.o
        60          0          0          0          0         68   trapv.o
         0          0          0          0          0          0   usenofp.o

    ----------------------------------------------------------------------
      7160        390          0          0        328       4052   Library Totals
         6          0          0          0          4          0   (incl. Padding)

    ----------------------------------------------------------------------

      Code (inc. data)   RO Data    RW Data    ZI Data      Debug   Library Name

      2306        102          0          0        324       1452   c_t.l
      4848        288          0          0          0       2600   fz_ts.l

    ----------------------------------------------------------------------
      7160        390          0          0        328       4052   Library Totals

    ----------------------------------------------------------------------

==============================================================================


      Code (inc. data)   RO Data    RW Data    ZI Data      Debug   

    147184       7110      24928       1252       9588     270198   Grand Totals
    147184       7110      24928        188       9588     270198   ELF Image Totals (compressed)
    147184       7110      24928        188          0          0   ROM Totals

==============================================================================

    Total RO  Size (Code + RO Data)               172112 ( 168.08kB)
    Total RW  Size (RW Data + ZI Data)             10840 (  10.59kB)
    Total ROM Size (Code + RO Data + RW Data)     172300 ( 168.26kB)

==============================================================================

